../Drivers/BSP/Components/lsm6dso16is/lsm6dso16is_reg.c:48:16:lsm6dso16is_read_reg	40	static
../Drivers/BSP/Components/lsm6dso16is/lsm6dso16is_reg.c:69:16:lsm6dso16is_write_reg	40	static
../Drivers/BSP/Components/lsm6dso16is/lsm6dso16is_reg.c:92:9:lsm6dso16is_from_fs2g_to_mg	16	static
../Drivers/BSP/Components/lsm6dso16is/lsm6dso16is_reg.c:97:9:lsm6dso16is_from_fs4g_to_mg	16	static
../Drivers/BSP/Components/lsm6dso16is/lsm6dso16is_reg.c:102:9:lsm6dso16is_from_fs8g_to_mg	16	static
../Drivers/BSP/Components/lsm6dso16is/lsm6dso16is_reg.c:107:9:lsm6dso16is_from_fs16g_to_mg	16	static
../Drivers/BSP/Components/lsm6dso16is/lsm6dso16is_reg.c:112:9:lsm6dso16is_from_fs125dps_to_mdps	16	static
../Drivers/BSP/Components/lsm6dso16is/lsm6dso16is_reg.c:117:9:lsm6dso16is_from_fs250dps_to_mdps	16	static
../Drivers/BSP/Components/lsm6dso16is/lsm6dso16is_reg.c:122:9:lsm6dso16is_from_fs500dps_to_mdps	16	static
../Drivers/BSP/Components/lsm6dso16is/lsm6dso16is_reg.c:127:9:lsm6dso16is_from_fs1000dps_to_mdps	16	static
../Drivers/BSP/Components/lsm6dso16is/lsm6dso16is_reg.c:132:9:lsm6dso16is_from_fs2000dps_to_mdps	16	static
../Drivers/BSP/Components/lsm6dso16is/lsm6dso16is_reg.c:137:9:lsm6dso16is_from_lsb_to_celsius	16	static
../Drivers/BSP/Components/lsm6dso16is/lsm6dso16is_reg.c:159:9:lsm6dso16is_odr_cal_reg_set	24	static
../Drivers/BSP/Components/lsm6dso16is/lsm6dso16is_reg.c:187:9:lsm6dso16is_odr_cal_reg_get	24	static
../Drivers/BSP/Components/lsm6dso16is/lsm6dso16is_reg.c:207:9:lsm6dso16is_mem_bank_set	24	static
../Drivers/BSP/Components/lsm6dso16is/lsm6dso16is_reg.c:228:9:lsm6dso16is_mem_bank_get	24	static
../Drivers/BSP/Components/lsm6dso16is/lsm6dso16is_reg.c:259:9:lsm6dso16is_data_ready_mode_set	24	static
../Drivers/BSP/Components/lsm6dso16is/lsm6dso16is_reg.c:284:9:lsm6dso16is_data_ready_mode_get	24	static
../Drivers/BSP/Components/lsm6dso16is/lsm6dso16is_reg.c:317:9:lsm6dso16is_device_id_get	24	static
../Drivers/BSP/Components/lsm6dso16is/lsm6dso16is_reg.c:333:9:lsm6dso16is_software_reset	24	static
../Drivers/BSP/Components/lsm6dso16is/lsm6dso16is_reg.c:364:9:lsm6dso16is_boot_set	24	static
../Drivers/BSP/Components/lsm6dso16is/lsm6dso16is_reg.c:388:9:lsm6dso16is_boot_get	24	static
../Drivers/BSP/Components/lsm6dso16is/lsm6dso16is_reg.c:407:9:lsm6dso16is_xl_hm_mode_set	24	static
../Drivers/BSP/Components/lsm6dso16is/lsm6dso16is_reg.c:431:9:lsm6dso16is_xl_hm_mode_get	24	static
../Drivers/BSP/Components/lsm6dso16is/lsm6dso16is_reg.c:463:9:lsm6dso16is_xl_full_scale_set	24	static
../Drivers/BSP/Components/lsm6dso16is/lsm6dso16is_reg.c:488:9:lsm6dso16is_xl_full_scale_get	24	static
../Drivers/BSP/Components/lsm6dso16is/lsm6dso16is_reg.c:529:9:lsm6dso16is_xl_data_rate_set	24	static
../Drivers/BSP/Components/lsm6dso16is/lsm6dso16is_reg.c:563:9:lsm6dso16is_xl_data_rate_get	32	static
../Drivers/BSP/Components/lsm6dso16is/lsm6dso16is_reg.c:679:9:lsm6dso16is_gy_hm_mode_set	24	static
../Drivers/BSP/Components/lsm6dso16is/lsm6dso16is_reg.c:703:9:lsm6dso16is_gy_hm_mode_get	24	static
../Drivers/BSP/Components/lsm6dso16is/lsm6dso16is_reg.c:735:9:lsm6dso16is_gy_full_scale_set	24	static
../Drivers/BSP/Components/lsm6dso16is/lsm6dso16is_reg.c:761:9:lsm6dso16is_gy_full_scale_get	24	static
../Drivers/BSP/Components/lsm6dso16is/lsm6dso16is_reg.c:806:9:lsm6dso16is_gy_data_rate_set	24	static
../Drivers/BSP/Components/lsm6dso16is/lsm6dso16is_reg.c:840:9:lsm6dso16is_gy_data_rate_get	32	static
../Drivers/BSP/Components/lsm6dso16is/lsm6dso16is_reg.c:952:9:lsm6dso16is_auto_increment_set	24	static
../Drivers/BSP/Components/lsm6dso16is/lsm6dso16is_reg.c:976:9:lsm6dso16is_auto_increment_get	24	static
../Drivers/BSP/Components/lsm6dso16is/lsm6dso16is_reg.c:996:9:lsm6dso16is_block_data_update_set	24	static
../Drivers/BSP/Components/lsm6dso16is/lsm6dso16is_reg.c:1020:9:lsm6dso16is_block_data_update_get	24	static
../Drivers/BSP/Components/lsm6dso16is/lsm6dso16is_reg.c:1040:9:lsm6dso16is_sleep_set	24	static
../Drivers/BSP/Components/lsm6dso16is/lsm6dso16is_reg.c:1064:9:lsm6dso16is_sleep_get	24	static
../Drivers/BSP/Components/lsm6dso16is/lsm6dso16is_reg.c:1096:9:lsm6dso16is_xl_self_test_set	24	static
../Drivers/BSP/Components/lsm6dso16is/lsm6dso16is_reg.c:1121:9:lsm6dso16is_xl_self_test_get	24	static
../Drivers/BSP/Components/lsm6dso16is/lsm6dso16is_reg.c:1158:9:lsm6dso16is_gy_self_test_set	24	static
../Drivers/BSP/Components/lsm6dso16is/lsm6dso16is_reg.c:1183:9:lsm6dso16is_gy_self_test_get	24	static
../Drivers/BSP/Components/lsm6dso16is/lsm6dso16is_reg.c:1226:9:lsm6dso16is_ui_sdo_pull_up_set	24	static
../Drivers/BSP/Components/lsm6dso16is/lsm6dso16is_reg.c:1250:9:lsm6dso16is_ui_sdo_pull_up_get	24	static
../Drivers/BSP/Components/lsm6dso16is/lsm6dso16is_reg.c:1270:9:lsm6dso16is_spi_mode_set	24	static
../Drivers/BSP/Components/lsm6dso16is/lsm6dso16is_reg.c:1294:9:lsm6dso16is_spi_mode_get	24	static
../Drivers/BSP/Components/lsm6dso16is/lsm6dso16is_reg.c:1326:9:lsm6dso16is_ui_i2c_mode_set	24	static
../Drivers/BSP/Components/lsm6dso16is/lsm6dso16is_reg.c:1350:9:lsm6dso16is_ui_i2c_mode_get	24	static
../Drivers/BSP/Components/lsm6dso16is/lsm6dso16is_reg.c:1393:9:lsm6dso16is_timestamp_set	24	static
../Drivers/BSP/Components/lsm6dso16is/lsm6dso16is_reg.c:1417:9:lsm6dso16is_timestamp_get	24	static
../Drivers/BSP/Components/lsm6dso16is/lsm6dso16is_reg.c:1437:9:lsm6dso16is_timestamp_raw_get	24	static
../Drivers/BSP/Components/lsm6dso16is/lsm6dso16is_reg.c:1465:9:lsm6dso16is_all_sources_get	32	static
../Drivers/BSP/Components/lsm6dso16is/lsm6dso16is_reg.c:1505:9:lsm6dso16is_status_reg_get	24	static
../Drivers/BSP/Components/lsm6dso16is/lsm6dso16is_reg.c:1522:9:lsm6dso16is_xl_flag_data_ready_get	24	static
../Drivers/BSP/Components/lsm6dso16is/lsm6dso16is_reg.c:1542:9:lsm6dso16is_gy_flag_data_ready_get	24	static
../Drivers/BSP/Components/lsm6dso16is/lsm6dso16is_reg.c:1562:9:lsm6dso16is_temp_flag_data_ready_get	24	static
../Drivers/BSP/Components/lsm6dso16is/lsm6dso16is_reg.c:1582:9:lsm6dso16is_temperature_raw_get	24	static
../Drivers/BSP/Components/lsm6dso16is/lsm6dso16is_reg.c:1602:9:lsm6dso16is_angular_rate_raw_get	32	static
../Drivers/BSP/Components/lsm6dso16is/lsm6dso16is_reg.c:1626:9:lsm6dso16is_acceleration_raw_get	32	static
../Drivers/BSP/Components/lsm6dso16is/lsm6dso16is_reg.c:1661:9:lsm6dso16is_pin_int1_route_set	32	static
../Drivers/BSP/Components/lsm6dso16is/lsm6dso16is_reg.c:1693:9:lsm6dso16is_pin_int1_route_get	32	static
../Drivers/BSP/Components/lsm6dso16is/lsm6dso16is_reg.c:1721:9:lsm6dso16is_pin_int2_route_set	32	static
../Drivers/BSP/Components/lsm6dso16is/lsm6dso16is_reg.c:1753:9:lsm6dso16is_pin_int2_route_get	32	static
../Drivers/BSP/Components/lsm6dso16is/lsm6dso16is_reg.c:1782:9:lsm6dso16is_int_pin_mode_set	24	static
../Drivers/BSP/Components/lsm6dso16is/lsm6dso16is_reg.c:1807:9:lsm6dso16is_int_pin_mode_get	24	static
../Drivers/BSP/Components/lsm6dso16is/lsm6dso16is_reg.c:1840:9:lsm6dso16is_pin_polarity_set	24	static
../Drivers/BSP/Components/lsm6dso16is/lsm6dso16is_reg.c:1865:9:lsm6dso16is_pin_polarity_get	24	static
../Drivers/BSP/Components/lsm6dso16is/lsm6dso16is_reg.c:1911:9:lsm6dso16is_sh_read_data_raw_get	32	static
../Drivers/BSP/Components/lsm6dso16is/lsm6dso16is_reg.c:1931:9:lsm6dso16is_sh_slave_connected_set	24	static
../Drivers/BSP/Components/lsm6dso16is/lsm6dso16is_reg.c:1958:9:lsm6dso16is_sh_slave_connected_get	24	static
../Drivers/BSP/Components/lsm6dso16is/lsm6dso16is_reg.c:2003:9:lsm6dso16is_sh_master_set	24	static
../Drivers/BSP/Components/lsm6dso16is/lsm6dso16is_reg.c:2029:9:lsm6dso16is_sh_master_get	24	static
../Drivers/BSP/Components/lsm6dso16is/lsm6dso16is_reg.c:2053:9:lsm6dso16is_sh_master_interface_pull_up_set	24	static
../Drivers/BSP/Components/lsm6dso16is/lsm6dso16is_reg.c:2079:9:lsm6dso16is_sh_master_interface_pull_up_get	24	static
../Drivers/BSP/Components/lsm6dso16is/lsm6dso16is_reg.c:2104:9:lsm6dso16is_sh_pass_through_set	24	static
../Drivers/BSP/Components/lsm6dso16is/lsm6dso16is_reg.c:2130:9:lsm6dso16is_sh_pass_through_get	24	static
../Drivers/BSP/Components/lsm6dso16is/lsm6dso16is_reg.c:2152:9:lsm6dso16is_sh_syncro_mode_set	24	static
../Drivers/BSP/Components/lsm6dso16is/lsm6dso16is_reg.c:2179:9:lsm6dso16is_sh_syncro_mode_get	24	static
../Drivers/BSP/Components/lsm6dso16is/lsm6dso16is_reg.c:2216:9:lsm6dso16is_sh_write_mode_set	24	static
../Drivers/BSP/Components/lsm6dso16is/lsm6dso16is_reg.c:2243:9:lsm6dso16is_sh_write_mode_get	24	static
../Drivers/BSP/Components/lsm6dso16is/lsm6dso16is_reg.c:2280:9:lsm6dso16is_sh_reset_set	24	static
../Drivers/BSP/Components/lsm6dso16is/lsm6dso16is_reg.c:2306:9:lsm6dso16is_sh_reset_get	24	static
../Drivers/BSP/Components/lsm6dso16is/lsm6dso16is_reg.c:2333:9:lsm6dso16is_sh_cfg_write	24	static
../Drivers/BSP/Components/lsm6dso16is/lsm6dso16is_reg.c:2368:9:lsm6dso16is_sh_data_rate_set	24	static
../Drivers/BSP/Components/lsm6dso16is/lsm6dso16is_reg.c:2395:9:lsm6dso16is_sh_data_rate_get	24	static
../Drivers/BSP/Components/lsm6dso16is/lsm6dso16is_reg.c:2443:9:lsm6dso16is_sh_slv_cfg_read	40	static
../Drivers/BSP/Components/lsm6dso16is/lsm6dso16is_reg.c:2485:9:lsm6dso16is_sh_status_get	24	static
../Drivers/BSP/Components/lsm6dso16is/lsm6dso16is_reg.c:2514:9:lsm6dso16is_ispu_reset_set	24	static
../Drivers/BSP/Components/lsm6dso16is/lsm6dso16is_reg.c:2538:9:lsm6dso16is_ispu_reset_get	24	static
../Drivers/BSP/Components/lsm6dso16is/lsm6dso16is_reg.c:2551:9:lsm6dso16is_ispu_clock_set	24	static
../Drivers/BSP/Components/lsm6dso16is/lsm6dso16is_reg.c:2568:9:lsm6dso16is_ispu_clock_get	24	static
../Drivers/BSP/Components/lsm6dso16is/lsm6dso16is_reg.c:2600:9:lsm6dso16is_ispu_data_rate_set	24	static
../Drivers/BSP/Components/lsm6dso16is/lsm6dso16is_reg.c:2627:9:lsm6dso16is_ispu_data_rate_get	24	static
../Drivers/BSP/Components/lsm6dso16is/lsm6dso16is_reg.c:2696:9:lsm6dso16is_ispu_bdu_set	24	static
../Drivers/BSP/Components/lsm6dso16is/lsm6dso16is_reg.c:2720:9:lsm6dso16is_ispu_bdu_get	24	static
../Drivers/BSP/Components/lsm6dso16is/lsm6dso16is_reg.c:2760:9:lsm6dso16is_ia_ispu_get	24	static
../Drivers/BSP/Components/lsm6dso16is/lsm6dso16is_reg.c:2785:9:lsm6dso16is_ispu_write_dummy_cfg	32	static
../Drivers/BSP/Components/lsm6dso16is/lsm6dso16is_reg.c:2811:9:lsm6dso16is_ispu_read_dummy_cfg	32	static
../Drivers/BSP/Components/lsm6dso16is/lsm6dso16is_reg.c:2835:9:lsm6dso16is_ispu_boot_set	24	static
../Drivers/BSP/Components/lsm6dso16is/lsm6dso16is_reg.c:2865:9:lsm6dso16is_ispu_boot_get	24	static
../Drivers/BSP/Components/lsm6dso16is/lsm6dso16is_reg.c:2897:9:lsm6dso16is_ispu_int_latched_set	24	static
../Drivers/BSP/Components/lsm6dso16is/lsm6dso16is_reg.c:2926:9:lsm6dso16is_ispu_int_latched_get	24	static
../Drivers/BSP/Components/lsm6dso16is/lsm6dso16is_reg.c:2963:9:lsm6dso16is_ispu_get_boot_status	24	static
../Drivers/BSP/Components/lsm6dso16is/lsm6dso16is_reg.c:2979:16:lsm6dso16is_ispu_sel_memory_addr	24	static
../Drivers/BSP/Components/lsm6dso16is/lsm6dso16is_reg.c:3005:9:lsm6dso16is_ispu_write_memory	56	static
../Drivers/BSP/Components/lsm6dso16is/lsm6dso16is_reg.c:3085:9:lsm6dso16is_ispu_read_memory	40	static
../Drivers/BSP/Components/lsm6dso16is/lsm6dso16is_reg.c:3134:9:lsm6dso16is_ispu_write_flags	32	static
../Drivers/BSP/Components/lsm6dso16is/lsm6dso16is_reg.c:3165:9:lsm6dso16is_ispu_read_flags	24	static
../Drivers/BSP/Components/lsm6dso16is/lsm6dso16is_reg.c:3191:9:lsm6dso16is_ispu_clear_flags	24	static
../Drivers/BSP/Components/lsm6dso16is/lsm6dso16is_reg.c:3215:9:lsm6dso16is_ispu_read_data_raw_get	32	static
../Drivers/BSP/Components/lsm6dso16is/lsm6dso16is_reg.c:3241:9:lsm6dso16is_ispu_int1_ctrl_get	24	static
../Drivers/BSP/Components/lsm6dso16is/lsm6dso16is_reg.c:3271:9:lsm6dso16is_ispu_int1_ctrl_set	40	static
../Drivers/BSP/Components/lsm6dso16is/lsm6dso16is_reg.c:3313:9:lsm6dso16is_ispu_int2_ctrl_get	24	static
../Drivers/BSP/Components/lsm6dso16is/lsm6dso16is_reg.c:3343:9:lsm6dso16is_ispu_int2_ctrl_set	40	static
../Drivers/BSP/Components/lsm6dso16is/lsm6dso16is_reg.c:3385:9:lsm6dso16is_ispu_int_status_get	24	static
../Drivers/BSP/Components/lsm6dso16is/lsm6dso16is_reg.c:3415:9:lsm6dso16is_ispu_algo_get	24	static
../Drivers/BSP/Components/lsm6dso16is/lsm6dso16is_reg.c:3445:9:lsm6dso16is_ispu_algo_set	40	static
