Archive member included to satisfy reference by file (symbol)

app/libapp.a(main.c.obj)      (--whole-archive)
zephyr/libzephyr.a(heap.c.obj)
                              (--whole-archive)
zephyr/libzephyr.a(cbprintf_packaged.c.obj)
                              (--whole-archive)
zephyr/libzephyr.a(printk.c.obj)
                              (--whole-archive)
zephyr/libzephyr.a(sem.c.obj)
                              (--whole-archive)
zephyr/libzephyr.a(thread_entry.c.obj)
                              (--whole-archive)
zephyr/libzephyr.a(cbprintf_complete.c.obj)
                              (--whole-archive)
zephyr/libzephyr.a(assert.c.obj)
                              (--whole-archive)
zephyr/libzephyr.a(reboot.c.obj)
                              (--whole-archive)
zephyr/libzephyr.a(dec.c.obj)
                              (--whole-archive)
zephyr/libzephyr.a(hex.c.obj)
                              (--whole-archive)
zephyr/libzephyr.a(rb.c.obj)  (--whole-archive)
zephyr/libzephyr.a(timeutil.c.obj)
                              (--whole-archive)
zephyr/libzephyr.a(bitarray.c.obj)
                              (--whole-archive)
zephyr/libzephyr.a(configs.c.obj)
                              (--whole-archive)
zephyr/libzephyr.a(soc.c.obj)
                              (--whole-archive)
zephyr/libzephyr.a(stm32cube_hal.c.obj)
                              (--whole-archive)
zephyr/libzephyr.a(soc_config.c.obj)
                              (--whole-archive)
zephyr/libzephyr.a(thread_info.c.obj)
                              (--whole-archive)
zephyr/libzephyr.a(log_core.c.obj)
                              (--whole-archive)
zephyr/libzephyr.a(log_mgmt.c.obj)
                              (--whole-archive)
zephyr/libzephyr.a(log_cache.c.obj)
                              (--whole-archive)
zephyr/libzephyr.a(log_msg.c.obj)
                              (--whole-archive)
zephyr/libzephyr.a(log_output.c.obj)
                              (--whole-archive)
zephyr/libzephyr.a(log_backend_uart.c.obj)
                              (--whole-archive)
zephyr/libzephyr.a(mem_attr.c.obj)
                              (--whole-archive)
zephyr/libzephyr.a(tracing_none.c.obj)
                              (--whole-archive)
zephyr/arch/common/libarch__common.a(sw_isr_common.c.obj)
                              (--whole-archive)
zephyr/arch/arch/arm/core/libarch__arm__core.a(fatal.c.obj)
                              (--whole-archive)
zephyr/arch/arch/arm/core/libarch__arm__core.a(nmi.c.obj)
                              (--whole-archive)
zephyr/arch/arch/arm/core/libarch__arm__core.a(nmi_on_reset.S.obj)
                              (--whole-archive)
zephyr/arch/arch/arm/core/libarch__arm__core.a(tls.c.obj)
                              (--whole-archive)
zephyr/arch/arch/arm/core/cortex_m/libarch__arm__core__cortex_m.a(exc_exit.S.obj)
                              (--whole-archive)
zephyr/arch/arch/arm/core/cortex_m/libarch__arm__core__cortex_m.a(fault.c.obj)
                              (--whole-archive)
zephyr/arch/arch/arm/core/cortex_m/libarch__arm__core__cortex_m.a(fault_s.S.obj)
                              (--whole-archive)
zephyr/arch/arch/arm/core/cortex_m/libarch__arm__core__cortex_m.a(fpu.c.obj)
                              (--whole-archive)
zephyr/arch/arch/arm/core/cortex_m/libarch__arm__core__cortex_m.a(reset.S.obj)
                              (--whole-archive)
zephyr/arch/arch/arm/core/cortex_m/libarch__arm__core__cortex_m.a(scb.c.obj)
                              (--whole-archive)
zephyr/arch/arch/arm/core/cortex_m/libarch__arm__core__cortex_m.a(thread_abort.c.obj)
                              (--whole-archive)
zephyr/arch/arch/arm/core/cortex_m/libarch__arm__core__cortex_m.a(vector_table.S.obj)
                              (--whole-archive)
zephyr/arch/arch/arm/core/cortex_m/libarch__arm__core__cortex_m.a(swap.c.obj)
                              (--whole-archive)
zephyr/arch/arch/arm/core/cortex_m/libarch__arm__core__cortex_m.a(swap_helper.S.obj)
                              (--whole-archive)
zephyr/arch/arch/arm/core/cortex_m/libarch__arm__core__cortex_m.a(irq_manage.c.obj)
                              (--whole-archive)
zephyr/arch/arch/arm/core/cortex_m/libarch__arm__core__cortex_m.a(prep_c.c.obj)
                              (--whole-archive)
zephyr/arch/arch/arm/core/cortex_m/libarch__arm__core__cortex_m.a(thread.c.obj)
                              (--whole-archive)
zephyr/arch/arch/arm/core/cortex_m/libarch__arm__core__cortex_m.a(cpu_idle.S.obj)
                              (--whole-archive)
zephyr/arch/arch/arm/core/cortex_m/libarch__arm__core__cortex_m.a(irq_init.c.obj)
                              (--whole-archive)
zephyr/arch/arch/arm/core/cortex_m/libarch__arm__core__cortex_m.a(isr_wrapper.S.obj)
                              (--whole-archive)
zephyr/arch/arch/arm/core/cortex_m/libarch__arm__core__cortex_m.a(__aeabi_read_tp.S.obj)
                              (--whole-archive)
[...]
Memory Configuration

Name             Origin             Length             Attributes
FLASH            0x0000000008000000 0x0000000000080000 xr
RAM              0x0000000020000000 0x0000000000020000 xw
IDT_LIST         0x00000000ffff7fff 0x0000000000008000 xw
*default*        0x0000000000000000 0xffffffffffffffff

Linker script and memory map

                0x00000000080047b0                vfprintf = __l_vfprintf
                0x0000000000000000                vfscanf = __l_vfscanf
LOAD zephyr/CMakeFiles/zephyr_pre0.dir/misc/empty_file.c.obj
LOAD zephyr/CMakeFiles/offsets.dir/./arch/arm/core/offsets/offsets.c.obj
LOAD app/libapp.a
LOAD zephyr/libzephyr.a
LOAD zephyr/arch/common/libarch__common.a
LOAD zephyr/arch/arch/arm/core/libarch__arm__core.a
LOAD zephyr/arch/arch/arm/core/cortex_m/libarch__arm__core__cortex_m.a
LOAD zephyr/arch/arch/arm/core/mpu/libarch__arm__core__mpu.a
LOAD zephyr/lib/libc/picolibc/liblib__libc__picolibc.a
LOAD zephyr/lib/libc/common/liblib__libc__common.a
LOAD zephyr/drivers/interrupt_controller/libdrivers__interrupt_controller.a
LOAD zephyr/drivers/clock_control/libdrivers__clock_control.a
LOAD zephyr/drivers/console/libdrivers__console.a
LOAD zephyr/drivers/gpio/libdrivers__gpio.a
LOAD zephyr/drivers/led/libdrivers__led.a
LOAD zephyr/drivers/pinctrl/libdrivers__pinctrl.a
LOAD zephyr/drivers/pwm/libdrivers__pwm.a
LOAD zephyr/drivers/reset/libdrivers__reset.a
LOAD zephyr/drivers/serial/libdrivers__serial.a
LOAD zephyr/drivers/timer/libdrivers__timer.a
LOAD modules/stm32/stm32cube/lib..__modules__hal__stm32__stm32cube.a
LOAD zephyr/kernel/libkernel.a
LOAD /home/tim/.zephyr_ide/toolchains/zephyr-sdk-0.16.8/arm-zephyr-eabi/bin/../lib/gcc/arm-zephyr-eabi/12.2.0/thumb/v7e-m/nofp/libgcc.a
LOAD zephyr/arch/common/libisr_tables.a
LOAD /home/tim/.zephyr_ide/toolchains/zephyr-sdk-0.16.8/arm-zephyr-eabi/bin/../lib/gcc/../../picolibc/arm-zephyr-eabi/lib/thumb/v7e-m/nofp/libc.a
LOAD /home/tim/.zephyr_ide/toolchains/zephyr-sdk-0.16.8/arm-zephyr-eabi/bin/../lib/gcc/arm-zephyr-eabi/12.2.0/thumb/v7e-m/nofp/libgcc.a
                0x0000000000000020                _region_min_align = 0x20

.rel.plt        0x0000000008000000        0x0
 *(SORT_BY_ALIGNMENT(.rel.plt))
                [!provide]                        PROVIDE (__rel_iplt_start = .)
 *(SORT_BY_ALIGNMENT(.rel.iplt))
 .rel.iplt      0x0000000008000000        0x0 app/libapp.a(main.c.obj)
                [!provide]                        PROVIDE (__rel_iplt_end = .)

.rela.plt       0x0000000000000000        0x0
 *(SORT_BY_ALIGNMENT(.rela.plt))
                [!provide]                        PROVIDE (__rela_iplt_start = .)
 *(SORT_BY_ALIGNMENT(.rela.iplt))
                [!provide]                        PROVIDE (__rela_iplt_end = .)

.rel.dyn
 *(SORT_BY_ALIGNMENT(.rel.*))

.rela.dyn
 *(SORT_BY_ALIGNMENT(.rela.*))

/DISCARD/
 *(SORT_BY_ALIGNMENT(.plt))

/DISCARD/
 *(SORT_BY_ALIGNMENT(.iplt))
                0x0000000008000000                __rom_region_start = 0x8000000

rom_start       0x0000000008000000      0x198
                0x0000000008000000                __rom_start_address = .
 FILL mask 0x00
                0x0000000008000000                . = (. + (0x0 - (. - __rom_start_address)))
                0x0000000008000000                . = ALIGN (0x4)
                0x0000000008000000                . = ALIGN (0x80)
                0x0000000008000000                . = ALIGN (0x200)
                0x0000000008000000                _vector_start = .
 *(SORT_BY_ALIGNMENT(.exc_vector_table))
 *(SORT_BY_ALIGNMENT(.exc_vector_table.*))
 .exc_vector_table._vector_table_section
                0x0000000008000000       0x40 zephyr/arch/arch/arm/core/cortex_m/libarch__arm__core__cortex_m.a(vector_table.S.obj)
                0x0000000008000000                _vector_table
 *(SORT_BY_ALIGNMENT(.vectors))
                0x0000000008000198                _vector_end = .
                0x0000000008000040                . = ALIGN (0x4)
 *(SORT_BY_ALIGNMENT(.gnu.linkonce.irq_vector_table*))
 .gnu.linkonce.irq_vector_table
                0x0000000008000040      0x158 zephyr/arch/common/libisr_tables.a(isr_tables.c.obj)
                0x0000000008000040                _irq_vector_table
                0x0000000008000198                _vector_end = .

text            0x0000000008000198     0x61a8
                0x0000000008000198                __text_region_start = .
 *(SORT_BY_ALIGNMENT(.text))
 .text          0x0000000008000198       0x30 /home/tim/.zephyr_ide/toolchains/zephyr-sdk-0.16.8/arm-zephyr-eabi/bin/../lib/gcc/arm-zephyr-eabi/12.2.0/thumb/v7e-m/nofp/libgcc.a(_aeabi_uldivmod.o)
                0x0000000008000198                __aeabi_uldivmod
 .text          0x00000000080001c8        0x4 /home/tim/.zephyr_ide/toolchains/zephyr-sdk-0.16.8/arm-zephyr-eabi/bin/../lib/gcc/arm-zephyr-eabi/12.2.0/thumb/v7e-m/nofp/libgcc.a(_dvmd_tls.o)
                0x00000000080001c8                __aeabi_ldiv0
                0x00000000080001c8                __aeabi_idiv0
 .text          0x00000000080001cc      0x2a0 /home/tim/.zephyr_ide/toolchains/zephyr-sdk-0.16.8/arm-zephyr-eabi/bin/../lib/gcc/arm-zephyr-eabi/12.2.0/thumb/v7e-m/nofp/libgcc.a(_udivmoddi4.o)
                0x00000000080001cc                __udivmoddi4
 .text          0x000000000800046c       0x10 /home/tim/.zephyr_ide/toolchains/zephyr-sdk-0.16.8/arm-zephyr-eabi/bin/../lib/gcc/../../picolibc/arm-zephyr-eabi/lib/thumb/v7e-m/nofp/libc.a(strlen.S.o)
                0x000000000800046c                strlen
 *(SORT_BY_ALIGNMENT(.text.*))
 *fill*         0x000000000800047c        0x4 
 .text.pwm_set  0x0000000008000480       0x9c zephyr/drivers/led/libdrivers__led.a(led_pwm.c.obj)
 .text.run_led_test
                0x000000000800051c      0x22c app/libapp.a(main.c.obj)
 .text.main     0x0000000008000748       0x50 app/libapp.a(main.c.obj)
                0x0000000008000748                main
 .text.cbvprintf_package
                0x0000000008000798      0x4b8 zephyr/libzephyr.a(cbprintf_packaged.c.obj)
                0x0000000008000798                cbvprintf_package
 .text.__printk_hook_install
                0x0000000008000c50        0xc zephyr/libzephyr.a(printk.c.obj)
                0x0000000008000c50                __printk_hook_install
 .text.z_thread_entry
                0x0000000008000c5c       0x34 zephyr/libzephyr.a(thread_entry.c.obj)
                0x0000000008000c5c                z_thread_entry
 .text.st_stm32f4_init
                0x0000000008000c90       0x28 zephyr/libzephyr.a(soc.c.obj)
 .text.st_stm32_common_config
                0x0000000008000cb8       0x14 zephyr/libzephyr.a(soc_config.c.obj)
 .text.msg_process
                0x0000000008000ccc       0x3c zephyr/libzephyr.a(log_core.c.obj)
 .text.default_lf_get_timestamp
                0x0000000008000d08       0x48 zephyr/libzephyr.a(log_core.c.obj)
 .text.activate_foreach_backend
                0x0000000008000d50       0x64 zephyr/libzephyr.a(log_core.c.obj)
 .text.z_log_init
                0x0000000008000db4       0x98 zephyr/libzephyr.a(log_core.c.obj)
 .text.log_format_func_t_get
                0x0000000008000e4c        0xc zephyr/libzephyr.a(log_core.c.obj)
                0x0000000008000e4c                log_format_func_t_get
 .text.log_set_timestamp_func
                0x0000000008000e58       0x24 zephyr/libzephyr.a(log_core.c.obj)
                0x0000000008000e58                log_set_timestamp_func
 .text.log_core_init
                0x0000000008000e7c       0x2c zephyr/libzephyr.a(log_core.c.obj)
                0x0000000008000e7c                log_core_init
 .text.z_impl_log_panic
                0x0000000008000ea8       0x44 zephyr/libzephyr.a(log_core.c.obj)
                0x0000000008000ea8                z_impl_log_panic
 .text.z_log_notify_backend_enabled
                0x0000000008000eec        0xc zephyr/libzephyr.a(log_core.c.obj)
                0x0000000008000eec                z_log_notify_backend_enabled
 .text.z_log_dropped
                0x0000000008000ef8       0x40 zephyr/libzephyr.a(log_core.c.obj)
                0x0000000008000ef8                z_log_dropped
 .text.z_log_msg_commit
                0x0000000008000f38       0x20 zephyr/libzephyr.a(log_core.c.obj)
                0x0000000008000f38                z_log_msg_commit
 .text.log_src_cnt_get
                0x0000000008000f58       0x14 zephyr/libzephyr.a(log_mgmt.c.obj)
                0x0000000008000f58                log_src_cnt_get
 .text.log_source_name_get
                0x0000000008000f6c       0x1c zephyr/libzephyr.a(log_mgmt.c.obj)
                0x0000000008000f6c                log_source_name_get
 .text.log_backend_enable
                0x0000000008000f88       0x2c zephyr/libzephyr.a(log_mgmt.c.obj)
                0x0000000008000f88                log_backend_enable
 .text.print_formatted
                0x0000000008000fb4       0x24 zephyr/libzephyr.a(log_output.c.obj)
 .text.timestamp_print
                0x0000000008000fd8       0x8c zephyr/libzephyr.a(log_output.c.obj)
 .text.color_print
                0x0000000008001064       0x2c zephyr/libzephyr.a(log_output.c.obj)
 .text.ids_print
                0x0000000008001090       0x70 zephyr/libzephyr.a(log_output.c.obj)
 .text.prefix_print
                0x0000000008001100       0x88 zephyr/libzephyr.a(log_output.c.obj)
 .text.newline_print
                0x0000000008001188       0x28 zephyr/libzephyr.a(log_output.c.obj)
 .text.hexdump_line_print
                0x00000000080011b0       0xc4 zephyr/libzephyr.a(log_output.c.obj)
 .text.log_output_process
                0x0000000008001274       0x88 zephyr/libzephyr.a(log_output.c.obj)
                0x0000000008001274                log_output_process
 .text.log_output_msg_process
                0x00000000080012fc       0x70 zephyr/libzephyr.a(log_output.c.obj)
                0x00000000080012fc                log_output_msg_process
 .text.log_output_timestamp_freq_set
                0x000000000800136c       0x2c zephyr/libzephyr.a(log_output.c.obj)
                0x000000000800136c                log_output_timestamp_freq_set
 .text.char_out
                0x0000000008001398       0x24 zephyr/libzephyr.a(log_backend_uart.c.obj)
 .text.mem_attr_get_regions
                0x00000000080013bc        0xc zephyr/libzephyr.a(mem_attr.c.obj)
                0x00000000080013bc                mem_attr_get_regions
 .text.esf_dump
                0x00000000080013c8       0x94 zephyr/arch/arch/arm/core/libarch__arm__core.a(fatal.c.obj)
 .text.z_arm_nmi
                0x000000000800145c       0x14 zephyr/arch/arch/arm/core/libarch__arm__core.a(nmi.c.obj)
                0x000000000800145c                z_arm_nmi
 .text.z_SysNmiOnReset
                0x0000000008001470        0x8 zephyr/arch/arch/arm/core/libarch__arm__core.a(nmi_on_reset.S.obj)
                0x0000000008001470                z_SysNmiOnReset
 .text.z_tls_copy
                0x0000000008001478       0x38 zephyr/arch/arch/arm/core/libarch__arm__core.a(tls.c.obj)
 .text.arch_tls_stack_setup
                0x00000000080014b0       0x48 zephyr/arch/arch/arm/core/libarch__arm__core.a(tls.c.obj)
                0x00000000080014b0                arch_tls_stack_setup
 .text._HandlerModeExit
                0x00000000080014f8       0x1c zephyr/arch/arch/arm/core/cortex_m/libarch__arm__core__cortex_m.a(exc_exit.S.obj)
                0x00000000080014f8                z_arm_exc_exit
                0x00000000080014f8                z_arm_int_exit
 .text.z_arm_is_synchronous_svc
                0x0000000008001514       0x3c zephyr/arch/arch/arm/core/cortex_m/libarch__arm__core__cortex_m.a(fault.c.obj)
 .text.get_esf  0x0000000008001550       0x54 zephyr/arch/arch/arm/core/cortex_m/libarch__arm__core__cortex_m.a(fault.c.obj)
 .text.bus_fault
                0x00000000080015a4      0x164 zephyr/arch/arch/arm/core/cortex_m/libarch__arm__core__cortex_m.a(fault.c.obj)
 .text.usage_fault
                0x0000000008001708      0x120 zephyr/arch/arch/arm/core/cortex_m/libarch__arm__core__cortex_m.a(fault.c.obj)
 .text.debug_monitor
                0x0000000008001828       0x28 zephyr/arch/arch/arm/core/cortex_m/libarch__arm__core__cortex_m.a(fault.c.obj)
 .text.reserved_exception
                0x0000000008001850       0x40 zephyr/arch/arch/arm/core/cortex_m/libarch__arm__core__cortex_m.a(fault.c.obj)
 .text.mem_manage_fault
                0x0000000008001890      0x194 zephyr/arch/arch/arm/core/cortex_m/libarch__arm__core__cortex_m.a(fault.c.obj)
 .text.hard_fault
                0x0000000008001a24      0x108 zephyr/arch/arch/arm/core/cortex_m/libarch__arm__core__cortex_m.a(fault.c.obj)
 .text.z_arm_fault
                0x0000000008001b2c       0x88 zephyr/arch/arch/arm/core/cortex_m/libarch__arm__core__cortex_m.a(fault.c.obj)
                0x0000000008001b2c                z_arm_fault
 .text.z_arm_fault_init
                0x0000000008001bb4       0x10 zephyr/arch/arch/arm/core/cortex_m/libarch__arm__core__cortex_m.a(fault.c.obj)
                0x0000000008001bb4                z_arm_fault_init
 .text.__fault  0x0000000008001bc4       0x14 zephyr/arch/arch/arm/core/cortex_m/libarch__arm__core__cortex_m.a(fault_s.S.obj)
                0x0000000008001bc4                z_arm_bus_fault
                0x0000000008001bc4                z_arm_usage_fault
                0x0000000008001bc4                z_arm_mpu_fault
                0x0000000008001bc4                z_arm_exc_spurious
                0x0000000008001bc4                z_arm_debug_monitor
                0x0000000008001bc4                z_arm_hard_fault
 .text._reset_section
                0x0000000008001bd8       0x34 zephyr/arch/arch/arm/core/cortex_m/libarch__arm__core__cortex_m.a(reset.S.obj)
                0x0000000008001bd8                z_arm_reset
                0x0000000008001bd8                __start
 .text.z_impl_k_thread_abort
                0x0000000008001c0c       0x34 zephyr/arch/arch/arm/core/cortex_m/libarch__arm__core__cortex_m.a(thread_abort.c.obj)
                0x0000000008001c0c                z_impl_k_thread_abort
 .text.arch_swap
                0x0000000008001c40       0x34 zephyr/arch/arch/arm/core/cortex_m/libarch__arm__core__cortex_m.a(swap.c.obj)
                0x0000000008001c40                arch_swap
 .text.z_arm_pendsv
                0x0000000008001c74       0x68 zephyr/arch/arch/arm/core/cortex_m/libarch__arm__core__cortex_m.a(swap_helper.S.obj)
                0x0000000008001c74                z_arm_pendsv
 .text.z_arm_svc
                0x0000000008001cdc       0x20 zephyr/arch/arch/arm/core/cortex_m/libarch__arm__core__cortex_m.a(swap_helper.S.obj)
                0x0000000008001cdc                z_arm_svc
 .text.__NVIC_EnableIRQ
                0x0000000008001cfc       0x1c zephyr/arch/arch/arm/core/cortex_m/libarch__arm__core__cortex_m.a(irq_manage.c.obj)
 .text.__NVIC_SetPriority
                0x0000000008001d18       0x28 zephyr/arch/arch/arm/core/cortex_m/libarch__arm__core__cortex_m.a(irq_manage.c.obj)
 .text.z_prep_c
                0x0000000008001d40       0x48 zephyr/arch/arch/arm/core/cortex_m/libarch__arm__core__cortex_m.a(prep_c.c.obj)
                0x0000000008001d40                z_prep_c
 .text.arch_new_thread
                0x0000000008001d88       0x44 zephyr/arch/arch/arm/core/cortex_m/libarch__arm__core__cortex_m.a(thread.c.obj)
                0x0000000008001d88                arch_new_thread
 .text.z_check_thread_stack_fail
                0x0000000008001dcc       0x48 zephyr/arch/arch/arm/core/cortex_m/libarch__arm__core__cortex_m.a(thread.c.obj)
                0x0000000008001dcc                z_check_thread_stack_fail
 .text.arch_switch_to_main_thread
                0x0000000008001e14       0x38 zephyr/arch/arch/arm/core/cortex_m/libarch__arm__core__cortex_m.a(thread.c.obj)
                0x0000000008001e14                arch_switch_to_main_thread
 .text.z_arm_cpu_idle_init
                0x0000000008001e4c        0xc zephyr/arch/arch/arm/core/cortex_m/libarch__arm__core__cortex_m.a(cpu_idle.S.obj)
                0x0000000008001e4c                z_arm_cpu_idle_init
 .text.arch_cpu_idle
                0x0000000008001e58       0x1c zephyr/arch/arch/arm/core/cortex_m/libarch__arm__core__cortex_m.a(cpu_idle.S.obj)
                0x0000000008001e58                arch_cpu_idle
 .text.z_arm_interrupt_init
                0x0000000008001e74       0x34 zephyr/arch/arch/arm/core/cortex_m/libarch__arm__core__cortex_m.a(irq_init.c.obj)
                0x0000000008001e74                z_arm_interrupt_init
 .text._isr_wrapper
                0x0000000008001ea8       0x28 zephyr/arch/arch/arm/core/cortex_m/libarch__arm__core__cortex_m.a(isr_wrapper.S.obj)
                0x0000000008001ea8                _isr_wrapper
 .text.z_arm_configure_static_mpu_regions
                0x0000000008001ed0       0x1c zephyr/arch/arch/arm/core/mpu/libarch__arm__core__mpu.a(arm_core_mpu.c.obj)
                0x0000000008001ed0                z_arm_configure_static_mpu_regions
 .text.z_arm_configure_dynamic_mpu_regions
                0x0000000008001eec       0x24 zephyr/arch/arch/arm/core/mpu/libarch__arm__core__mpu.a(arm_core_mpu.c.obj)
                0x0000000008001eec                z_arm_configure_dynamic_mpu_regions
 .text.region_init
                0x0000000008001f10       0x28 zephyr/arch/arch/arm/core/mpu/libarch__arm__core__mpu.a(arm_mpu.c.obj)
 .text.region_allocate_and_init
                0x0000000008001f38       0x48 zephyr/arch/arch/arm/core/mpu/libarch__arm__core__mpu.a(arm_mpu.c.obj)
 .text.mpu_configure_regions
                0x0000000008001f80       0x70 zephyr/arch/arch/arm/core/mpu/libarch__arm__core__mpu.a(arm_mpu.c.obj)
 .text.mpu_configure_static_mpu_regions
                0x0000000008001ff0       0x14 zephyr/arch/arch/arm/core/mpu/libarch__arm__core__mpu.a(arm_mpu.c.obj)
 .text.mpu_configure_dynamic_mpu_regions
                0x0000000008002004       0x3c zephyr/arch/arch/arm/core/mpu/libarch__arm__core__mpu.a(arm_mpu.c.obj)
 .text.mpu_configure_regions_from_dt
                0x0000000008002040      0x1d0 zephyr/arch/arch/arm/core/mpu/libarch__arm__core__mpu.a(arm_mpu.c.obj)
 .text.arm_core_mpu_enable
                0x0000000008002210       0x18 zephyr/arch/arch/arm/core/mpu/libarch__arm__core__mpu.a(arm_mpu.c.obj)
                0x0000000008002210                arm_core_mpu_enable
 .text.arm_core_mpu_disable
                0x0000000008002228       0x14 zephyr/arch/arch/arm/core/mpu/libarch__arm__core__mpu.a(arm_mpu.c.obj)
                0x0000000008002228                arm_core_mpu_disable
 .text.z_arm_mpu_init
                0x000000000800223c       0x80 zephyr/arch/arch/arm/core/mpu/libarch__arm__core__mpu.a(arm_mpu.c.obj)
                0x000000000800223c                z_arm_mpu_init
 .text.z_impl_zephyr_fputc
                0x00000000080022bc       0x10 zephyr/lib/libc/picolibc/liblib__libc__picolibc.a(libc-hooks.c.obj)
                0x00000000080022bc                z_impl_zephyr_fputc
 .text.__stdout_hook_install
                0x00000000080022cc       0x18 zephyr/lib/libc/picolibc/liblib__libc__picolibc.a(libc-hooks.c.obj)
                0x00000000080022cc                __stdout_hook_install
 .text.cbvprintf
                0x00000000080022e4       0x34 zephyr/lib/libc/picolibc/liblib__libc__picolibc.a(libc-hooks.c.obj)
                0x00000000080022e4                cbvprintf
 .text.malloc_prepare
                0x0000000008002318       0x24 zephyr/lib/libc/common/liblib__libc__common.a(malloc.c.obj)
 .text.stm32_exti_isr
                0x000000000800233c       0x4c zephyr/drivers/interrupt_controller/libdrivers__interrupt_controller.a(intc_exti_stm32.c.obj)
 .text.stm32_fill_irq_table
                0x0000000008002388       0x24 zephyr/drivers/interrupt_controller/libdrivers__interrupt_controller.a(intc_exti_stm32.c.obj)
 .text.stm32_exti_enable
                0x00000000080023ac       0x24 zephyr/drivers/interrupt_controller/libdrivers__interrupt_controller.a(intc_exti_stm32.c.obj)
                0x00000000080023ac                stm32_exti_enable
 .text.stm32_exti_disable
                0x00000000080023d0       0x18 zephyr/drivers/interrupt_controller/libdrivers__interrupt_controller.a(intc_exti_stm32.c.obj)
                0x00000000080023d0                stm32_exti_disable
 .text.stm32_exti_trigger
                0x00000000080023e8       0x68 zephyr/drivers/interrupt_controller/libdrivers__interrupt_controller.a(intc_exti_stm32.c.obj)
                0x00000000080023e8                stm32_exti_trigger
 .text.stm32_exti_set_callback
                0x0000000008002450       0x3c zephyr/drivers/interrupt_controller/libdrivers__interrupt_controller.a(intc_exti_stm32.c.obj)
                0x0000000008002450                stm32_exti_set_callback
 .text.stm32_exti_unset_callback
                0x000000000800248c       0x14 zephyr/drivers/interrupt_controller/libdrivers__interrupt_controller.a(intc_exti_stm32.c.obj)
                0x000000000800248c                stm32_exti_unset_callback
 .text.stm32_clock_switch_to_hsi
                0x00000000080024a0       0x38 zephyr/drivers/clock_control/libdrivers__clock_control.a(clock_stm32_ll_common.c.obj)
 .text.set_up_fixed_clock_sources
                0x00000000080024d8       0x38 zephyr/drivers/clock_control/libdrivers__clock_control.a(clock_stm32_ll_common.c.obj)
 .text.set_up_plls
                0x0000000008002510       0x5c zephyr/drivers/clock_control/libdrivers__clock_control.a(clock_stm32_ll_common.c.obj)
 .text.stm32_clock_control_init
                0x000000000800256c       0x94 zephyr/drivers/clock_control/libdrivers__clock_control.a(clock_stm32_ll_common.c.obj)
                0x000000000800256c                stm32_clock_control_init
 .text.stm32_clock_control_get_subsys_rate
                0x0000000008002600       0xf0 zephyr/drivers/clock_control/libdrivers__clock_control.a(clock_stm32_ll_common.c.obj)
 .text.get_pllsrc_frequency
                0x00000000080026f0        0x8 zephyr/drivers/clock_control/libdrivers__clock_control.a(clock_stm32f2_f4_f7.c.obj)
                0x00000000080026f0                get_pllsrc_frequency
 .text.config_pll_sysclock
                0x00000000080026f8       0x30 zephyr/drivers/clock_control/libdrivers__clock_control.a(clock_stm32f2_f4_f7.c.obj)
                0x00000000080026f8                config_pll_sysclock
 .text.config_enable_default_clocks
                0x0000000008002728       0x20 zephyr/drivers/clock_control/libdrivers__clock_control.a(clock_stm32f2_f4_f7.c.obj)
                0x0000000008002728                config_enable_default_clocks
 .text.console_out
                0x0000000008002748       0x28 zephyr/drivers/console/libdrivers__console.a(uart_console.c.obj)
 .text.uart_console_hook_install
                0x0000000008002770       0x18 zephyr/drivers/console/libdrivers__console.a(uart_console.c.obj)
 .text.uart_console_init
                0x0000000008002788       0x1c zephyr/drivers/console/libdrivers__console.a(uart_console.c.obj)
 .text.gpio_stm32_clock_request
                0x00000000080027a4       0x28 zephyr/drivers/gpio/libdrivers__gpio.a(gpio_stm32.c.obj)
 .text.LL_SYSCFG_SetEXTISource
                0x00000000080027cc       0x38 zephyr/drivers/gpio/libdrivers__gpio.a(gpio_stm32.c.obj)
 .text.gpio_stm32_enable_int
                0x0000000008002804       0x3c zephyr/drivers/gpio/libdrivers__gpio.a(gpio_stm32.c.obj)
 .text.LL_SYSCFG_GetEXTISource
                0x0000000008002840       0x28 zephyr/drivers/gpio/libdrivers__gpio.a(gpio_stm32.c.obj)
 .text.gpio_stm32_pin_interrupt_configure
                0x0000000008002868       0x94 zephyr/drivers/gpio/libdrivers__gpio.a(gpio_stm32.c.obj)
 .text.gpio_stm32_init
                0x00000000080028fc       0x2c zephyr/drivers/gpio/libdrivers__gpio.a(gpio_stm32.c.obj)
 .text.led_gpio_init
                0x0000000008002928       0xa8 zephyr/drivers/led/libdrivers__led.a(led_gpio.c.obj)
 .text.led_pwm_set_brightness
                0x00000000080029d0       0x74 zephyr/drivers/led/libdrivers__led.a(led_pwm.c.obj)
 .text.led_pwm_init
                0x0000000008002a44       0x70 zephyr/drivers/led/libdrivers__led.a(led_pwm.c.obj)
 .text.stm32_pin_configure
                0x0000000008002ab4       0x40 zephyr/drivers/pinctrl/libdrivers__pinctrl.a(pinctrl_stm32.c.obj)
 .text.LL_TIM_OC_SetPolarity
                0x0000000008002af4       0x60 zephyr/drivers/pwm/libdrivers__pwm.a(pwm_stm32.c.obj)
 .text.LL_TIM_OC_GetPolarity
                0x0000000008002b54       0x54 zephyr/drivers/pwm/libdrivers__pwm.a(pwm_stm32.c.obj)
 .text.LL_TIM_OC_EnablePreload
                0x0000000008002ba8       0x64 zephyr/drivers/pwm/libdrivers__pwm.a(pwm_stm32.c.obj)
 .text.pwm_stm32_set_cycles
                0x0000000008002c0c      0x1e0 zephyr/drivers/pwm/libdrivers__pwm.a(pwm_stm32.c.obj)
 .text.get_tim_clk
                0x0000000008002dec       0x54 zephyr/drivers/pwm/libdrivers__pwm.a(pwm_stm32.c.obj)
 .text.pwm_stm32_init
                0x0000000008002e40      0x124 zephyr/drivers/pwm/libdrivers__pwm.a(pwm_stm32.c.obj)
 .text.LL_USART_SetBaudRate
                0x0000000008002f64       0xcc zephyr/drivers/serial/libdrivers__serial.a(uart_stm32.c.obj)
 .text.uart_stm32_poll_in
                0x0000000008003030       0x10 zephyr/drivers/serial/libdrivers__serial.a(uart_stm32.c.obj)
 .text.uart_stm32_poll_out
                0x0000000008003040       0x1c zephyr/drivers/serial/libdrivers__serial.a(uart_stm32.c.obj)
 .text.uart_stm32_set_baudrate
                0x000000000800305c       0x54 zephyr/drivers/serial/libdrivers__serial.a(uart_stm32.c.obj)
 .text.uart_stm32_configure
                0x00000000080030b0      0x12c zephyr/drivers/serial/libdrivers__serial.a(uart_stm32.c.obj)
 .text.uart_stm32_clocks_enable
                0x00000000080031dc       0x64 zephyr/drivers/serial/libdrivers__serial.a(uart_stm32.c.obj)
 .text.uart_stm32_registers_configure
                0x0000000008003240       0x88 zephyr/drivers/serial/libdrivers__serial.a(uart_stm32.c.obj)
 .text.elapsed  0x00000000080032c8       0x48 zephyr/drivers/timer/libdrivers__timer.a(cortex_m_systick.c.obj)
 .text.sys_clock_driver_init
                0x0000000008003310       0x38 zephyr/drivers/timer/libdrivers__timer.a(cortex_m_systick.c.obj)
 .text.sys_clock_isr
                0x0000000008003348       0x5c zephyr/drivers/timer/libdrivers__timer.a(cortex_m_systick.c.obj)
                0x0000000008003348                sys_clock_isr
 .text.sys_clock_set_timeout
                0x00000000080033a4      0x128 zephyr/drivers/timer/libdrivers__timer.a(cortex_m_systick.c.obj)
                0x00000000080033a4                sys_clock_set_timeout
 .text.sys_clock_elapsed
                0x00000000080034cc       0x40 zephyr/drivers/timer/libdrivers__timer.a(cortex_m_systick.c.obj)
                0x00000000080034cc                sys_clock_elapsed
 .text.HAL_RCC_GetSysClockFreq
                0x000000000800350c       0xdc modules/stm32/stm32cube/lib..__modules__hal__stm32__stm32cube.a(stm32f4xx_hal_rcc.c.obj)
                0x000000000800350c                HAL_RCC_GetSysClockFreq
 .text.RCC_GetHCLKClockFreq
                0x00000000080035e8       0x18 modules/stm32/stm32cube/lib..__modules__hal__stm32__stm32cube.a(stm32f4xx_ll_rcc.c.obj)
                0x00000000080035e8                RCC_GetHCLKClockFreq
 .text.RCC_GetPCLK1ClockFreq
                0x0000000008003600       0x18 modules/stm32/stm32cube/lib..__modules__hal__stm32__stm32cube.a(stm32f4xx_ll_rcc.c.obj)
                0x0000000008003600                RCC_GetPCLK1ClockFreq
 .text.RCC_GetPCLK2ClockFreq
                0x0000000008003618       0x18 modules/stm32/stm32cube/lib..__modules__hal__stm32__stm32cube.a(stm32f4xx_ll_rcc.c.obj)
                0x0000000008003618                RCC_GetPCLK2ClockFreq
 .text.RCC_PLL_GetFreqDomain_SYS
                0x0000000008003630       0x4c modules/stm32/stm32cube/lib..__modules__hal__stm32__stm32cube.a(stm32f4xx_ll_rcc.c.obj)
                0x0000000008003630                RCC_PLL_GetFreqDomain_SYS
 .text.RCC_GetSystemClockFreq
                0x000000000800367c       0x30 modules/stm32/stm32cube/lib..__modules__hal__stm32__stm32cube.a(stm32f4xx_ll_rcc.c.obj)
                0x000000000800367c                RCC_GetSystemClockFreq
 .text.OC1Config
                0x00000000080036ac       0x6c modules/stm32/stm32cube/lib..__modules__hal__stm32__stm32cube.a(stm32f4xx_ll_tim.c.obj)
 .text.OC2Config
                0x0000000008003718       0x74 modules/stm32/stm32cube/lib..__modules__hal__stm32__stm32cube.a(stm32f4xx_ll_tim.c.obj)
 .text.OC3Config
                0x000000000800378c       0x70 modules/stm32/stm32cube/lib..__modules__hal__stm32__stm32cube.a(stm32f4xx_ll_tim.c.obj)
 .text.OC4Config
                0x00000000080037fc       0x54 modules/stm32/stm32cube/lib..__modules__hal__stm32__stm32cube.a(stm32f4xx_ll_tim.c.obj)
 .text.LL_TIM_Init
                0x0000000008003850       0x98 modules/stm32/stm32cube/lib..__modules__hal__stm32__stm32cube.a(stm32f4xx_ll_tim.c.obj)
                0x0000000008003850                LL_TIM_Init
 .text.LL_SetFlashLatency
                0x00000000080038e8       0xd4 modules/stm32/stm32cube/lib..__modules__hal__stm32__stm32cube.a(stm32f4xx_ll_utils.c.obj)
                0x00000000080038e8                LL_SetFlashLatency
 .text.z_device_state_init
                0x00000000080039bc       0x18 zephyr/kernel/libkernel.a(device.c.obj)
                0x00000000080039bc                z_device_state_init
 .text.reason_to_str
                0x00000000080039d4       0x40 zephyr/kernel/libkernel.a(fatal.c.obj)
 .text.thread_name_get
                0x0000000008003a14       0x20 zephyr/kernel/libkernel.a(fatal.c.obj)
 .text.k_sys_fatal_error_handler
                0x0000000008003a34       0x2c zephyr/kernel/libkernel.a(fatal.c.obj)
                0x0000000008003a34                k_sys_fatal_error_handler
 .text.z_fatal_error
                0x0000000008003a60       0xb4 zephyr/kernel/libkernel.a(fatal.c.obj)
                0x0000000008003a60                z_fatal_error
 .text.z_sys_init_run_level
                0x0000000008003b14       0x58 zephyr/kernel/libkernel.a(init.c.obj)
 .text.init_idle_thread
                0x0000000008003b6c       0x60 zephyr/kernel/libkernel.a(init.c.obj)
 .text.bg_thread_main
                0x0000000008003bcc       0x34 zephyr/kernel/libkernel.a(init.c.obj)
 .text.switch_to_main_thread
                0x0000000008003c00       0x14 zephyr/kernel/libkernel.a(init.c.obj)
 .text.z_bss_zero
                0x0000000008003c14       0x18 zephyr/kernel/libkernel.a(init.c.obj)
                0x0000000008003c14                z_bss_zero
 .text.z_init_cpu
                0x0000000008003c2c       0x60 zephyr/kernel/libkernel.a(init.c.obj)
                0x0000000008003c2c                z_init_cpu
 .text.prepare_multithreading
                0x0000000008003c8c       0x60 zephyr/kernel/libkernel.a(init.c.obj)
 .text.z_cstart
                0x0000000008003cec       0x8c zephyr/kernel/libkernel.a(init.c.obj)
                0x0000000008003cec                z_cstart
 .text.z_thread_monitor_exit
                0x0000000008003d78       0x40 zephyr/kernel/libkernel.a(thread.c.obj)
                0x0000000008003d78                z_thread_monitor_exit
 .text.schedule_new_thread
                0x0000000008003db8       0x1c zephyr/kernel/libkernel.a(thread.c.obj)
 .text.z_setup_new_thread
                0x0000000008003dd4       0xc8 zephyr/kernel/libkernel.a(thread.c.obj)
                0x0000000008003dd4                z_setup_new_thread
 .text.z_init_static_threads
                0x0000000008003e9c       0x70 zephyr/kernel/libkernel.a(thread.c.obj)
                0x0000000008003e9c                z_init_static_threads
 .text.sliceable
                0x0000000008003f0c       0x4c zephyr/kernel/libkernel.a(sched.c.obj)
 .text.slice_timeout
                0x0000000008003f58       0x20 zephyr/kernel/libkernel.a(sched.c.obj)
 .text.z_reset_time_slice
                0x0000000008003f78       0x50 zephyr/kernel/libkernel.a(sched.c.obj)
                0x0000000008003f78                z_reset_time_slice
 .text.z_reschedule
                0x0000000008003fc8       0x2c zephyr/kernel/libkernel.a(sched.c.obj)
                0x0000000008003fc8                z_reschedule
 .text.z_reschedule_irqlock
                0x0000000008003ff4       0x2c zephyr/kernel/libkernel.a(sched.c.obj)
                0x0000000008003ff4                z_reschedule_irqlock
 .text.k_sched_lock
                0x0000000008004020       0x34 zephyr/kernel/libkernel.a(sched.c.obj)
                0x0000000008004020                k_sched_lock
 .text.update_cache
                0x0000000008004054       0x50 zephyr/kernel/libkernel.a(sched.c.obj)
 .text.move_thread_to_end_of_prio_q
                0x00000000080040a4       0x8c zephyr/kernel/libkernel.a(sched.c.obj)
 .text.z_time_slice
                0x0000000008004130       0x74 zephyr/kernel/libkernel.a(sched.c.obj)
                0x0000000008004130                z_time_slice
 .text.ready_thread
                0x00000000080041a4       0x78 zephyr/kernel/libkernel.a(sched.c.obj)
 .text.z_sched_start
                0x000000000800421c       0x3c zephyr/kernel/libkernel.a(sched.c.obj)
                0x000000000800421c                z_sched_start
 .text.unready_thread
                0x0000000008004258       0x38 zephyr/kernel/libkernel.a(sched.c.obj)
 .text.k_sched_unlock
                0x0000000008004290       0x40 zephyr/kernel/libkernel.a(sched.c.obj)
                0x0000000008004290                k_sched_unlock
 .text.halt_thread
                0x00000000080042d0       0x64 zephyr/kernel/libkernel.a(sched.c.obj)
 .text.z_thread_halt
                0x0000000008004334       0x3c zephyr/kernel/libkernel.a(sched.c.obj)
 .text.z_sched_init
                0x0000000008004370       0x10 zephyr/kernel/libkernel.a(sched.c.obj)
                0x0000000008004370                z_sched_init
 .text.z_impl_k_yield
                0x0000000008004380       0x8c zephyr/kernel/libkernel.a(sched.c.obj)
                0x0000000008004380                z_impl_k_yield
 .text.z_tick_sleep
                0x000000000800440c       0x98 zephyr/kernel/libkernel.a(sched.c.obj)
 .text.z_impl_k_sleep
                0x00000000080044a4       0x70 zephyr/kernel/libkernel.a(sched.c.obj)
                0x00000000080044a4                z_impl_k_sleep
 .text.z_impl_k_sched_current_thread_query
                0x0000000008004514        0xc zephyr/kernel/libkernel.a(sched.c.obj)
                0x0000000008004514                z_impl_k_sched_current_thread_query
 .text.z_data_copy
                0x0000000008004520       0x34 zephyr/kernel/libkernel.a(xip.c.obj)
                0x0000000008004520                z_data_copy
 .text.first    0x0000000008004554       0x14 zephyr/kernel/libkernel.a(timeout.c.obj)
 .text.next     0x0000000008004568       0x18 zephyr/kernel/libkernel.a(timeout.c.obj)
 .text.elapsed  0x0000000008004580       0x18 zephyr/kernel/libkernel.a(timeout.c.obj)
 .text.z_add_timeout
                0x0000000008004598      0x100 zephyr/kernel/libkernel.a(timeout.c.obj)
                0x0000000008004598                z_add_timeout
 .text.sys_clock_announce
                0x0000000008004698       0xc8 zephyr/kernel/libkernel.a(timeout.c.obj)
                0x0000000008004698                sys_clock_announce
 .text.sys_clock_tick_get
                0x0000000008004760       0x40 zephyr/kernel/libkernel.a(timeout.c.obj)
                0x0000000008004760                sys_clock_tick_get
 .text.boot_banner
                0x00000000080047a0       0x10 zephyr/kernel/libkernel.a(banner.c.obj)
                0x00000000080047a0                boot_banner
 .text.__l_vfprintf
                0x00000000080047b0      0x4b8 /home/tim/.zephyr_ide/toolchains/zephyr-sdk-0.16.8/arm-zephyr-eabi/bin/../lib/gcc/../../picolibc/arm-zephyr-eabi/lib/thumb/v7e-m/nofp/libc.a(libc_tinystdio_vflprintf.c.o)
                0x00000000080047b0                __l_vfprintf
 .text._OffsetAbsSyms
                0x0000000008004c68        0x2 zephyr/CMakeFiles/offsets.dir/./arch/arm/core/offsets/offsets.c.obj
                0x0000000008004c68                _OffsetAbsSyms
 .text.led_blink
                0x0000000008004c6a       0x12 app/libapp.a(main.c.obj)
 .text.led_set_brightness
                0x0000000008004c7c       0x12 app/libapp.a(main.c.obj)
 .text.z_log_msg_runtime_create
                0x0000000008004c8e       0x1e app/libapp.a(main.c.obj)
 .text.free_list_add_bidx
                0x0000000008004cac       0x4e zephyr/libzephyr.a(heap.c.obj)
 .text.free_list_add
                0x0000000008004cfa       0x18 zephyr/libzephyr.a(heap.c.obj)
 .text.sys_heap_init
                0x0000000008004d12       0x84 zephyr/libzephyr.a(heap.c.obj)
                0x0000000008004d12                sys_heap_init
 .text.cbprintf_via_va_list
                0x0000000008004d96        0xe zephyr/libzephyr.a(cbprintf_packaged.c.obj)
 .text.cbpprintf_external
                0x0000000008004da4       0x60 zephyr/libzephyr.a(cbprintf_packaged.c.obj)
                0x0000000008004da4                cbpprintf_external
 .text.arch_printk_char_out
                0x0000000008004e04        0x4 zephyr/libzephyr.a(printk.c.obj)
                0x0000000008004e04                arch_printk_char_out
 .text.vprintk  0x0000000008004e08        0x8 zephyr/libzephyr.a(printk.c.obj)
                0x0000000008004e08                vprintk
 .text.printk   0x0000000008004e10       0x1c zephyr/libzephyr.a(printk.c.obj)
                0x0000000008004e10                printk
 .text._ConfigAbsSyms
                0x0000000008004e2c        0x2 zephyr/libzephyr.a(configs.c.obj)
                0x0000000008004e2c                _ConfigAbsSyms
 .text.dummy_timestamp
                0x0000000008004e2e        0x4 zephyr/libzephyr.a(log_core.c.obj)
 .text.msg_filter_check
                0x0000000008004e32        0x4 zephyr/libzephyr.a(log_core.c.obj)
 .text.msg_commit
                0x0000000008004e36        0xa zephyr/libzephyr.a(log_core.c.obj)
 .text.k_msleep
                0x0000000008004e40       0x20 zephyr/libzephyr.a(log_core.c.obj)
 .text.enable_logger
                0x0000000008004e60        0xe zephyr/libzephyr.a(log_core.c.obj)
 .text.z_log_vprintk
                0x0000000008004e6e       0x1e zephyr/libzephyr.a(log_core.c.obj)
                0x0000000008004e6e                z_log_vprintk
 .text.z_log_get_tag
                0x0000000008004e8c        0x4 zephyr/libzephyr.a(log_core.c.obj)
                0x0000000008004e8c                z_log_get_tag
 .text.z_log_msg_finalize
                0x0000000008004e90       0x2e zephyr/libzephyr.a(log_msg.c.obj)
                0x0000000008004e90                z_log_msg_finalize
 .text.z_log_msg_runtime_vcreate
                0x0000000008004ebe       0x94 zephyr/libzephyr.a(log_msg.c.obj)
                0x0000000008004ebe                z_log_msg_runtime_vcreate
 .text.out_func
                0x0000000008004f52       0x1e zephyr/libzephyr.a(log_output.c.obj)
 .text.cr_out_func
                0x0000000008004f70       0x1e zephyr/libzephyr.a(log_output.c.obj)
 .text.buffer_write
                0x0000000008004f8e       0x1a zephyr/libzephyr.a(log_output.c.obj)
 .text.color_prefix
                0x0000000008004fa8        0xc zephyr/libzephyr.a(log_output.c.obj)
 .text.color_postfix
                0x0000000008004fb4        0xc zephyr/libzephyr.a(log_output.c.obj)
 .text.postfix_print
                0x0000000008004fc0       0x18 zephyr/libzephyr.a(log_output.c.obj)
 .text.log_msg_hexdump
                0x0000000008004fd8       0x36 zephyr/libzephyr.a(log_output.c.obj)
 .text.log_output_flush
                0x000000000800500e       0x1a zephyr/libzephyr.a(log_output.c.obj)
                0x000000000800500e                log_output_flush
 .text.format_set
                0x0000000008005028        0xc zephyr/libzephyr.a(log_backend_uart.c.obj)
 .text.log_backend_uart_init
                0x0000000008005034        0xc zephyr/libzephyr.a(log_backend_uart.c.obj)
 .text.panic    0x0000000008005040       0x14 zephyr/libzephyr.a(log_backend_uart.c.obj)
 .text.process  0x0000000008005054       0x1c zephyr/libzephyr.a(log_backend_uart.c.obj)
 .text.z_log_msg_runtime_create
                0x0000000008005070       0x1e zephyr/arch/arch/arm/core/libarch__arm__core.a(fatal.c.obj)
 .text.z_arm_fatal_error
                0x000000000800508e       0x18 zephyr/arch/arch/arm/core/libarch__arm__core.a(fatal.c.obj)
                0x000000000800508e                z_arm_fatal_error
 .text.z_do_kernel_oops
                0x00000000080050a6        0xc zephyr/arch/arch/arm/core/libarch__arm__core.a(fatal.c.obj)
                0x00000000080050a6                z_do_kernel_oops
 .text.memory_fault_recoverable
                0x00000000080050b2        0x4 zephyr/arch/arch/arm/core/cortex_m/libarch__arm__core__cortex_m.a(fault.c.obj)
 .text.z_log_msg_runtime_create
                0x00000000080050b6       0x1e zephyr/arch/arch/arm/core/cortex_m/libarch__arm__core__cortex_m.a(fault.c.obj)
 .text.fault_handle
                0x00000000080050d4       0x4a zephyr/arch/arch/arm/core/cortex_m/libarch__arm__core__cortex_m.a(fault.c.obj)
 .text.arch_irq_enable
                0x000000000800511e        0xa zephyr/arch/arch/arm/core/cortex_m/libarch__arm__core__cortex_m.a(irq_manage.c.obj)
                0x000000000800511e                arch_irq_enable
 .text.z_arm_irq_priority_set
                0x0000000008005128        0xc zephyr/arch/arch/arm/core/cortex_m/libarch__arm__core__cortex_m.a(irq_manage.c.obj)
                0x0000000008005128                z_arm_irq_priority_set
 .text.z_irq_spurious
                0x0000000008005134        0xc zephyr/arch/arch/arm/core/cortex_m/libarch__arm__core__cortex_m.a(irq_manage.c.obj)
                0x0000000008005134                z_irq_spurious
 .text.mpu_partition_is_valid
                0x0000000008005140       0x22 zephyr/arch/arch/arm/core/mpu/libarch__arm__core__mpu.a(arm_mpu.c.obj)
 .text.z_log_msg_runtime_create
                0x0000000008005162       0x1e zephyr/arch/arch/arm/core/mpu/libarch__arm__core__mpu.a(arm_mpu.c.obj)
 .text.mpu_configure_region
                0x0000000008005180       0x3e zephyr/arch/arch/arm/core/mpu/libarch__arm__core__mpu.a(arm_mpu.c.obj)
 .text.arm_core_mpu_configure_static_mpu_regions
                0x00000000080051be        0x8 zephyr/arch/arch/arm/core/mpu/libarch__arm__core__mpu.a(arm_mpu.c.obj)
                0x00000000080051be                arm_core_mpu_configure_static_mpu_regions
 .text.arm_core_mpu_configure_dynamic_mpu_regions
                0x00000000080051c6        0x8 zephyr/arch/arch/arm/core/mpu/libarch__arm__core__mpu.a(arm_mpu.c.obj)
                0x00000000080051c6                arm_core_mpu_configure_dynamic_mpu_regions
 .text.cbputc   0x00000000080051ce        0xc zephyr/lib/libc/picolibc/liblib__libc__picolibc.a(libc-hooks.c.obj)
 .text.picolibc_put
                0x00000000080051da        0xa zephyr/lib/libc/picolibc/liblib__libc__picolibc.a(libc-hooks.c.obj)
 .text.stm32_exti_init
                0x00000000080051e4       0x92 zephyr/drivers/interrupt_controller/libdrivers__interrupt_controller.a(intc_exti_stm32.c.obj)
 .text.get_pll_div_frequency
                0x0000000008005276        0xe zephyr/drivers/clock_control/libdrivers__clock_control.a(clock_stm32_ll_common.c.obj)
 .text.get_bus_clock
                0x0000000008005284        0x6 zephyr/drivers/clock_control/libdrivers__clock_control.a(clock_stm32_ll_common.c.obj)
 .text.enabled_clock
                0x000000000800528a       0x20 zephyr/drivers/clock_control/libdrivers__clock_control.a(clock_stm32_ll_common.c.obj)
 .text.stm32_clock_control_on
                0x00000000080052aa       0x24 zephyr/drivers/clock_control/libdrivers__clock_control.a(clock_stm32_ll_common.c.obj)
 .text.stm32_clock_control_off
                0x00000000080052ce       0x26 zephyr/drivers/clock_control/libdrivers__clock_control.a(clock_stm32_ll_common.c.obj)
 .text.stm32_clock_control_configure
                0x00000000080052f4       0x54 zephyr/drivers/clock_control/libdrivers__clock_control.a(clock_stm32_ll_common.c.obj)
 .text.stm32_clock_control_get_status
                0x0000000008005348       0x32 zephyr/drivers/clock_control/libdrivers__clock_control.a(clock_stm32_ll_common.c.obj)
 .text.get_pll_source
                0x000000000800537a        0x6 zephyr/drivers/clock_control/libdrivers__clock_control.a(clock_stm32f2_f4_f7.c.obj)
 .text.sys_slist_remove
                0x0000000008005380       0x26 zephyr/drivers/gpio/libdrivers__gpio.a(gpio_stm32.c.obj)
 .text.sys_slist_find_and_remove
                0x00000000080053a6       0x20 zephyr/drivers/gpio/libdrivers__gpio.a(gpio_stm32.c.obj)
 .text.gpio_manage_callback
                0x00000000080053c6       0x3e zephyr/drivers/gpio/libdrivers__gpio.a(gpio_stm32.c.obj)
 .text.gpio_fire_callbacks
                0x0000000008005404       0x40 zephyr/drivers/gpio/libdrivers__gpio.a(gpio_stm32.c.obj)
 .text.gpio_stm32_isr
                0x0000000008005444       0x14 zephyr/drivers/gpio/libdrivers__gpio.a(gpio_stm32.c.obj)
 .text.gpio_stm32_flags_to_conf
                0x0000000008005458       0x7e zephyr/drivers/gpio/libdrivers__gpio.a(gpio_stm32.c.obj)
 .text.gpio_stm32_port_get_raw
                0x00000000080054d6        0xc zephyr/drivers/gpio/libdrivers__gpio.a(gpio_stm32.c.obj)
 .text.gpio_stm32_port_set_masked_raw
                0x00000000080054e2       0x12 zephyr/drivers/gpio/libdrivers__gpio.a(gpio_stm32.c.obj)
 .text.gpio_stm32_port_set_bits_raw
                0x00000000080054f4        0xa zephyr/drivers/gpio/libdrivers__gpio.a(gpio_stm32.c.obj)
 .text.gpio_stm32_port_clear_bits_raw
                0x00000000080054fe        0xc zephyr/drivers/gpio/libdrivers__gpio.a(gpio_stm32.c.obj)
 .text.gpio_stm32_port_toggle_bits
                0x000000000800550a        0xe zephyr/drivers/gpio/libdrivers__gpio.a(gpio_stm32.c.obj)
 .text.gpio_stm32_manage_callback
                0x0000000008005518        0xc zephyr/drivers/gpio/libdrivers__gpio.a(gpio_stm32.c.obj)
 .text.LL_GPIO_SetPinMode
                0x0000000008005524       0x3a zephyr/drivers/gpio/libdrivers__gpio.a(gpio_stm32.c.obj)
 .text.LL_GPIO_SetPinSpeed
                0x000000000800555e       0x3a zephyr/drivers/gpio/libdrivers__gpio.a(gpio_stm32.c.obj)
 .text.LL_GPIO_SetPinPull
                0x0000000008005598       0x3a zephyr/drivers/gpio/libdrivers__gpio.a(gpio_stm32.c.obj)
 .text.LL_GPIO_SetAFPin_0_7
                0x00000000080055d2       0x3a zephyr/drivers/gpio/libdrivers__gpio.a(gpio_stm32.c.obj)
 .text.LL_GPIO_SetAFPin_8_15
                0x000000000800560c       0x3c zephyr/drivers/gpio/libdrivers__gpio.a(gpio_stm32.c.obj)
 .text.gpio_stm32_configure_raw
                0x0000000008005648       0x70 zephyr/drivers/gpio/libdrivers__gpio.a(gpio_stm32.c.obj)
 .text.gpio_stm32_config
                0x00000000080056b8       0x52 zephyr/drivers/gpio/libdrivers__gpio.a(gpio_stm32.c.obj)
 .text.gpio_stm32_set_exti_source
                0x000000000800570a       0x2e zephyr/drivers/gpio/libdrivers__gpio.a(gpio_stm32.c.obj)
 .text.gpio_stm32_get_exti_source
                0x0000000008005738       0x2e zephyr/drivers/gpio/libdrivers__gpio.a(gpio_stm32.c.obj)
 .text.gpio_stm32_configure
                0x0000000008005766       0x38 zephyr/drivers/gpio/libdrivers__gpio.a(gpio_stm32.c.obj)
                0x0000000008005766                gpio_stm32_configure
 .text.z_impl_gpio_pin_configure
                0x000000000800579e       0x50 zephyr/drivers/led/libdrivers__led.a(led_gpio.c.obj)
 .text.gpio_pin_configure_dt
                0x00000000080057ee       0x16 zephyr/drivers/led/libdrivers__led.a(led_gpio.c.obj)
 .text.gpio_pin_set_raw
                0x0000000008005804       0x20 zephyr/drivers/led/libdrivers__led.a(led_gpio.c.obj)
 .text.gpio_pin_set
                0x0000000008005824       0x1a zephyr/drivers/led/libdrivers__led.a(led_gpio.c.obj)
 .text.led_gpio_set_brightness
                0x000000000800583e       0x34 zephyr/drivers/led/libdrivers__led.a(led_gpio.c.obj)
 .text.led_gpio_on
                0x0000000008005872        0xa zephyr/drivers/led/libdrivers__led.a(led_gpio.c.obj)
 .text.led_gpio_off
                0x000000000800587c        0xa zephyr/drivers/led/libdrivers__led.a(led_gpio.c.obj)
 .text.z_log_msg_runtime_create
                0x0000000008005886       0x1e zephyr/drivers/led/libdrivers__led.a(led_gpio.c.obj)
 .text.pwm_set_cycles
                0x00000000080058a4       0x1e zephyr/drivers/led/libdrivers__led.a(led_pwm.c.obj)
 .text.pwm_set_pulse_dt
                0x00000000080058c2       0x1a zephyr/drivers/led/libdrivers__led.a(led_pwm.c.obj)
 .text.pwm_set_dt
                0x00000000080058dc       0x1a zephyr/drivers/led/libdrivers__led.a(led_pwm.c.obj)
 .text.led_pwm_blink
                0x00000000080058f6       0x6a zephyr/drivers/led/libdrivers__led.a(led_pwm.c.obj)
 .text.led_pwm_on
                0x0000000008005960        0xa zephyr/drivers/led/libdrivers__led.a(led_pwm.c.obj)
 .text.led_pwm_off
                0x000000000800596a        0xa zephyr/drivers/led/libdrivers__led.a(led_pwm.c.obj)
 .text.z_log_msg_runtime_create
                0x0000000008005974       0x1e zephyr/drivers/led/libdrivers__led.a(led_pwm.c.obj)
 .text.pinctrl_lookup_state
                0x0000000008005992       0x32 zephyr/drivers/pinctrl/libdrivers__pinctrl.a(common.c.obj)
                0x0000000008005992                pinctrl_lookup_state
 .text.pinctrl_configure_pins
                0x00000000080059c4       0x5c zephyr/drivers/pinctrl/libdrivers__pinctrl.a(pinctrl_stm32.c.obj)
                0x00000000080059c4                pinctrl_configure_pins
 .text.LL_TIM_OC_SetCompareCH1
                0x0000000008005a20        0x4 zephyr/drivers/pwm/libdrivers__pwm.a(pwm_stm32.c.obj)
 .text.LL_TIM_OC_SetCompareCH2
                0x0000000008005a24        0x4 zephyr/drivers/pwm/libdrivers__pwm.a(pwm_stm32.c.obj)
 .text.LL_TIM_OC_SetCompareCH3
                0x0000000008005a28        0x4 zephyr/drivers/pwm/libdrivers__pwm.a(pwm_stm32.c.obj)
 .text.LL_TIM_OC_SetCompareCH4
                0x0000000008005a2c        0x4 zephyr/drivers/pwm/libdrivers__pwm.a(pwm_stm32.c.obj)
 .text.reset_line_toggle
                0x0000000008005a30       0x12 zephyr/drivers/pwm/libdrivers__pwm.a(pwm_stm32.c.obj)
 .text.get_polarity
                0x0000000008005a42        0xe zephyr/drivers/pwm/libdrivers__pwm.a(pwm_stm32.c.obj)
 .text.pwm_stm32_get_cycles_per_sec
                0x0000000008005a50       0x16 zephyr/drivers/pwm/libdrivers__pwm.a(pwm_stm32.c.obj)
 .text.z_log_msg_runtime_create
                0x0000000008005a66       0x1e zephyr/drivers/pwm/libdrivers__pwm.a(pwm_stm32.c.obj)
 .text.pinctrl_apply_state
                0x0000000008005a84       0x20 zephyr/drivers/pwm/libdrivers__pwm.a(pwm_stm32.c.obj)
 .text.reset_stm32_status
                0x0000000008005aa4       0x20 zephyr/drivers/reset/libdrivers__reset.a(reset_stm32.c.obj)
 .text.reset_stm32_line_assert
                0x0000000008005ac4       0x1e zephyr/drivers/reset/libdrivers__reset.a(reset_stm32.c.obj)
 .text.reset_stm32_line_deassert
                0x0000000008005ae2       0x20 zephyr/drivers/reset/libdrivers__reset.a(reset_stm32.c.obj)
 .text.reset_stm32_line_toggle
                0x0000000008005b02       0x16 zephyr/drivers/reset/libdrivers__reset.a(reset_stm32.c.obj)
 .text.reset_line_toggle
                0x0000000008005b18       0x12 zephyr/drivers/serial/libdrivers__serial.a(uart_stm32.c.obj)
 .text.uart_stm32_config_get
                0x0000000008005b2a       0x94 zephyr/drivers/serial/libdrivers__serial.a(uart_stm32.c.obj)
 .text.uart_stm32_poll_in_visitor
                0x0000000008005bbe       0x32 zephyr/drivers/serial/libdrivers__serial.a(uart_stm32.c.obj)
 .text.uart_stm32_poll_out_visitor
                0x0000000008005bf0       0x40 zephyr/drivers/serial/libdrivers__serial.a(uart_stm32.c.obj)
 .text.poll_in_u8
                0x0000000008005c30        0x8 zephyr/drivers/serial/libdrivers__serial.a(uart_stm32.c.obj)
 .text.poll_out_u8
                0x0000000008005c38        0x8 zephyr/drivers/serial/libdrivers__serial.a(uart_stm32.c.obj)
 .text.uart_stm32_err_check
                0x0000000008005c40       0xa0 zephyr/drivers/serial/libdrivers__serial.a(uart_stm32.c.obj)
 .text.z_log_msg_runtime_create
                0x0000000008005ce0       0x1e zephyr/drivers/serial/libdrivers__serial.a(uart_stm32.c.obj)
 .text.uart_stm32_parameters_set
                0x0000000008005cfe      0x114 zephyr/drivers/serial/libdrivers__serial.a(uart_stm32.c.obj)
 .text.pinctrl_apply_state
                0x0000000008005e12       0x20 zephyr/drivers/serial/libdrivers__serial.a(uart_stm32.c.obj)
 .text.uart_stm32_init
                0x0000000008005e32       0x28 zephyr/drivers/serial/libdrivers__serial.a(uart_stm32.c.obj)
 .text.LL_RCC_GetSystemClocksFreq
                0x0000000008005e5a       0x20 modules/stm32/stm32cube/lib..__modules__hal__stm32__stm32cube.a(stm32f4xx_ll_rcc.c.obj)
                0x0000000008005e5a                LL_RCC_GetSystemClocksFreq
 .text.LL_TIM_StructInit
                0x0000000008005e7a       0x12 modules/stm32/stm32cube/lib..__modules__hal__stm32__stm32cube.a(stm32f4xx_ll_tim.c.obj)
                0x0000000008005e7a                LL_TIM_StructInit
 .text.LL_TIM_OC_StructInit
                0x0000000008005e8c       0x14 modules/stm32/stm32cube/lib..__modules__hal__stm32__stm32cube.a(stm32f4xx_ll_tim.c.obj)
                0x0000000008005e8c                LL_TIM_OC_StructInit
 .text.LL_TIM_OC_Init
                0x0000000008005ea0       0x3c modules/stm32/stm32cube/lib..__modules__hal__stm32__stm32cube.a(stm32f4xx_ll_tim.c.obj)
                0x0000000008005ea0                LL_TIM_OC_Init
 .text.z_device_is_ready
                0x0000000008005edc       0x20 zephyr/kernel/libkernel.a(device.c.obj)
                0x0000000008005edc                z_device_is_ready
 .text.z_log_msg_runtime_create
                0x0000000008005efc       0x1e zephyr/kernel/libkernel.a(fatal.c.obj)
 .text.arch_system_halt
                0x0000000008005f1a       0x12 zephyr/kernel/libkernel.a(fatal.c.obj)
                0x0000000008005f1a                arch_system_halt
 .text.z_early_memset
                0x0000000008005f2c        0x8 zephyr/kernel/libkernel.a(init.c.obj)
                0x0000000008005f2c                z_early_memset
 .text.z_early_memcpy
                0x0000000008005f34        0x8 zephyr/kernel/libkernel.a(init.c.obj)
                0x0000000008005f34                z_early_memcpy
 .text.setup_thread_stack
                0x0000000008005f3c       0x40 zephyr/kernel/libkernel.a(thread.c.obj)
 .text.k_thread_name_get
                0x0000000008005f7c        0x4 zephyr/kernel/libkernel.a(thread.c.obj)
                0x0000000008005f7c                k_thread_name_get
 .text.z_impl_k_thread_start
                0x0000000008005f80        0x8 zephyr/kernel/libkernel.a(thread.c.obj)
                0x0000000008005f80                z_impl_k_thread_start
 .text.z_init_thread_base
                0x0000000008005f88       0x16 zephyr/kernel/libkernel.a(thread.c.obj)
                0x0000000008005f88                z_init_thread_base
 .text.thread_active_elsewhere
                0x0000000008005f9e        0x4 zephyr/kernel/libkernel.a(sched.c.obj)
 .text.pended_on_thread
                0x0000000008005fa2        0x4 zephyr/kernel/libkernel.a(sched.c.obj)
 .text.z_sched_prio_cmp
                0x0000000008005fa6       0x14 zephyr/kernel/libkernel.a(sched.c.obj)
                0x0000000008005fa6                z_sched_prio_cmp
 .text.z_reschedule_unlocked
                0x0000000008005fba       0x18 zephyr/kernel/libkernel.a(sched.c.obj)
 .text.z_priq_dumb_remove
                0x0000000008005fd2       0x10 zephyr/kernel/libkernel.a(sched.c.obj)
                0x0000000008005fd2                z_priq_dumb_remove
 .text.unpend_thread_no_timeout
                0x0000000008005fe2       0x1c zephyr/kernel/libkernel.a(sched.c.obj)
 .text.z_priq_dumb_best
                0x0000000008005ffe        0xe zephyr/kernel/libkernel.a(sched.c.obj)
                0x0000000008005ffe                z_priq_dumb_best
 .text.z_ready_thread
                0x000000000800600c       0x38 zephyr/kernel/libkernel.a(sched.c.obj)
                0x000000000800600c                z_ready_thread
 .text.unpend_all
                0x0000000008006044       0x2a zephyr/kernel/libkernel.a(sched.c.obj)
 .text.z_sched_wake_thread
                0x000000000800606e       0x54 zephyr/kernel/libkernel.a(sched.c.obj)
                0x000000000800606e                z_sched_wake_thread
 .text.z_thread_timeout
                0x00000000080060c2        0xc zephyr/kernel/libkernel.a(sched.c.obj)
                0x00000000080060c2                z_thread_timeout
 .text.z_impl_k_thread_suspend
                0x00000000080060ce       0x36 zephyr/kernel/libkernel.a(sched.c.obj)
                0x00000000080060ce                z_impl_k_thread_suspend
 .text.init_ready_q
                0x0000000008006104        0x8 zephyr/kernel/libkernel.a(sched.c.obj)
                0x0000000008006104                init_ready_q
 .text.z_thread_abort
                0x000000000800610c       0x4a zephyr/kernel/libkernel.a(sched.c.obj)
                0x000000000800610c                z_thread_abort
 .text.idle     0x0000000008006156       0x18 zephyr/kernel/libkernel.a(idle.c.obj)
                0x0000000008006156                idle
 .text.remove_timeout
                0x000000000800616e       0x2e zephyr/kernel/libkernel.a(timeout.c.obj)
 .text.next_timeout
                0x000000000800619c       0x3a zephyr/kernel/libkernel.a(timeout.c.obj)
 .text.z_abort_timeout
                0x00000000080061d6       0x3c zephyr/kernel/libkernel.a(timeout.c.obj)
                0x00000000080061d6                z_abort_timeout
 .text.sys_clock_tick_get_32
                0x0000000008006212        0x8 zephyr/kernel/libkernel.a(timeout.c.obj)
                0x0000000008006212                sys_clock_tick_get_32
 .text.z_impl_k_uptime_ticks
                0x000000000800621a        0x8 zephyr/kernel/libkernel.a(timeout.c.obj)
                0x000000000800621a                z_impl_k_uptime_ticks
 .text.strncpy  0x0000000008006222       0x20 /home/tim/.zephyr_ide/toolchains/zephyr-sdk-0.16.8/arm-zephyr-eabi/bin/../lib/gcc/../../picolibc/arm-zephyr-eabi/lib/thumb/v7e-m/nofp/libc.a(libc_string_strncpy.c.o)
                0x0000000008006222                strncpy
 .text.strnlen  0x0000000008006242       0x18 /home/tim/.zephyr_ide/toolchains/zephyr-sdk-0.16.8/arm-zephyr-eabi/bin/../lib/gcc/../../picolibc/arm-zephyr-eabi/lib/thumb/v7e-m/nofp/libc.a(libc_string_strnlen.c.o)
                0x0000000008006242                strnlen
 .text.__ultoa_invert
                0x000000000800625a       0xae /home/tim/.zephyr_ide/toolchains/zephyr-sdk-0.16.8/arm-zephyr-eabi/bin/../lib/gcc/../../picolibc/arm-zephyr-eabi/lib/thumb/v7e-m/nofp/libc.a(libc_tinystdio_vflprintf.c.o)
 .text.memcpy   0x0000000008006308       0x1c /home/tim/.zephyr_ide/toolchains/zephyr-sdk-0.16.8/arm-zephyr-eabi/bin/../lib/gcc/../../picolibc/arm-zephyr-eabi/lib/thumb/v7e-m/nofp/libc.a(memcpy.c.o)
                0x0000000008006308                memcpy
                0x0000000008006308                __aeabi_memcpy
                0x0000000008006308                __aeabi_memcpy4
                0x0000000008006308                __aeabi_memcpy8
 .text.memset   0x0000000008006324       0x10 /home/tim/.zephyr_ide/toolchains/zephyr-sdk-0.16.8/arm-zephyr-eabi/bin/../lib/gcc/../../picolibc/arm-zephyr-eabi/lib/thumb/v7e-m/nofp/libc.a(memset.c.o)
                0x0000000008006324                memset
 *(SORT_BY_ALIGNMENT(.TEXT.*))
 .TEXT.__aeabi_read_tp
                0x0000000008006334        0xc zephyr/arch/arch/arm/core/cortex_m/libarch__arm__core__cortex_m.a(__aeabi_read_tp.S.obj)
                0x0000000008006334                __aeabi_read_tp
 *(SORT_BY_ALIGNMENT(.gnu.linkonce.t.*))
 *(SORT_BY_ALIGNMENT(.glue_7t))
 .glue_7t       0x0000000008006340        0x0 linker stubs
 *(SORT_BY_ALIGNMENT(.glue_7))
 .glue_7        0x0000000008006340        0x0 linker stubs
 *(SORT_BY_ALIGNMENT(.vfp11_veneer))
 .vfp11_veneer  0x0000000008006340        0x0 linker stubs
 *(SORT_BY_ALIGNMENT(.v4_bx))
 .v4_bx         0x0000000008006340        0x0 linker stubs
                0x0000000008006340                . = ALIGN (0x4)
                0x0000000008006340                __text_region_end = .

.ARM.exidx      0x0000000008006340        0x8
                0x0000000008006340                __exidx_start = .
 *(SORT_BY_ALIGNMENT(.ARM.exidx*) SORT_BY_ALIGNMENT(gnu.linkonce.armexidx.*))
 .ARM.exidx     0x0000000008006340        0x8 /home/tim/.zephyr_ide/toolchains/zephyr-sdk-0.16.8/arm-zephyr-eabi/bin/../lib/gcc/arm-zephyr-eabi/12.2.0/thumb/v7e-m/nofp/libgcc.a(_udivmoddi4.o)
 .ARM.exidx     0x0000000008006348        0x0 /home/tim/.zephyr_ide/toolchains/zephyr-sdk-0.16.8/arm-zephyr-eabi/bin/../lib/gcc/../../picolibc/arm-zephyr-eabi/lib/thumb/v7e-m/nofp/libc.a(strlen.S.o)
                                          0x8 (size before relaxing)
                0x0000000008006348                __exidx_end = .
                0x0000000008006348                __rodata_region_start = .

initlevel       0x0000000008006348       0xb0
                0x0000000008006348                __init_start = .
                0x0000000008006348                __init_EARLY_start = .
 *(SORT_BY_NAME(SORT_BY_ALIGNMENT(.z_init_EARLY?_*)))
 *(SORT_BY_NAME(SORT_BY_ALIGNMENT(.z_init_EARLY??_*)))
                0x0000000008006348                __init_PRE_KERNEL_1_start = .
 *(SORT_BY_NAME(SORT_BY_ALIGNMENT(.z_init_PRE_KERNEL_1?_*)))
 .z_init_PRE_KERNEL_10_0_
                0x0000000008006348        0x8 zephyr/libzephyr.a(soc.c.obj)
 .z_init_PRE_KERNEL_11_00009_
                0x0000000008006350        0x8 zephyr/drivers/clock_control/libdrivers__clock_control.a(clock_stm32_ll_common.c.obj)
 .z_init_PRE_KERNEL_11_0_
                0x0000000008006358        0x8 zephyr/libzephyr.a(soc_config.c.obj)
 *(SORT_BY_NAME(SORT_BY_ALIGNMENT(.z_init_PRE_KERNEL_1??_*)))
 .z_init_PRE_KERNEL_135_00043_
                0x0000000008006360        0x8 zephyr/drivers/reset/libdrivers__reset.a(reset_stm32.c.obj)
 .z_init_PRE_KERNEL_140_00037_
                0x0000000008006368        0x8 zephyr/drivers/gpio/libdrivers__gpio.a(gpio_stm32.c.obj)
 .z_init_PRE_KERNEL_140_00040_
                0x0000000008006370        0x8 zephyr/drivers/gpio/libdrivers__gpio.a(gpio_stm32.c.obj)
 .z_init_PRE_KERNEL_140_00058_
                0x0000000008006378        0x8 zephyr/drivers/interrupt_controller/libdrivers__interrupt_controller.a(intc_exti_stm32.c.obj)
 .z_init_PRE_KERNEL_140_00083_
                0x0000000008006380        0x8 zephyr/drivers/gpio/libdrivers__gpio.a(gpio_stm32.c.obj)
 .z_init_PRE_KERNEL_140_00084_
                0x0000000008006388        0x8 zephyr/drivers/gpio/libdrivers__gpio.a(gpio_stm32.c.obj)
 .z_init_PRE_KERNEL_140_00085_
                0x0000000008006390        0x8 zephyr/drivers/gpio/libdrivers__gpio.a(gpio_stm32.c.obj)
 .z_init_PRE_KERNEL_140_00086_
                0x0000000008006398        0x8 zephyr/drivers/gpio/libdrivers__gpio.a(gpio_stm32.c.obj)
 .z_init_PRE_KERNEL_140_00087_
                0x00000000080063a0        0x8 zephyr/drivers/gpio/libdrivers__gpio.a(gpio_stm32.c.obj)
 .z_init_PRE_KERNEL_140_00088_
                0x00000000080063a8        0x8 zephyr/drivers/gpio/libdrivers__gpio.a(gpio_stm32.c.obj)
 .z_init_PRE_KERNEL_155_00062_
                0x00000000080063b0        0x8 zephyr/drivers/serial/libdrivers__serial.a(uart_stm32.c.obj)
 .z_init_PRE_KERNEL_155_00065_
                0x00000000080063b8        0x8 zephyr/drivers/serial/libdrivers__serial.a(uart_stm32.c.obj)
 .z_init_PRE_KERNEL_160_0_
                0x00000000080063c0        0x8 zephyr/drivers/console/libdrivers__console.a(uart_console.c.obj)
                0x00000000080063c8                __init_PRE_KERNEL_2_start = .
 *(SORT_BY_NAME(SORT_BY_ALIGNMENT(.z_init_PRE_KERNEL_2?_*)))
 .z_init_PRE_KERNEL_20_0_
                0x00000000080063c8        0x8 zephyr/drivers/timer/libdrivers__timer.a(cortex_m_systick.c.obj)
 *(SORT_BY_NAME(SORT_BY_ALIGNMENT(.z_init_PRE_KERNEL_2??_*)))
                0x00000000080063d0                __init_POST_KERNEL_start = .
 *(SORT_BY_NAME(SORT_BY_ALIGNMENT(.z_init_POST_KERNEL?_*)))
 .z_init_POST_KERNEL0_0_
                0x00000000080063d0        0x8 zephyr/libzephyr.a(log_core.c.obj)
 *(SORT_BY_NAME(SORT_BY_ALIGNMENT(.z_init_POST_KERNEL??_*)))
 .z_init_POST_KERNEL40_0_
                0x00000000080063d8        0x8 zephyr/lib/libc/common/liblib__libc__common.a(malloc.c.obj)
 .z_init_POST_KERNEL50_00046_
                0x00000000080063e0        0x8 zephyr/drivers/pwm/libdrivers__pwm.a(pwm_stm32.c.obj)
 .z_init_POST_KERNEL90_00041_
                0x00000000080063e8        0x8 zephyr/drivers/led/libdrivers__led.a(led_gpio.c.obj)
 .z_init_POST_KERNEL90_00047_
                0x00000000080063f0        0x8 zephyr/drivers/led/libdrivers__led.a(led_pwm.c.obj)
                0x00000000080063f8                __init_APPLICATION_start = .
 *(SORT_BY_NAME(SORT_BY_ALIGNMENT(.z_init_APPLICATION?_*)))
 *(SORT_BY_NAME(SORT_BY_ALIGNMENT(.z_init_APPLICATION??_*)))
                0x00000000080063f8                __init_SMP_start = .
 *(SORT_BY_NAME(SORT_BY_ALIGNMENT(.z_init_SMP?_*)))
 *(SORT_BY_NAME(SORT_BY_ALIGNMENT(.z_init_SMP??_*)))
                0x00000000080063f8                __init_end = .

device_area     0x00000000080063f8      0x140
                0x00000000080063f8                _device_list_start = .
 *(SORT_BY_NAME(SORT_BY_ALIGNMENT(._device.static.*_?_*)))
 ._device.static.1_1_
                0x00000000080063f8       0x14 zephyr/drivers/clock_control/libdrivers__clock_control.a(clock_stm32_ll_common.c.obj)
                0x00000000080063f8                __device_dts_ord_9
 *(SORT_BY_NAME(SORT_BY_ALIGNMENT(._device.static.*_??_*)))
 ._device.static.1_35_
                0x000000000800640c       0x14 zephyr/drivers/reset/libdrivers__reset.a(reset_stm32.c.obj)
                0x000000000800640c                __device_dts_ord_43
 ._device.static.1_40_
                0x0000000008006420       0x14 zephyr/drivers/interrupt_controller/libdrivers__interrupt_controller.a(intc_exti_stm32.c.obj)
                0x0000000008006420                __device_dts_ord_58
 ._device.static.1_40_
                0x0000000008006434       0xa0 zephyr/drivers/gpio/libdrivers__gpio.a(gpio_stm32.c.obj)
                0x0000000008006434                __device_dts_ord_88
                0x0000000008006448                __device_dts_ord_87
                0x000000000800645c                __device_dts_ord_86
                0x0000000008006470                __device_dts_ord_85
                0x0000000008006484                __device_dts_ord_84
                0x0000000008006498                __device_dts_ord_37
                0x00000000080064ac                __device_dts_ord_83
                0x00000000080064c0                __device_dts_ord_40
 ._device.static.1_55_
                0x00000000080064d4       0x28 zephyr/drivers/serial/libdrivers__serial.a(uart_stm32.c.obj)
                0x00000000080064d4                __device_dts_ord_62
                0x00000000080064e8                __device_dts_ord_65
 ._device.static.3_50_
                0x00000000080064fc       0x14 zephyr/drivers/pwm/libdrivers__pwm.a(pwm_stm32.c.obj)
                0x00000000080064fc                __device_dts_ord_46
 ._device.static.3_90_
                0x0000000008006510       0x14 zephyr/drivers/led/libdrivers__led.a(led_gpio.c.obj)
                0x0000000008006510                __device_dts_ord_41
 ._device.static.3_90_
                0x0000000008006524       0x14 zephyr/drivers/led/libdrivers__led.a(led_pwm.c.obj)
                0x0000000008006524                __device_dts_ord_47
                0x0000000008006538                _device_list_end = .

sw_isr_table    0x0000000008006538      0x2b0
                0x0000000008006538                . = ALIGN (0x4)
 *(SORT_BY_ALIGNMENT(.gnu.linkonce.sw_isr_table*))
 .gnu.linkonce.sw_isr_table
                0x0000000008006538      0x2b0 zephyr/arch/common/libisr_tables.a(isr_tables.c.obj)
                0x0000000008006538                _sw_isr_table

initlevel_error
                0x0000000008006348        0x0
 *(SORT_BY_NAME(SORT_BY_ALIGNMENT(.z_init_[_A-Z0-9]*)))
                0x0000000000000001                ASSERT ((SIZEOF (initlevel_error) == 0x0), Undefined initialization levels used.)

app_shmem_regions
                0x00000000080067e8        0x0
                0x00000000080067e8                __app_shmem_regions_start = .
 *(SORT_BY_NAME(SORT_BY_ALIGNMENT(.app_regions.*)))
                0x00000000080067e8                __app_shmem_regions_end = .

k_p4wq_initparam_area
                0x00000000080067e8        0x0
                0x00000000080067e8                _k_p4wq_initparam_list_start = .
 *(SORT_BY_NAME(SORT_BY_ALIGNMENT(._k_p4wq_initparam.static.*)))
                0x00000000080067e8                _k_p4wq_initparam_list_end = .

_static_thread_data_area
                0x00000000080067e8        0x0
                0x00000000080067e8                __static_thread_data_list_start = .
 *(SORT_BY_NAME(SORT_BY_ALIGNMENT(.__static_thread_data.static.*)))
                0x00000000080067e8                __static_thread_data_list_end = .

device_deps     0x00000000080067e8        0x0
                0x00000000080067e8                __device_deps_start = .
 *(SORT_BY_NAME(SORT_BY_ALIGNMENT(.__device_deps_pass2*)))
                0x00000000080067e8                __device_deps_end = .

ztest           0x00000000080067e8        0x0
                0x00000000080067e8                _ztest_expected_result_entry_list_start = .
 *(SORT_BY_NAME(SORT_BY_ALIGNMENT(._ztest_expected_result_entry.static.*)))
                0x00000000080067e8                _ztest_expected_result_entry_list_end = .
                0x00000000080067e8                _ztest_suite_node_list_start = .
 *(SORT_BY_NAME(SORT_BY_ALIGNMENT(._ztest_suite_node.static.*)))
                0x00000000080067e8                _ztest_suite_node_list_end = .
                0x00000000080067e8                _ztest_unit_test_list_start = .
 *(SORT_BY_NAME(SORT_BY_ALIGNMENT(._ztest_unit_test.static.*)))
                0x00000000080067e8                _ztest_unit_test_list_end = .
                0x00000000080067e8                _ztest_test_rule_list_start = .
 *(SORT_BY_NAME(SORT_BY_ALIGNMENT(._ztest_test_rule.static.*)))
                0x00000000080067e8                _ztest_test_rule_list_end = .

bt_l2cap_fixed_chan_area
                0x00000000080067e8        0x0
                0x00000000080067e8                _bt_l2cap_fixed_chan_list_start = .
 *(SORT_BY_NAME(SORT_BY_ALIGNMENT(._bt_l2cap_fixed_chan.static.*)))
                0x00000000080067e8                _bt_l2cap_fixed_chan_list_end = .

bt_gatt_service_static_area
                0x00000000080067e8        0x0
                0x00000000080067e8                _bt_gatt_service_static_list_start = .
 *(SORT_BY_NAME(SORT_BY_ALIGNMENT(._bt_gatt_service_static.static.*)))
                0x00000000080067e8                _bt_gatt_service_static_list_end = .

log_strings_area
                0x00000000080067e8        0x0
                0x00000000080067e8                _log_strings_list_start = .
 *(SORT_BY_NAME(SORT_BY_ALIGNMENT(._log_strings.static.*)))
                0x00000000080067e8                _log_strings_list_end = .

log_const_area  0x00000000080067e8       0x58
                0x00000000080067e8                _log_const_list_start = .
 *(SORT_BY_NAME(SORT_BY_ALIGNMENT(._log_const.static.*)))
 ._log_const.static.log_const_cbprintf_package_
                0x00000000080067e8        0x8 zephyr/libzephyr.a(cbprintf_packaged.c.obj)
                0x00000000080067e8                log_const_cbprintf_package
 ._log_const.static.log_const_led_gpio_
                0x00000000080067f0        0x8 zephyr/drivers/led/libdrivers__led.a(led_gpio.c.obj)
                0x00000000080067f0                log_const_led_gpio
 ._log_const.static.log_const_led_pwm_
                0x00000000080067f8        0x8 zephyr/drivers/led/libdrivers__led.a(led_pwm.c.obj)
                0x00000000080067f8                log_const_led_pwm
 ._log_const.static.log_const_log_
                0x0000000008006800        0x8 zephyr/libzephyr.a(log_core.c.obj)
                0x0000000008006800                log_const_log
 ._log_const.static.log_const_log_mgmt_
                0x0000000008006808        0x8 zephyr/libzephyr.a(log_mgmt.c.obj)
                0x0000000008006808                log_const_log_mgmt
 ._log_const.static.log_const_log_uart_
                0x0000000008006810        0x8 zephyr/libzephyr.a(log_backend_uart.c.obj)
                0x0000000008006810                log_const_log_uart
 ._log_const.static.log_const_main_
                0x0000000008006818        0x8 app/libapp.a(main.c.obj)
                0x0000000008006818                log_const_main
 ._log_const.static.log_const_mpu_
                0x0000000008006820        0x8 zephyr/arch/arch/arm/core/mpu/libarch__arm__core__mpu.a(arm_core_mpu.c.obj)
                0x0000000008006820                log_const_mpu
 ._log_const.static.log_const_os_
                0x0000000008006828        0x8 zephyr/kernel/libkernel.a(init.c.obj)
                0x0000000008006828                log_const_os
 ._log_const.static.log_const_pwm_stm32_
                0x0000000008006830        0x8 zephyr/drivers/pwm/libdrivers__pwm.a(pwm_stm32.c.obj)
                0x0000000008006830                log_const_pwm_stm32
 ._log_const.static.log_const_uart_stm32_
                0x0000000008006838        0x8 zephyr/drivers/serial/libdrivers__serial.a(uart_stm32.c.obj)
                0x0000000008006838                log_const_uart_stm32
                0x0000000008006840                _log_const_list_end = .

log_backend_area
                0x0000000008006840       0x10
                0x0000000008006840                _log_backend_list_start = .
 *(SORT_BY_NAME(SORT_BY_ALIGNMENT(._log_backend.static.*)))
 ._log_backend.static.log_backend_uart_
                0x0000000008006840       0x10 zephyr/libzephyr.a(log_backend_uart.c.obj)
                0x0000000008006850                _log_backend_list_end = .

log_link_area   0x0000000008006850        0x0
                0x0000000008006850                _log_link_list_start = .
 *(SORT_BY_NAME(SORT_BY_ALIGNMENT(._log_link.static.*)))
                0x0000000008006850                _log_link_list_end = .

tracing_backend_area
                0x0000000008006850        0x0
                0x0000000008006850                _tracing_backend_list_start = .
 *(SORT_BY_NAME(SORT_BY_ALIGNMENT(._tracing_backend.static.*)))
                0x0000000008006850                _tracing_backend_list_end = .

zephyr_dbg_info
                0x0000000008006850       0x44
 *(SORT_BY_ALIGNMENT(.dbg_thread_info))
 .dbg_thread_info
                0x0000000008006850       0x44 zephyr/libzephyr.a(thread_info.c.obj)
                0x0000000008006850                _kernel_openocd_size_t_size
                0x0000000008006850                _kernel_thread_info_size_t_size
                0x0000000008006854                _kernel_thread_info_num_offsets
                0x0000000008006854                _kernel_openocd_num_offsets
                0x0000000008006858                _kernel_thread_info_offsets
                0x0000000008006858                _kernel_openocd_offsets

symbol_to_keep  0x0000000008006894        0x0
                0x0000000008006894                __symbol_to_keep_start = .
 *(SORT_BY_NAME(SORT_BY_ALIGNMENT(.symbol_to_keep*)))
                0x0000000008006894                __symbol_to_keep_end = .

shell_area      0x0000000008006894        0x0
                0x0000000008006894                _shell_list_start = .
 *(SORT_BY_NAME(SORT_BY_ALIGNMENT(._shell.static.*)))
                0x0000000008006894                _shell_list_end = .

shell_root_cmds_area
                0x0000000008006894        0x0
                0x0000000008006894                _shell_root_cmds_list_start = .
 *(SORT_BY_NAME(SORT_BY_ALIGNMENT(._shell_root_cmds.static.*)))
                0x0000000008006894                _shell_root_cmds_list_end = .

shell_subcmds_area
                0x0000000008006894        0x0
                0x0000000008006894                _shell_subcmds_list_start = .
 *(SORT_BY_NAME(SORT_BY_ALIGNMENT(._shell_subcmds.static.*)))
                0x0000000008006894                _shell_subcmds_list_end = .

shell_dynamic_subcmds_area
                0x0000000008006894        0x0
                0x0000000008006894                _shell_dynamic_subcmds_list_start = .
 *(SORT_BY_NAME(SORT_BY_ALIGNMENT(._shell_dynamic_subcmds.static.*)))
                0x0000000008006894                _shell_dynamic_subcmds_list_end = .

cfb_font_area   0x0000000008006894        0x0
                0x0000000008006894                _cfb_font_list_start = .
 *(SORT_BY_NAME(SORT_BY_ALIGNMENT(._cfb_font.static.*)))
                0x0000000008006894                _cfb_font_list_end = .

tdata           0x0000000008006894        0x0
 *(SORT_BY_ALIGNMENT(.tdata) SORT_BY_ALIGNMENT(.tdata.*) SORT_BY_ALIGNMENT(.gnu.linkonce.td.*))

tbss            0x0000000008006894        0x4
 *(SORT_BY_ALIGNMENT(.tbss) SORT_BY_ALIGNMENT(.tbss.*) SORT_BY_ALIGNMENT(.gnu.linkonce.tb.*) SORT_BY_ALIGNMENT(.tcommon))
 .tbss.z_tls_current
                0x0000000008006894        0x4 zephyr/libzephyr.a(thread_entry.c.obj)
                0x0000000008006894                z_tls_current
                0x0000000008006894                PROVIDE (__tdata_start = LOADADDR (tdata))
                0x0000000000000000                PROVIDE (__tdata_size = SIZEOF (tdata))
                [!provide]                        PROVIDE (__tdata_end = (__tdata_start + __tdata_size))
                0x0000000000000001                PROVIDE (__tdata_align = ALIGNOF (tdata))
                [!provide]                        PROVIDE (__tbss_start = ADDR (tbss))
                0x0000000000000004                PROVIDE (__tbss_size = SIZEOF (tbss))
                [!provide]                        PROVIDE (__tbss_end = (__tbss_start + __tbss_size))
                0x0000000000000004                PROVIDE (__tbss_align = ALIGNOF (tbss))
                [!provide]                        PROVIDE (__tls_start = __tdata_start)
                [!provide]                        PROVIDE (__tls_end = __tbss_end)
                [!provide]                        PROVIDE (__tls_size = (__tbss_end - __tdata_start))

rodata          0x0000000008006894      0xf58
 *(SORT_BY_ALIGNMENT(.rodata))
 .rodata        0x0000000008006894        0x8 zephyr/drivers/gpio/libdrivers__gpio.a(gpio_stm32.c.obj)
 *(SORT_BY_ALIGNMENT(.rodata.*))
 .rodata.run_led_test.str1.4
                0x000000000800689c      0x11b app/libapp.a(main.c.obj)
 *fill*         0x00000000080069b7        0x1 
 .rodata.main.str1.4
                0x00000000080069b8       0x17 app/libapp.a(main.c.obj)
 *fill*         0x00000000080069cf        0x1 
 .rodata.str1.4
                0x00000000080069d0       0x11 app/libapp.a(main.c.obj)
 *fill*         0x00000000080069e1        0x3 
 .rodata.str1.4
                0x00000000080069e4       0x11 zephyr/libzephyr.a(cbprintf_packaged.c.obj)
 *fill*         0x00000000080069f5        0x3 
 .rodata.format_table
                0x00000000080069f8       0x10 zephyr/libzephyr.a(log_core.c.obj)
 .rodata.str1.4
                0x0000000008006a08        0x4 zephyr/libzephyr.a(log_core.c.obj)
 .rodata.str1.4
                0x0000000008006a0c        0x9 zephyr/libzephyr.a(log_mgmt.c.obj)
 *fill*         0x0000000008006a15        0x3 
 .rodata.timestamp_print.str1.4
                0x0000000008006a18       0x28 zephyr/libzephyr.a(log_output.c.obj)
 .rodata.color_print.str1.4
                0x0000000008006a40        0xb zephyr/libzephyr.a(log_output.c.obj)
 *fill*         0x0000000008006a4b        0x1 
 .rodata.ids_print.str1.4
                0x0000000008006a4c       0x18 zephyr/libzephyr.a(log_output.c.obj)
 .rodata.prefix_print.str1.4
                0x0000000008006a64        0x4 zephyr/libzephyr.a(log_output.c.obj)
 .rodata.newline_print.str1.4
                0x0000000008006a68        0x3 zephyr/libzephyr.a(log_output.c.obj)
                                          0x7 (size before relaxing)
 *fill*         0x0000000008006a6b        0x1 
 .rodata.hexdump_line_print.str1.4
                0x0000000008006a6c       0x13 zephyr/libzephyr.a(log_output.c.obj)
                                         0x17 (size before relaxing)
 *fill*         0x0000000008006a7f        0x1 
 .rodata.str1.4
                0x0000000008006a80       0x20 zephyr/libzephyr.a(log_output.c.obj)
 .rodata.colors
                0x0000000008006aa0       0x14 zephyr/libzephyr.a(log_output.c.obj)
 .rodata.severity
                0x0000000008006ab4       0x14 zephyr/libzephyr.a(log_output.c.obj)
 .rodata.str1.4
                0x0000000008006ac8       0x1d zephyr/libzephyr.a(log_backend_uart.c.obj)
 *fill*         0x0000000008006ae5        0x3 
 .rodata.lbu_cb_ctx
                0x0000000008006ae8        0x8 zephyr/libzephyr.a(log_backend_uart.c.obj)
 .rodata.lbu_output
                0x0000000008006af0       0x10 zephyr/libzephyr.a(log_backend_uart.c.obj)
 .rodata.log_backend_uart_api
                0x0000000008006b00       0x1c zephyr/libzephyr.a(log_backend_uart.c.obj)
                0x0000000008006b00                log_backend_uart_api
 .rodata.mem_attr_region
                0x0000000008006b1c        0x0 zephyr/libzephyr.a(mem_attr.c.obj)
 .rodata.esf_dump.str1.4
                0x0000000008006b1c       0x9e zephyr/arch/arch/arm/core/libarch__arm__core.a(fatal.c.obj)
 *fill*         0x0000000008006bba        0x2 
 .rodata.get_esf.str1.4
                0x0000000008006bbc       0x2b zephyr/arch/arch/arm/core/cortex_m/libarch__arm__core__cortex_m.a(fault.c.obj)
 *fill*         0x0000000008006be7        0x1 
 .rodata.bus_fault.str1.4
                0x0000000008006be8       0xd7 zephyr/arch/arch/arm/core/cortex_m/libarch__arm__core__cortex_m.a(fault.c.obj)
 *fill*         0x0000000008006cbf        0x1 
 .rodata.usage_fault.str1.4
                0x0000000008006cc0       0xd7 zephyr/arch/arch/arm/core/cortex_m/libarch__arm__core__cortex_m.a(fault.c.obj)
 *fill*         0x0000000008006d97        0x1 
 .rodata.debug_monitor.str1.4
                0x0000000008006d98       0x24 zephyr/arch/arch/arm/core/cortex_m/libarch__arm__core__cortex_m.a(fault.c.obj)
 .rodata.reserved_exception.str1.4
                0x0000000008006dbc       0x47 zephyr/arch/arch/arm/core/cortex_m/libarch__arm__core__cortex_m.a(fault.c.obj)
 *fill*         0x0000000008006e03        0x1 
 .rodata.mem_manage_fault.str1.4
                0x0000000008006e04       0x9b zephyr/arch/arch/arm/core/cortex_m/libarch__arm__core__cortex_m.a(fault.c.obj)
 *fill*         0x0000000008006e9f        0x1 
 .rodata.hard_fault.str1.4
                0x0000000008006ea0       0x88 zephyr/arch/arch/arm/core/cortex_m/libarch__arm__core__cortex_m.a(fault.c.obj)
 .rodata.static_regions
                0x0000000008006f28        0xc zephyr/arch/arch/arm/core/mpu/libarch__arm__core__mpu.a(arm_core_mpu.c.obj)
 .rodata.str1.4
                0x0000000008006f34        0x4 zephyr/arch/arch/arm/core/mpu/libarch__arm__core__mpu.a(arm_core_mpu.c.obj)
 .rodata.region_allocate_and_init.str1.4
                0x0000000008006f38       0x26 zephyr/arch/arch/arm/core/mpu/libarch__arm__core__mpu.a(arm_mpu.c.obj)
 *fill*         0x0000000008006f5e        0x2 
 .rodata.mpu_configure_regions.str1.4
                0x0000000008006f60       0x23 zephyr/arch/arch/arm/core/mpu/libarch__arm__core__mpu.a(arm_mpu.c.obj)
 *fill*         0x0000000008006f83        0x1 
 .rodata.mpu_configure_regions_from_dt.str1.4
                0x0000000008006f84       0x22 zephyr/arch/arch/arm/core/mpu/libarch__arm__core__mpu.a(arm_mpu.c.obj)
 *fill*         0x0000000008006fa6        0x2 
 .rodata.mpu_config
                0x0000000008006fa8        0x8 zephyr/arch/arch/arm/core/mpu/libarch__arm__core__mpu.a(arm_mpu_regions.c.obj)
                0x0000000008006fa8                mpu_config
 .rodata.str1.4
                0x0000000008006fb0        0xf zephyr/arch/arch/arm/core/mpu/libarch__arm__core__mpu.a(arm_mpu_regions.c.obj)
 *fill*         0x0000000008006fbf        0x1 
 .rodata.mpu_regions
                0x0000000008006fc0       0x18 zephyr/arch/arch/arm/core/mpu/libarch__arm__core__mpu.a(arm_mpu_regions.c.obj)
 .rodata.line_range_6.0
                0x0000000008006fd8        0x2 zephyr/drivers/interrupt_controller/libdrivers__interrupt_controller.a(intc_exti_stm32.c.obj)
 *fill*         0x0000000008006fda        0x2 
 .rodata.line_range_5.1
                0x0000000008006fdc        0x2 zephyr/drivers/interrupt_controller/libdrivers__interrupt_controller.a(intc_exti_stm32.c.obj)
 *fill*         0x0000000008006fde        0x2 
 .rodata.line_range_4.2
                0x0000000008006fe0        0x2 zephyr/drivers/interrupt_controller/libdrivers__interrupt_controller.a(intc_exti_stm32.c.obj)
 *fill*         0x0000000008006fe2        0x2 
 .rodata.line_range_3.3
                0x0000000008006fe4        0x2 zephyr/drivers/interrupt_controller/libdrivers__interrupt_controller.a(intc_exti_stm32.c.obj)
 *fill*         0x0000000008006fe6        0x2 
 .rodata.line_range_2.4
                0x0000000008006fe8        0x2 zephyr/drivers/interrupt_controller/libdrivers__interrupt_controller.a(intc_exti_stm32.c.obj)
 *fill*         0x0000000008006fea        0x2 
 .rodata.line_range_1.5
                0x0000000008006fec        0x2 zephyr/drivers/interrupt_controller/libdrivers__interrupt_controller.a(intc_exti_stm32.c.obj)
 *fill*         0x0000000008006fee        0x2 
 .rodata.line_range_0.6
                0x0000000008006ff0        0x2 zephyr/drivers/interrupt_controller/libdrivers__interrupt_controller.a(intc_exti_stm32.c.obj)
 *fill*         0x0000000008006ff2        0x2 
 .rodata.str1.4
                0x0000000008006ff4       0x1e zephyr/drivers/interrupt_controller/libdrivers__interrupt_controller.a(intc_exti_stm32.c.obj)
 *fill*         0x0000000008007012        0x2 
 .rodata.str1.4
                0x0000000008007014        0xd zephyr/drivers/clock_control/libdrivers__clock_control.a(clock_stm32_ll_common.c.obj)
 *fill*         0x0000000008007021        0x3 
 .rodata.str1.4
                0x0000000008007024       0x7e zephyr/drivers/gpio/libdrivers__gpio.a(gpio_stm32.c.obj)
 *fill*         0x00000000080070a2        0x2 
 .rodata.gpio_stm32_cfg_h
                0x00000000080070a4       0x14 zephyr/drivers/gpio/libdrivers__gpio.a(gpio_stm32.c.obj)
 .rodata.gpio_stm32_cfg_g
                0x00000000080070b8       0x14 zephyr/drivers/gpio/libdrivers__gpio.a(gpio_stm32.c.obj)
 .rodata.gpio_stm32_cfg_f
                0x00000000080070cc       0x14 zephyr/drivers/gpio/libdrivers__gpio.a(gpio_stm32.c.obj)
 .rodata.gpio_stm32_cfg_e
                0x00000000080070e0       0x14 zephyr/drivers/gpio/libdrivers__gpio.a(gpio_stm32.c.obj)
 .rodata.gpio_stm32_cfg_d
                0x00000000080070f4       0x14 zephyr/drivers/gpio/libdrivers__gpio.a(gpio_stm32.c.obj)
 .rodata.gpio_stm32_cfg_c
                0x0000000008007108       0x14 zephyr/drivers/gpio/libdrivers__gpio.a(gpio_stm32.c.obj)
 .rodata.gpio_stm32_cfg_b
                0x000000000800711c       0x14 zephyr/drivers/gpio/libdrivers__gpio.a(gpio_stm32.c.obj)
 .rodata.gpio_stm32_cfg_a
                0x0000000008007130       0x14 zephyr/drivers/gpio/libdrivers__gpio.a(gpio_stm32.c.obj)
 .rodata.gpio_stm32_driver
                0x0000000008007144       0x24 zephyr/drivers/gpio/libdrivers__gpio.a(gpio_stm32.c.obj)
 .rodata.led_gpio_init.str1.4
                0x0000000008007168       0x66 zephyr/drivers/led/libdrivers__led.a(led_gpio.c.obj)
 *fill*         0x00000000080071ce        0x2 
 .rodata.str1.4
                0x00000000080071d0       0x11 zephyr/drivers/led/libdrivers__led.a(led_gpio.c.obj)
 *fill*         0x00000000080071e1        0x3 
 .rodata.led_gpio_config_0
                0x00000000080071e4        0x8 zephyr/drivers/led/libdrivers__led.a(led_gpio.c.obj)
 .rodata.gpio_dt_spec_0
                0x00000000080071ec        0x8 zephyr/drivers/led/libdrivers__led.a(led_gpio.c.obj)
 .rodata.led_gpio_api
                0x00000000080071f4       0x1c zephyr/drivers/led/libdrivers__led.a(led_gpio.c.obj)
 .rodata.led_pwm_init.str1.4
                0x0000000008007210       0x19 zephyr/drivers/led/libdrivers__led.a(led_pwm.c.obj)
                                         0x45 (size before relaxing)
 *fill*         0x0000000008007229        0x3 
 .rodata.str1.4
                0x000000000800722c       0x10 zephyr/drivers/led/libdrivers__led.a(led_pwm.c.obj)
 .rodata.led_pwm_config_0
                0x000000000800723c        0x8 zephyr/drivers/led/libdrivers__led.a(led_pwm.c.obj)
 .rodata.led_pwm_0
                0x0000000008007244       0x10 zephyr/drivers/led/libdrivers__led.a(led_pwm.c.obj)
 .rodata.led_pwm_api
                0x0000000008007254       0x1c zephyr/drivers/led/libdrivers__led.a(led_pwm.c.obj)
 .rodata.gpio_ports
                0x0000000008007270       0x2c zephyr/drivers/pinctrl/libdrivers__pinctrl.a(pinctrl_stm32.c.obj)
 .rodata.pwm_stm32_set_cycles.str1.4
                0x000000000800729c       0x6a zephyr/drivers/pwm/libdrivers__pwm.a(pwm_stm32.c.obj)
 *fill*         0x0000000008007306        0x2 
 .rodata.pwm_stm32_init.str1.4
                0x0000000008007308       0x9f zephyr/drivers/pwm/libdrivers__pwm.a(pwm_stm32.c.obj)
 *fill*         0x00000000080073a7        0x1 
 .rodata.str1.4
                0x00000000080073a8        0xa zephyr/drivers/pwm/libdrivers__pwm.a(pwm_stm32.c.obj)
                                          0xe (size before relaxing)
 *fill*         0x00000000080073b2        0x2 
 .rodata.pwm_stm32_config_0
                0x00000000080073b4       0x18 zephyr/drivers/pwm/libdrivers__pwm.a(pwm_stm32.c.obj)
 .rodata.__pinctrl_dev_config__device_dts_ord_46
                0x00000000080073cc        0x8 zephyr/drivers/pwm/libdrivers__pwm.a(pwm_stm32.c.obj)
 .rodata.__pinctrl_states__device_dts_ord_46
                0x00000000080073d4        0x8 zephyr/drivers/pwm/libdrivers__pwm.a(pwm_stm32.c.obj)
 .rodata.__pinctrl_state_pins_0__device_dts_ord_46
                0x00000000080073dc        0x8 zephyr/drivers/pwm/libdrivers__pwm.a(pwm_stm32.c.obj)
 .rodata.pwm_stm32_driver_api
                0x00000000080073e4        0x8 zephyr/drivers/pwm/libdrivers__pwm.a(pwm_stm32.c.obj)
 .rodata.set_timer_compare
                0x00000000080073ec       0x10 zephyr/drivers/pwm/libdrivers__pwm.a(pwm_stm32.c.obj)
 .rodata.ch2ll_n
                0x00000000080073fc        0xc zephyr/drivers/pwm/libdrivers__pwm.a(pwm_stm32.c.obj)
 .rodata.ch2ll  0x0000000008007408       0x10 zephyr/drivers/pwm/libdrivers__pwm.a(pwm_stm32.c.obj)
 .rodata.SHIFT_TAB_CCxP
                0x0000000008007418        0x7 zephyr/drivers/pwm/libdrivers__pwm.a(pwm_stm32.c.obj)
 *fill*         0x000000000800741f        0x1 
 .rodata.SHIFT_TAB_OCxx
                0x0000000008007420        0x7 zephyr/drivers/pwm/libdrivers__pwm.a(pwm_stm32.c.obj)
 *fill*         0x0000000008007427        0x1 
 .rodata.OFFSET_TAB_CCMRx
                0x0000000008007428        0x7 zephyr/drivers/pwm/libdrivers__pwm.a(pwm_stm32.c.obj)
 *fill*         0x000000000800742f        0x1 
 .rodata.str1.4
                0x0000000008007430       0x11 zephyr/drivers/reset/libdrivers__reset.a(reset_stm32.c.obj)
 *fill*         0x0000000008007441        0x3 
 .rodata.reset_stm32_config
                0x0000000008007444        0x4 zephyr/drivers/reset/libdrivers__reset.a(reset_stm32.c.obj)
 .rodata.reset_stm32_driver_api
                0x0000000008007448       0x10 zephyr/drivers/reset/libdrivers__reset.a(reset_stm32.c.obj)
 .rodata.uart_stm32_set_baudrate.str1.4
                0x0000000008007458       0x2e zephyr/drivers/serial/libdrivers__serial.a(uart_stm32.c.obj)
 *fill*         0x0000000008007486        0x2 
 .rodata.uart_stm32_clocks_enable.str1.4
                0x0000000008007488       0x20 zephyr/drivers/serial/libdrivers__serial.a(uart_stm32.c.obj)
                                         0x40 (size before relaxing)
 .rodata.uart_stm32_registers_configure.str1.4
                0x00000000080074a8       0x1b zephyr/drivers/serial/libdrivers__serial.a(uart_stm32.c.obj)
 *fill*         0x00000000080074c3        0x1 
 .rodata.str1.4
                0x00000000080074c4       0x2b zephyr/drivers/serial/libdrivers__serial.a(uart_stm32.c.obj)
 *fill*         0x00000000080074ef        0x1 
 .rodata.uart_stm32_cfg_1
                0x00000000080074f0       0x24 zephyr/drivers/serial/libdrivers__serial.a(uart_stm32.c.obj)
 .rodata.pclken_1
                0x0000000008007514        0x8 zephyr/drivers/serial/libdrivers__serial.a(uart_stm32.c.obj)
 .rodata.__pinctrl_dev_config__device_dts_ord_62
                0x000000000800751c        0x8 zephyr/drivers/serial/libdrivers__serial.a(uart_stm32.c.obj)
 .rodata.__pinctrl_states__device_dts_ord_62
                0x0000000008007524        0x8 zephyr/drivers/serial/libdrivers__serial.a(uart_stm32.c.obj)
 .rodata.__pinctrl_state_pins_0__device_dts_ord_62
                0x000000000800752c       0x10 zephyr/drivers/serial/libdrivers__serial.a(uart_stm32.c.obj)
 .rodata.uart_stm32_cfg_0
                0x000000000800753c       0x24 zephyr/drivers/serial/libdrivers__serial.a(uart_stm32.c.obj)
 .rodata.pclken_0
                0x0000000008007560        0x8 zephyr/drivers/serial/libdrivers__serial.a(uart_stm32.c.obj)
 .rodata.__pinctrl_dev_config__device_dts_ord_65
                0x0000000008007568        0x8 zephyr/drivers/serial/libdrivers__serial.a(uart_stm32.c.obj)
 .rodata.__pinctrl_states__device_dts_ord_65
                0x0000000008007570        0x8 zephyr/drivers/serial/libdrivers__serial.a(uart_stm32.c.obj)