Archive member included to satisfy reference by file (symbol)

app/libapp.a(main.c.obj)      (--whole-archive)
zephyr/libzephyr.a(heap.c.obj)
                              (--whole-archive)
zephyr/libzephyr.a(cbprintf_packaged.c.obj)
                              (--whole-archive)
zephyr/libzephyr.a(printk.c.obj)
                              (--whole-archive)
zephyr/libzephyr.a(sem.c.obj)
                              (--whole-archive)
zephyr/libzephyr.a(thread_entry.c.obj)
                              (--whole-archive)
zephyr/libzephyr.a(cbprintf_complete.c.obj)
                              (--whole-archive)
zephyr/libzephyr.a(assert.c.obj)
                              (--whole-archive)
zephyr/libzephyr.a(mpsc_pbuf.c.obj)
                              (--whole-archive)
zephyr/libzephyr.a(reboot.c.obj)
                              (--whole-archive)
zephyr/libzephyr.a(dec.c.obj)
                              (--whole-archive)
zephyr/libzephyr.a(hex.c.obj)
                              (--whole-archive)
zephyr/libzephyr.a(rb.c.obj)  (--whole-archive)
zephyr/libzephyr.a(timeutil.c.obj)
                              (--whole-archive)
zephyr/libzephyr.a(bitarray.c.obj)
                              (--whole-archive)
zephyr/libzephyr.a(configs.c.obj)
                              (--whole-archive)
zephyr/libzephyr.a(soc.c.obj)
                              (--whole-archive)
zephyr/libzephyr.a(stm32cube_hal.c.obj)
                              (--whole-archive)
zephyr/libzephyr.a(soc_config.c.obj)
                              (--whole-archive)
zephyr/libzephyr.a(thread_info.c.obj)
                              (--whole-archive)
zephyr/libzephyr.a(log_core.c.obj)
                              (--whole-archive)
zephyr/libzephyr.a(log_mgmt.c.obj)
                              (--whole-archive)
zephyr/libzephyr.a(log_cache.c.obj)
                              (--whole-archive)
zephyr/libzephyr.a(log_msg.c.obj)
                              (--whole-archive)
zephyr/libzephyr.a(log_output.c.obj)
                              (--whole-archive)
zephyr/libzephyr.a(log_backend_uart.c.obj)
                              (--whole-archive)
zephyr/libzephyr.a(mem_attr.c.obj)
                              (--whole-archive)
zephyr/libzephyr.a(tracing_none.c.obj)
                              (--whole-archive)
zephyr/libzephyr.a(lis2mdl_reg.c.obj)
                              (--whole-archive)
zephyr/libzephyr.a(lps22df_reg.c.obj)
                              (--whole-archive)
zephyr/libzephyr.a(lsm6dso16is_reg.c.obj)
                              (--whole-archive)
zephyr/libzephyr.a(lsm6dsv16x_reg.c.obj)
                              (--whole-archive)
zephyr/arch/common/libarch__common.a(sw_isr_common.c.obj)
                              (--whole-archive)
zephyr/arch/arch/arm/core/libarch__arm__core.a(fatal.c.obj)
                              (--whole-archive)
zephyr/arch/arch/arm/core/libarch__arm__core.a(nmi.c.obj)
                              (--whole-archive)
zephyr/arch/arch/arm/core/libarch__arm__core.a(nmi_on_reset.S.obj)
                              (--whole-archive)
zephyr/arch/arch/arm/core/libarch__arm__core.a(tls.c.obj)
                              (--whole-archive)
zephyr/arch/arch/arm/core/cortex_m/libarch__arm__core__cortex_m.a(exc_exit.S.obj)
                              (--whole-archive)
zephyr/arch/arch/arm/core/cortex_m/libarch__arm__core__cortex_m.a(fault.c.obj)
                              (--whole-archive)
zephyr/arch/arch/arm/core/cortex_m/libarch__arm__core__cortex_m.a(fault_s.S.obj)
                              (--whole-archive)
zephyr/arch/arch/arm/core/cortex_m/libarch__arm__core__cortex_m.a(fpu.c.obj)
                              (--whole-archive)
zephyr/arch/arch/arm/core/cortex_m/libarch__arm__core__cortex_m.a(reset.S.obj)
                              (--whole-archive)
zephyr/arch/arch/arm/core/cortex_m/libarch__arm__core__cortex_m.a(scb.c.obj)
                              (--whole-archive)
zephyr/arch/arch/arm/core/cortex_m/libarch__arm__core__cortex_m.a(thread_abort.c.obj)
                              (--whole-archive)
zephyr/arch/arch/arm/core/cortex_m/libarch__arm__core__cortex_m.a(vector_table.S.obj)
                              (--whole-archive)
zephyr/arch/arch/arm/core/cortex_m/libarch__arm__core__cortex_m.a(swap.c.obj)
                              (--whole-archive)
zephyr/arch/arch/arm/core/cortex_m/libarch__arm__core__cortex_m.a(swap_helper.S.obj)
                              (--whole-archive)
zephyr/arch/arch/arm/core/cortex_m/libarch__arm__core__cortex_m.a(irq_manage.c.obj)
                              (--whole-archive)
zephyr/arch/arch/arm/core/cortex_m/libarch__arm__core__cortex_m.a(prep_c.c.obj)
                              (--whole-archive)
zephyr/arch/arch/arm/core/cortex_m/libarch__arm__core__cortex_m.a(thread.c.obj)
                              (--whole-archive)
zephyr/arch/arch/arm/core/cortex_m/libarch__arm__core__cortex_m.a(cpu_idle.S.obj)
[...]
Memory Configuration

Name             Origin             Length             Attributes
FLASH            0x0000000008000000 0x0000000000080000 xr
RAM              0x0000000020000000 0x0000000000020000 xw
IDT_LIST         0x00000000ffff7fff 0x0000000000008000 xw
*default*        0x0000000000000000 0xffffffffffffffff

Linker script and memory map

                0x000000000800ae40                vfprintf = __d_vfprintf
                0x0000000000000000                vfscanf = __d_vfscanf
LOAD zephyr/CMakeFiles/zephyr_final.dir/misc/empty_file.c.obj
LOAD zephyr/CMakeFiles/zephyr_final.dir/isr_tables.c.obj
LOAD zephyr/CMakeFiles/offsets.dir/./arch/arm/core/offsets/offsets.c.obj
LOAD app/libapp.a
LOAD zephyr/libzephyr.a
LOAD zephyr/arch/common/libarch__common.a
LOAD zephyr/arch/arch/arm/core/libarch__arm__core.a
LOAD zephyr/arch/arch/arm/core/cortex_m/libarch__arm__core__cortex_m.a
LOAD zephyr/arch/arch/arm/core/mpu/libarch__arm__core__mpu.a
LOAD zephyr/lib/libc/picolibc/liblib__libc__picolibc.a
LOAD zephyr/lib/libc/common/liblib__libc__common.a
LOAD zephyr/drivers/interrupt_controller/libdrivers__interrupt_controller.a
LOAD zephyr/drivers/clock_control/libdrivers__clock_control.a
LOAD zephyr/drivers/console/libdrivers__console.a
LOAD zephyr/drivers/gpio/libdrivers__gpio.a
LOAD zephyr/drivers/i2c/libdrivers__i2c.a
LOAD zephyr/drivers/pinctrl/libdrivers__pinctrl.a
LOAD zephyr/drivers/reset/libdrivers__reset.a
LOAD zephyr/drivers/sensor/stmemsc/libdrivers__sensor__stmemsc.a
LOAD zephyr/drivers/sensor/lis2mdl/libdrivers__sensor__lis2mdl.a
LOAD zephyr/drivers/sensor/lps2xdf/libdrivers__sensor__lps2xdf.a
LOAD zephyr/drivers/sensor/lsm6dso16is/libdrivers__sensor__lsm6dso16is.a
LOAD zephyr/drivers/sensor/lsm6dsv16x/libdrivers__sensor__lsm6dsv16x.a
LOAD zephyr/drivers/serial/libdrivers__serial.a
LOAD zephyr/drivers/timer/libdrivers__timer.a
LOAD modules/stm32/stm32cube/lib..__modules__hal__stm32__stm32cube.a
LOAD zephyr/kernel/libkernel.a
LOAD /home/tim/.zephyr_ide/toolchains/zephyr-sdk-0.16.8/arm-zephyr-eabi/bin/../lib/gcc/arm-zephyr-eabi/12.2.0/thumb/v7e-m/nofp/libgcc.a
LOAD zephyr/arch/common/libisr_tables.a
LOAD /home/tim/.zephyr_ide/toolchains/zephyr-sdk-0.16.8/arm-zephyr-eabi/bin/../lib/gcc/../../picolibc/arm-zephyr-eabi/lib/thumb/v7e-m/nofp/libc.a
LOAD /home/tim/.zephyr_ide/toolchains/zephyr-sdk-0.16.8/arm-zephyr-eabi/bin/../lib/gcc/arm-zephyr-eabi/12.2.0/thumb/v7e-m/nofp/libgcc.a
                0x0000000000000020                _region_min_align = 0x20

.rel.plt        0x0000000008000000        0x0
 *(SORT_BY_ALIGNMENT(.rel.plt))
                [!provide]                        PROVIDE (__rel_iplt_start = .)
 *(SORT_BY_ALIGNMENT(.rel.iplt))
 .rel.iplt      0x0000000008000000        0x0 zephyr/CMakeFiles/zephyr_final.dir/isr_tables.c.obj
                [!provide]                        PROVIDE (__rel_iplt_end = .)

.rela.plt       0x0000000000000000        0x0
 *(SORT_BY_ALIGNMENT(.rela.plt))
                [!provide]                        PROVIDE (__rela_iplt_start = .)
 *(SORT_BY_ALIGNMENT(.rela.iplt))
                [!provide]                        PROVIDE (__rela_iplt_end = .)

.rel.dyn
 *(SORT_BY_ALIGNMENT(.rel.*))

.rela.dyn
 *(SORT_BY_ALIGNMENT(.rela.*))

/DISCARD/
 *(SORT_BY_ALIGNMENT(.plt))

/DISCARD/
 *(SORT_BY_ALIGNMENT(.iplt))
                0x0000000008000000                __rom_region_start = 0x8000000

rom_start       0x0000000008000000      0x198
                0x0000000008000000                __rom_start_address = .
 FILL mask 0x00
                0x0000000008000000                . = (. + (0x0 - (. - __rom_start_address)))
                0x0000000008000000                . = ALIGN (0x4)
                0x0000000008000000                . = ALIGN (0x80)
                0x0000000008000000                . = ALIGN (0x200)
                0x0000000008000000                _vector_start = .
 *(SORT_BY_ALIGNMENT(.exc_vector_table))
 *(SORT_BY_ALIGNMENT(.exc_vector_table.*))
 .exc_vector_table._vector_table_section
                0x0000000008000000       0x40 zephyr/arch/arch/arm/core/cortex_m/libarch__arm__core__cortex_m.a(vector_table.S.obj)
                0x0000000008000000                _vector_table
 *(SORT_BY_ALIGNMENT(.vectors))
                0x0000000008000198                _vector_end = .
                0x0000000008000040                . = ALIGN (0x4)
 *(SORT_BY_ALIGNMENT(.gnu.linkonce.irq_vector_table*))
 .gnu.linkonce.irq_vector_table
                0x0000000008000040      0x158 zephyr/CMakeFiles/zephyr_final.dir/isr_tables.c.obj
                0x0000000008000040                _irq_vector_table
                0x0000000008000198                _vector_end = .

text            0x0000000008000198    0x10154
                0x0000000008000198                __text_region_start = .
 *(SORT_BY_ALIGNMENT(.text))
 .text          0x0000000008000198      0x378 /home/tim/.zephyr_ide/toolchains/zephyr-sdk-0.16.8/arm-zephyr-eabi/bin/../lib/gcc/arm-zephyr-eabi/12.2.0/thumb/v7e-m/nofp/libgcc.a(_arm_addsubdf3.o)
                0x0000000008000198                __aeabi_drsub
                0x00000000080001a0                __aeabi_dsub
                0x00000000080001a0                __subdf3
                0x00000000080001a4                __adddf3
                0x00000000080001a4                __aeabi_dadd
                0x000000000800041c                __aeabi_ui2d
                0x000000000800041c                __floatunsidf
                0x000000000800043c                __floatsidf
                0x000000000800043c                __aeabi_i2d
                0x0000000008000460                __extendsfdf2
                0x0000000008000460                __aeabi_f2d
                0x00000000080004a4                __aeabi_ul2d
                0x00000000080004a4                __floatundidf
                0x00000000080004b4                __floatdidf
                0x00000000080004b4                __aeabi_l2d
 .text          0x0000000008000510      0x424 /home/tim/.zephyr_ide/toolchains/zephyr-sdk-0.16.8/arm-zephyr-eabi/bin/../lib/gcc/arm-zephyr-eabi/12.2.0/thumb/v7e-m/nofp/libgcc.a(_arm_muldivdf3.o)
                0x0000000008000510                __aeabi_dmul
                0x0000000008000510                __muldf3
                0x0000000008000764                __aeabi_ddiv
                0x0000000008000764                __divdf3
 .text          0x0000000008000934      0x21c /home/tim/.zephyr_ide/toolchains/zephyr-sdk-0.16.8/arm-zephyr-eabi/bin/../lib/gcc/arm-zephyr-eabi/12.2.0/thumb/v7e-m/nofp/libgcc.a(_arm_addsubsf3.o)
                0x0000000008000934                __aeabi_frsub
                0x000000000800093c                __subsf3
                0x000000000800093c                __aeabi_fsub
                0x0000000008000940                __aeabi_fadd
                0x0000000008000940                __addsf3
                0x0000000008000aa0                __aeabi_ui2f
                0x0000000008000aa0                __floatunsisf
                0x0000000008000aa8                __aeabi_i2f
                0x0000000008000aa8                __floatsisf
                0x0000000008000ac4                __floatundisf
                0x0000000008000ac4                __aeabi_ul2f
                0x0000000008000ad4                __floatdisf
                0x0000000008000ad4                __aeabi_l2f
 .text          0x0000000008000b50      0x2a0 /home/tim/.zephyr_ide/toolchains/zephyr-sdk-0.16.8/arm-zephyr-eabi/bin/../lib/gcc/arm-zephyr-eabi/12.2.0/thumb/v7e-m/nofp/libgcc.a(_arm_muldivsf3.o)
                0x0000000008000b50                __mulsf3
                0x0000000008000b50                __aeabi_fmul
                0x0000000008000cb8                __divsf3
                0x0000000008000cb8                __aeabi_fdiv
 .text          0x0000000008000df0       0xec /home/tim/.zephyr_ide/toolchains/zephyr-sdk-0.16.8/arm-zephyr-eabi/bin/../lib/gcc/arm-zephyr-eabi/12.2.0/thumb/v7e-m/nofp/libgcc.a(_arm_cmpsf2.o)
                0x0000000008000df0                __gtsf2
                0x0000000008000df0                __gesf2
                0x0000000008000df8                __lesf2
                0x0000000008000df8                __ltsf2
                0x0000000008000e00                __nesf2
                0x0000000008000e00                __eqsf2
                0x0000000008000e00                __cmpsf2
                0x0000000008000e60                __aeabi_cfrcmple
                0x0000000008000e68                __aeabi_cfcmple
                0x0000000008000e68                __aeabi_cfcmpeq
                0x0000000008000e78                __aeabi_fcmpeq
                0x0000000008000e8c                __aeabi_fcmplt
                0x0000000008000ea0                __aeabi_fcmple
                0x0000000008000eb4                __aeabi_fcmpge
                0x0000000008000ec8                __aeabi_fcmpgt
 .text          0x0000000008000edc       0xa0 /home/tim/.zephyr_ide/toolchains/zephyr-sdk-0.16.8/arm-zephyr-eabi/bin/../lib/gcc/arm-zephyr-eabi/12.2.0/thumb/v7e-m/nofp/libgcc.a(_aeabi_ldivmod.o)
                0x0000000008000edc                __aeabi_ldivmod
 .text          0x0000000008000f7c       0x30 /home/tim/.zephyr_ide/toolchains/zephyr-sdk-0.16.8/arm-zephyr-eabi/bin/../lib/gcc/arm-zephyr-eabi/12.2.0/thumb/v7e-m/nofp/libgcc.a(_aeabi_uldivmod.o)
                0x0000000008000f7c                __aeabi_uldivmod
 .text          0x0000000008000fac       0x3c /home/tim/.zephyr_ide/toolchains/zephyr-sdk-0.16.8/arm-zephyr-eabi/bin/../lib/gcc/arm-zephyr-eabi/12.2.0/thumb/v7e-m/nofp/libgcc.a(_fixunsdfdi.o)
                0x0000000008000fac                __aeabi_d2ulz
                0x0000000008000fac                __fixunsdfdi
 .text          0x0000000008000fe8        0x4 /home/tim/.zephyr_ide/toolchains/zephyr-sdk-0.16.8/arm-zephyr-eabi/bin/../lib/gcc/arm-zephyr-eabi/12.2.0/thumb/v7e-m/nofp/libgcc.a(_dvmd_tls.o)
                0x0000000008000fe8                __aeabi_ldiv0
                0x0000000008000fe8                __aeabi_idiv0
 .text          0x0000000008000fec      0x110 /home/tim/.zephyr_ide/toolchains/zephyr-sdk-0.16.8/arm-zephyr-eabi/bin/../lib/gcc/arm-zephyr-eabi/12.2.0/thumb/v7e-m/nofp/libgcc.a(_arm_cmpdf2.o)
                0x0000000008000fec                __gtdf2
                0x0000000008000fec                __gedf2
                0x0000000008000ff4                __ltdf2
                0x0000000008000ff4                __ledf2
                0x0000000008000ffc                __cmpdf2
                0x0000000008000ffc                __eqdf2
                0x0000000008000ffc                __nedf2
                0x0000000008001078                __aeabi_cdrcmple
                0x0000000008001088                __aeabi_cdcmple
                0x0000000008001088                __aeabi_cdcmpeq
                0x0000000008001098                __aeabi_dcmpeq
                0x00000000080010ac                __aeabi_dcmplt
                0x00000000080010c0                __aeabi_dcmple
                0x00000000080010d4                __aeabi_dcmpge
                0x00000000080010e8                __aeabi_dcmpgt
 .text          0x00000000080010fc       0x40 /home/tim/.zephyr_ide/toolchains/zephyr-sdk-0.16.8/arm-zephyr-eabi/bin/../lib/gcc/arm-zephyr-eabi/12.2.0/thumb/v7e-m/nofp/libgcc.a(_arm_fixunsdfsi.o)
                0x00000000080010fc                __fixunsdfsi
                0x00000000080010fc                __aeabi_d2uiz
 .text          0x000000000800113c       0x2e /home/tim/.zephyr_ide/toolchains/zephyr-sdk-0.16.8/arm-zephyr-eabi/bin/../lib/gcc/arm-zephyr-eabi/12.2.0/thumb/v7e-m/nofp/libgcc.a(_fixdfdi.o)
                0x000000000800113c                __aeabi_d2lz
                0x000000000800113c                __fixdfdi
 .text          0x000000000800116a      0x2a0 /home/tim/.zephyr_ide/toolchains/zephyr-sdk-0.16.8/arm-zephyr-eabi/bin/../lib/gcc/arm-zephyr-eabi/12.2.0/thumb/v7e-m/nofp/libgcc.a(_udivmoddi4.o)
                0x000000000800116a                __udivmoddi4
 .text          0x000000000800140a       0x10 /home/tim/.zephyr_ide/toolchains/zephyr-sdk-0.16.8/arm-zephyr-eabi/bin/../lib/gcc/../../picolibc/arm-zephyr-eabi/lib/thumb/v7e-m/nofp/libc.a(strlen.S.o)
                0x000000000800140a                strlen
 *(SORT_BY_ALIGNMENT(.text.*))
 *fill*         0x000000000800141a        0x6 
 .text.main     0x0000000008001420      0x53c app/libapp.a(main.c.obj)
                0x0000000008001420                main
 *fill*         0x000000000800195c        0x4 
 .text.sensor_rad_to_degrees
                0x0000000008001960       0xc8 zephyr/drivers/sensor/lsm6dso16is/libdrivers__sensor__lsm6dso16is.a(lsm6dso16is.c.obj)
 .text.lsm6dso16is_accel_get_channel
                0x0000000008001a28      0x144 zephyr/drivers/sensor/lsm6dso16is/libdrivers__sensor__lsm6dso16is.a(lsm6dso16is.c.obj)
 *fill*         0x0000000008001b6c        0x4 
 .text.lsm6dso16is_gyro_get_channel
                0x0000000008001b70      0x144 zephyr/drivers/sensor/lsm6dso16is/libdrivers__sensor__lsm6dso16is.a(lsm6dso16is.c.obj)
 *fill*         0x0000000008001cb4        0x4 
 .text.lsm6dso16is_accel_config
                0x0000000008001cb8      0x14c zephyr/drivers/sensor/lsm6dso16is/libdrivers__sensor__lsm6dso16is.a(lsm6dso16is.c.obj)
 *fill*         0x0000000008001e04        0x4 
 .text.sensor_rad_to_degrees
                0x0000000008001e08       0xc8 zephyr/drivers/sensor/lsm6dsv16x/libdrivers__sensor__lsm6dsv16x.a(lsm6dsv16x.c.obj)
 .text.lsm6dsv16x_accel_get_channel
                0x0000000008001ed0      0x144 zephyr/drivers/sensor/lsm6dsv16x/libdrivers__sensor__lsm6dsv16x.a(lsm6dsv16x.c.obj)
 *fill*         0x0000000008002014        0x4 
 .text.lsm6dsv16x_gyro_get_channel
                0x0000000008002018      0x144 zephyr/drivers/sensor/lsm6dsv16x/libdrivers__sensor__lsm6dsv16x.a(lsm6dsv16x.c.obj)
 *fill*         0x000000000800215c        0x4 
 .text.lsm6dsv16x_accel_config
                0x0000000008002160      0x174 zephyr/drivers/sensor/lsm6dsv16x/libdrivers__sensor__lsm6dsv16x.a(lsm6dsv16x.c.obj)
 .text.lps22df_trigger_handler
                0x00000000080022d4       0x18 app/libapp.a(main.c.obj)
 .text.lis2mdl_trigger_handler
                0x00000000080022ec       0x18 app/libapp.a(main.c.obj)
 .text.lsm6dso16is_acc_trig_handler
                0x0000000008002304       0x18 app/libapp.a(main.c.obj)
 .text.lsm6dsv16x_acc_trig_handler
                0x000000000800231c       0x18 app/libapp.a(main.c.obj)
 .text.lis2mdl_config
                0x0000000008002334       0x44 app/libapp.a(main.c.obj)
 .text.lsm6dso16is_config
                0x0000000008002378       0xd8 app/libapp.a(main.c.obj)
 .text.lsm6dsv16x_config
                0x0000000008002450       0xd8 app/libapp.a(main.c.obj)
 .text.lps22df_config
                0x0000000008002528       0x44 app/libapp.a(main.c.obj)
 .text.cbvprintf_package
                0x000000000800256c      0x4b8 zephyr/libzephyr.a(cbprintf_packaged.c.obj)
                0x000000000800256c                cbvprintf_package
 .text.cbprintf_package_convert
                0x0000000008002a24      0x4b4 zephyr/libzephyr.a(cbprintf_packaged.c.obj)
                0x0000000008002a24                cbprintf_package_convert
 .text.__printk_hook_install
                0x0000000008002ed8        0xc zephyr/libzephyr.a(printk.c.obj)
                0x0000000008002ed8                __printk_hook_install
 .text.z_thread_entry
                0x0000000008002ee4       0x34 zephyr/libzephyr.a(thread_entry.c.obj)
                0x0000000008002ee4                z_thread_entry
 .text.st_stm32f4_init
                0x0000000008002f18       0x28 zephyr/libzephyr.a(soc.c.obj)
 .text.st_stm32_common_config
                0x0000000008002f40       0x14 zephyr/libzephyr.a(soc_config.c.obj)
 .text.msg_process
                0x0000000008002f54       0x3c zephyr/libzephyr.a(log_core.c.obj)
 .text.log_backend_notify_all
                0x0000000008002f90       0x30 zephyr/libzephyr.a(log_core.c.obj)
 .text.default_lf_get_timestamp
                0x0000000008002fc0       0x48 zephyr/libzephyr.a(log_core.c.obj)
 .text.activate_foreach_backend
                0x0000000008003008       0x64 zephyr/libzephyr.a(log_core.c.obj)
 .text.z_log_init
                0x000000000800306c       0x98 zephyr/libzephyr.a(log_core.c.obj)
 .text.thread_set
                0x0000000008003104       0x28 zephyr/libzephyr.a(log_core.c.obj)
 .text.log_process_thread_timer_expiry_fn
                0x000000000800312c       0x10 zephyr/libzephyr.a(log_core.c.obj)
 .text.enable_logger
                0x000000000800313c       0x5c zephyr/libzephyr.a(log_core.c.obj)
 .text.log_format_func_t_get
                0x0000000008003198        0xc zephyr/libzephyr.a(log_core.c.obj)
                0x0000000008003198                log_format_func_t_get
 .text.log_set_timestamp_func
                0x00000000080031a4       0x24 zephyr/libzephyr.a(log_core.c.obj)
                0x00000000080031a4                log_set_timestamp_func
 .text.z_log_notify_backend_enabled
                0x00000000080031c8       0x20 zephyr/libzephyr.a(log_core.c.obj)
                0x00000000080031c8                z_log_notify_backend_enabled
 .text.z_log_dropped
                0x00000000080031e8       0x40 zephyr/libzephyr.a(log_core.c.obj)
                0x00000000080031e8                z_log_dropped
 .text.z_log_dropped_read_and_clear
                0x0000000008003228       0x20 zephyr/libzephyr.a(log_core.c.obj)
                0x0000000008003228                z_log_dropped_read_and_clear
 .text.dropped_notify
                0x0000000008003248       0x38 zephyr/libzephyr.a(log_core.c.obj)
                0x0000000008003248                dropped_notify
 .text.z_log_dropped_pending
                0x0000000008003280       0x14 zephyr/libzephyr.a(log_core.c.obj)
                0x0000000008003280                z_log_dropped_pending
 .text.z_log_msg_init
                0x0000000008003294       0x20 zephyr/libzephyr.a(log_core.c.obj)
                0x0000000008003294                z_log_msg_init
 .text.log_core_init
                0x00000000080032b4       0x30 zephyr/libzephyr.a(log_core.c.obj)
                0x00000000080032b4                log_core_init
 .text.z_log_msg_alloc
                0x00000000080032e4       0x10 zephyr/libzephyr.a(log_core.c.obj)
                0x00000000080032e4                z_log_msg_alloc
 .text.z_log_msg_local_claim
                0x00000000080032f4       0x10 zephyr/libzephyr.a(log_core.c.obj)
                0x00000000080032f4                z_log_msg_local_claim
 .text.z_log_msg_free
                0x0000000008003304       0x14 zephyr/libzephyr.a(log_core.c.obj)
                0x0000000008003304                z_log_msg_free
 .text.z_log_msg_pending
                0x0000000008003318       0x10 zephyr/libzephyr.a(log_core.c.obj)
                0x0000000008003318                z_log_msg_pending
 .text.z_impl_log_process
                0x0000000008003328       0xd0 zephyr/libzephyr.a(log_core.c.obj)
                0x0000000008003328                z_impl_log_process
 .text.z_impl_log_panic
                0x00000000080033f8       0x4c zephyr/libzephyr.a(log_core.c.obj)
                0x00000000080033f8                z_impl_log_panic
 .text.z_log_msg_post_finalize
                0x0000000008003444       0x88 zephyr/libzephyr.a(log_core.c.obj)
 .text.z_log_msg_commit
                0x00000000080034cc       0x20 zephyr/libzephyr.a(log_core.c.obj)
                0x00000000080034cc                z_log_msg_commit
 .text.log_process_thread_func
                0x00000000080034ec       0x78 zephyr/libzephyr.a(log_core.c.obj)
 .text.log_src_cnt_get
                0x0000000008003564       0x14 zephyr/libzephyr.a(log_mgmt.c.obj)
                0x0000000008003564                log_src_cnt_get
 .text.log_source_name_get
                0x0000000008003578       0x1c zephyr/libzephyr.a(log_mgmt.c.obj)
                0x0000000008003578                log_source_name_get
 .text.log_backend_enable
                0x0000000008003594       0x2c zephyr/libzephyr.a(log_mgmt.c.obj)
                0x0000000008003594                log_backend_enable
 .text.cbprintf_package_copy
                0x00000000080035c0       0x30 zephyr/libzephyr.a(log_msg.c.obj)
 .text.z_impl_z_log_msg_static_create
                0x00000000080035f0      0x158 zephyr/libzephyr.a(log_msg.c.obj)
                0x00000000080035f0                z_impl_z_log_msg_static_create
 .text.print_formatted
                0x0000000008003748       0x24 zephyr/libzephyr.a(log_output.c.obj)
 .text.timestamp_print
                0x000000000800376c       0x8c zephyr/libzephyr.a(log_output.c.obj)
 .text.color_print
                0x00000000080037f8       0x2c zephyr/libzephyr.a(log_output.c.obj)
 .text.ids_print
                0x0000000008003824       0x70 zephyr/libzephyr.a(log_output.c.obj)
 .text.prefix_print
                0x0000000008003894       0x88 zephyr/libzephyr.a(log_output.c.obj)
 .text.newline_print
                0x000000000800391c       0x28 zephyr/libzephyr.a(log_output.c.obj)
 .text.hexdump_line_print
                0x0000000008003944       0xc4 zephyr/libzephyr.a(log_output.c.obj)
 .text.log_output_process
                0x0000000008003a08       0x88 zephyr/libzephyr.a(log_output.c.obj)
                0x0000000008003a08                log_output_process
 .text.log_output_msg_process
                0x0000000008003a90       0x70 zephyr/libzephyr.a(log_output.c.obj)
                0x0000000008003a90                log_output_msg_process
 .text.log_output_dropped_process
                0x0000000008003b00       0x58 zephyr/libzephyr.a(log_output.c.obj)
                0x0000000008003b00                log_output_dropped_process
 .text.log_output_timestamp_freq_set
                0x0000000008003b58       0x2c zephyr/libzephyr.a(log_output.c.obj)
                0x0000000008003b58                log_output_timestamp_freq_set
 .text.char_out
                0x0000000008003b84       0x24 zephyr/libzephyr.a(log_backend_uart.c.obj)
 .text.mem_attr_get_regions
                0x0000000008003ba8        0xc zephyr/libzephyr.a(mem_attr.c.obj)
                0x0000000008003ba8                mem_attr_get_regions
 .text.lps22df_from_lsb_to_celsius
                0x0000000008003bb4       0x14 zephyr/libzephyr.a(lps22df_reg.c.obj)
                0x0000000008003bb4                lps22df_from_lsb_to_celsius
 .text.esf_dump
                0x0000000008003bc8      0x160 zephyr/arch/arch/arm/core/libarch__arm__core.a(fatal.c.obj)
 .text.z_arm_nmi
                0x0000000008003d28       0x14 zephyr/arch/arch/arm/core/libarch__arm__core.a(nmi.c.obj)
                0x0000000008003d28                z_arm_nmi
 .text.z_SysNmiOnReset
                0x0000000008003d3c        0x8 zephyr/arch/arch/arm/core/libarch__arm__core.a(nmi_on_reset.S.obj)
                0x0000000008003d3c                z_SysNmiOnReset
 .text.z_tls_copy
                0x0000000008003d44       0x38 zephyr/arch/arch/arm/core/libarch__arm__core.a(tls.c.obj)
 .text.arch_tls_stack_setup
                0x0000000008003d7c       0x48 zephyr/arch/arch/arm/core/libarch__arm__core.a(tls.c.obj)
                0x0000000008003d7c                arch_tls_stack_setup
 .text._HandlerModeExit
                0x0000000008003dc4       0x1c zephyr/arch/arch/arm/core/cortex_m/libarch__arm__core__cortex_m.a(exc_exit.S.obj)
                0x0000000008003dc4                z_arm_exc_exit
                0x0000000008003dc4                z_arm_int_exit
 .text.z_arm_is_synchronous_svc
                0x0000000008003de0       0x3c zephyr/arch/arch/arm/core/cortex_m/libarch__arm__core__cortex_m.a(fault.c.obj)
 .text.get_esf  0x0000000008003e1c       0x48 zephyr/arch/arch/arm/core/cortex_m/libarch__arm__core__cortex_m.a(fault.c.obj)
 .text.usage_fault
                0x0000000008003e64       0xd4 zephyr/arch/arch/arm/core/cortex_m/libarch__arm__core__cortex_m.a(fault.c.obj)
 .text.debug_monitor
                0x0000000008003f38       0x1c zephyr/arch/arch/arm/core/cortex_m/libarch__arm__core__cortex_m.a(fault.c.obj)
 .text.reserved_exception
                0x0000000008003f54       0xd8 zephyr/arch/arch/arm/core/cortex_m/libarch__arm__core__cortex_m.a(fault.c.obj)
 .text.bus_fault
                0x000000000800402c      0x110 zephyr/arch/arch/arm/core/cortex_m/libarch__arm__core__cortex_m.a(fault.c.obj)
 .text.mem_manage_fault
                0x000000000800413c      0x148 zephyr/arch/arch/arm/core/cortex_m/libarch__arm__core__cortex_m.a(fault.c.obj)
 .text.hard_fault
                0x0000000008004284       0xd0 zephyr/arch/arch/arm/core/cortex_m/libarch__arm__core__cortex_m.a(fault.c.obj)
 .text.z_arm_fault
                0x0000000008004354       0x88 zephyr/arch/arch/arm/core/cortex_m/libarch__arm__core__cortex_m.a(fault.c.obj)
                0x0000000008004354                z_arm_fault
 .text.z_arm_fault_init
                0x00000000080043dc       0x10 zephyr/arch/arch/arm/core/cortex_m/libarch__arm__core__cortex_m.a(fault.c.obj)
                0x00000000080043dc                z_arm_fault_init
 .text.__fault  0x00000000080043ec       0x14 zephyr/arch/arch/arm/core/cortex_m/libarch__arm__core__cortex_m.a(fault_s.S.obj)
                0x00000000080043ec                z_arm_bus_fault
                0x00000000080043ec                z_arm_usage_fault
                0x00000000080043ec                z_arm_mpu_fault
                0x00000000080043ec                z_arm_exc_spurious
                0x00000000080043ec                z_arm_debug_monitor
                0x00000000080043ec                z_arm_hard_fault
 .text._reset_section
                0x0000000008004400       0x34 zephyr/arch/arch/arm/core/cortex_m/libarch__arm__core__cortex_m.a(reset.S.obj)
                0x0000000008004400                z_arm_reset
                0x0000000008004400                __start
 .text.z_impl_k_thread_abort
                0x0000000008004434       0x34 zephyr/arch/arch/arm/core/cortex_m/libarch__arm__core__cortex_m.a(thread_abort.c.obj)
                0x0000000008004434                z_impl_k_thread_abort
 .text.arch_swap
                0x0000000008004468       0x34 zephyr/arch/arch/arm/core/cortex_m/libarch__arm__core__cortex_m.a(swap.c.obj)
                0x0000000008004468                arch_swap
 .text.z_arm_pendsv
                0x000000000800449c       0x68 zephyr/arch/arch/arm/core/cortex_m/libarch__arm__core__cortex_m.a(swap_helper.S.obj)
                0x000000000800449c                z_arm_pendsv
 .text.z_arm_svc
                0x0000000008004504       0x20 zephyr/arch/arch/arm/core/cortex_m/libarch__arm__core__cortex_m.a(swap_helper.S.obj)
                0x0000000008004504                z_arm_svc
 .text.__NVIC_EnableIRQ
                0x0000000008004524       0x1c zephyr/arch/arch/arm/core/cortex_m/libarch__arm__core__cortex_m.a(irq_manage.c.obj)
 .text.__NVIC_SetPriority
                0x0000000008004540       0x28 zephyr/arch/arch/arm/core/cortex_m/libarch__arm__core__cortex_m.a(irq_manage.c.obj)
 .text.z_prep_c
                0x0000000008004568       0x48 zephyr/arch/arch/arm/core/cortex_m/libarch__arm__core__cortex_m.a(prep_c.c.obj)
                0x0000000008004568                z_prep_c
 .text.arch_new_thread
                0x00000000080045b0       0x44 zephyr/arch/arch/arm/core/cortex_m/libarch__arm__core__cortex_m.a(thread.c.obj)
                0x00000000080045b0                arch_new_thread
 .text.z_check_thread_stack_fail
                0x00000000080045f4       0x48 zephyr/arch/arch/arm/core/cortex_m/libarch__arm__core__cortex_m.a(thread.c.obj)
                0x00000000080045f4                z_check_thread_stack_fail
 .text.arch_switch_to_main_thread
                0x000000000800463c       0x38 zephyr/arch/arch/arm/core/cortex_m/libarch__arm__core__cortex_m.a(thread.c.obj)
                0x000000000800463c                arch_switch_to_main_thread
 .text.z_arm_cpu_idle_init
                0x0000000008004674        0xc zephyr/arch/arch/arm/core/cortex_m/libarch__arm__core__cortex_m.a(cpu_idle.S.obj)
                0x0000000008004674                z_arm_cpu_idle_init
 .text.arch_cpu_idle
                0x0000000008004680       0x1c zephyr/arch/arch/arm/core/cortex_m/libarch__arm__core__cortex_m.a(cpu_idle.S.obj)
                0x0000000008004680                arch_cpu_idle
 .text.z_arm_interrupt_init
                0x000000000800469c       0x34 zephyr/arch/arch/arm/core/cortex_m/libarch__arm__core__cortex_m.a(irq_init.c.obj)
                0x000000000800469c                z_arm_interrupt_init
 .text._isr_wrapper
                0x00000000080046d0       0x28 zephyr/arch/arch/arm/core/cortex_m/libarch__arm__core__cortex_m.a(isr_wrapper.S.obj)
                0x00000000080046d0                _isr_wrapper
 .text.z_arm_configure_static_mpu_regions
                0x00000000080046f8       0x1c zephyr/arch/arch/arm/core/mpu/libarch__arm__core__mpu.a(arm_core_mpu.c.obj)
                0x00000000080046f8                z_arm_configure_static_mpu_regions
 .text.z_arm_configure_dynamic_mpu_regions
                0x0000000008004714       0x24 zephyr/arch/arch/arm/core/mpu/libarch__arm__core__mpu.a(arm_core_mpu.c.obj)
                0x0000000008004714                z_arm_configure_dynamic_mpu_regions
 .text.region_init
                0x0000000008004738       0x28 zephyr/arch/arch/arm/core/mpu/libarch__arm__core__mpu.a(arm_mpu.c.obj)
 .text.region_allocate_and_init
                0x0000000008004760       0x3c zephyr/arch/arch/arm/core/mpu/libarch__arm__core__mpu.a(arm_mpu.c.obj)
 .text.mpu_configure_regions
                0x000000000800479c       0x64 zephyr/arch/arch/arm/core/mpu/libarch__arm__core__mpu.a(arm_mpu.c.obj)
 .text.mpu_configure_static_mpu_regions
                0x0000000008004800       0x14 zephyr/arch/arch/arm/core/mpu/libarch__arm__core__mpu.a(arm_mpu.c.obj)
 .text.mpu_configure_dynamic_mpu_regions
                0x0000000008004814       0x3c zephyr/arch/arch/arm/core/mpu/libarch__arm__core__mpu.a(arm_mpu.c.obj)
 .text.mpu_configure_regions_from_dt
                0x0000000008004850      0x1c4 zephyr/arch/arch/arm/core/mpu/libarch__arm__core__mpu.a(arm_mpu.c.obj)
 .text.arm_core_mpu_enable
                0x0000000008004a14       0x18 zephyr/arch/arch/arm/core/mpu/libarch__arm__core__mpu.a(arm_mpu.c.obj)
                0x0000000008004a14                arm_core_mpu_enable
 .text.arm_core_mpu_disable
                0x0000000008004a2c       0x14 zephyr/arch/arch/arm/core/mpu/libarch__arm__core__mpu.a(arm_mpu.c.obj)
                0x0000000008004a2c                arm_core_mpu_disable
 .text.z_arm_mpu_init
                0x0000000008004a40       0x80 zephyr/arch/arch/arm/core/mpu/libarch__arm__core__mpu.a(arm_mpu.c.obj)
                0x0000000008004a40                z_arm_mpu_init
 .text.z_impl_zephyr_fputc
                0x0000000008004ac0       0x10 zephyr/lib/libc/picolibc/liblib__libc__picolibc.a(libc-hooks.c.obj)
                0x0000000008004ac0                z_impl_zephyr_fputc
 .text.__stdout_hook_install
                0x0000000008004ad0       0x18 zephyr/lib/libc/picolibc/liblib__libc__picolibc.a(libc-hooks.c.obj)
                0x0000000008004ad0                __stdout_hook_install
 .text.cbvprintf
                0x0000000008004ae8       0x34 zephyr/lib/libc/picolibc/liblib__libc__picolibc.a(libc-hooks.c.obj)
                0x0000000008004ae8                cbvprintf
 .text.malloc_prepare
                0x0000000008004b1c       0x24 zephyr/lib/libc/common/liblib__libc__common.a(malloc.c.obj)
 .text.stm32_exti_isr
                0x0000000008004b40       0x4c zephyr/drivers/interrupt_controller/libdrivers__interrupt_controller.a(intc_exti_stm32.c.obj)
 .text.stm32_fill_irq_table
                0x0000000008004b8c       0x24 zephyr/drivers/interrupt_controller/libdrivers__interrupt_controller.a(intc_exti_stm32.c.obj)
 .text.stm32_exti_enable
                0x0000000008004bb0       0x24 zephyr/drivers/interrupt_controller/libdrivers__interrupt_controller.a(intc_exti_stm32.c.obj)
                0x0000000008004bb0                stm32_exti_enable
 .text.stm32_exti_disable
                0x0000000008004bd4       0x18 zephyr/drivers/interrupt_controller/libdrivers__interrupt_controller.a(intc_exti_stm32.c.obj)
                0x0000000008004bd4                stm32_exti_disable
 .text.stm32_exti_trigger
                0x0000000008004bec       0x68 zephyr/drivers/interrupt_controller/libdrivers__interrupt_controller.a(intc_exti_stm32.c.obj)
                0x0000000008004bec                stm32_exti_trigger
 .text.stm32_exti_set_callback
                0x0000000008004c54       0x3c zephyr/drivers/interrupt_controller/libdrivers__interrupt_controller.a(intc_exti_stm32.c.obj)
                0x0000000008004c54                stm32_exti_set_callback
 .text.stm32_exti_unset_callback
                0x0000000008004c90       0x14 zephyr/drivers/interrupt_controller/libdrivers__interrupt_controller.a(intc_exti_stm32.c.obj)
                0x0000000008004c90                stm32_exti_unset_callback
 .text.stm32_clock_switch_to_hsi
                0x0000000008004ca4       0x38 zephyr/drivers/clock_control/libdrivers__clock_control.a(clock_stm32_ll_common.c.obj)
 .text.set_up_fixed_clock_sources
                0x0000000008004cdc       0x38 zephyr/drivers/clock_control/libdrivers__clock_control.a(clock_stm32_ll_common.c.obj)
 .text.set_up_plls
                0x0000000008004d14       0x5c zephyr/drivers/clock_control/libdrivers__clock_control.a(clock_stm32_ll_common.c.obj)
 .text.stm32_clock_control_init
                0x0000000008004d70       0x94 zephyr/drivers/clock_control/libdrivers__clock_control.a(clock_stm32_ll_common.c.obj)
                0x0000000008004d70                stm32_clock_control_init
 .text.stm32_clock_control_get_subsys_rate
                0x0000000008004e04       0xf0 zephyr/drivers/clock_control/libdrivers__clock_control.a(clock_stm32_ll_common.c.obj)
 .text.get_pllsrc_frequency
                0x0000000008004ef4        0x8 zephyr/drivers/clock_control/libdrivers__clock_control.a(clock_stm32f2_f4_f7.c.obj)
                0x0000000008004ef4                get_pllsrc_frequency
 .text.config_pll_sysclock
                0x0000000008004efc       0x30 zephyr/drivers/clock_control/libdrivers__clock_control.a(clock_stm32f2_f4_f7.c.obj)
                0x0000000008004efc                config_pll_sysclock
 .text.config_enable_default_clocks
                0x0000000008004f2c       0x20 zephyr/drivers/clock_control/libdrivers__clock_control.a(clock_stm32f2_f4_f7.c.obj)
                0x0000000008004f2c                config_enable_default_clocks
 .text.console_out
                0x0000000008004f4c       0x28 zephyr/drivers/console/libdrivers__console.a(uart_console.c.obj)
 .text.uart_console_hook_install
                0x0000000008004f74       0x18 zephyr/drivers/console/libdrivers__console.a(uart_console.c.obj)
 .text.uart_console_init
                0x0000000008004f8c       0x1c zephyr/drivers/console/libdrivers__console.a(uart_console.c.obj)
 .text.gpio_stm32_clock_request
                0x0000000008004fa8       0x28 zephyr/drivers/gpio/libdrivers__gpio.a(gpio_stm32.c.obj)
 .text.LL_SYSCFG_SetEXTISource
                0x0000000008004fd0       0x38 zephyr/drivers/gpio/libdrivers__gpio.a(gpio_stm32.c.obj)
 .text.gpio_stm32_enable_int
                0x0000000008005008       0x3c zephyr/drivers/gpio/libdrivers__gpio.a(gpio_stm32.c.obj)
 .text.LL_SYSCFG_GetEXTISource
                0x0000000008005044       0x28 zephyr/drivers/gpio/libdrivers__gpio.a(gpio_stm32.c.obj)
 .text.gpio_stm32_pin_interrupt_configure
                0x000000000800506c       0x94 zephyr/drivers/gpio/libdrivers__gpio.a(gpio_stm32.c.obj)
 .text.gpio_stm32_init
                0x0000000008005100       0x2c zephyr/drivers/gpio/libdrivers__gpio.a(gpio_stm32.c.obj)
 .text.LL_I2C_ConfigSpeed
                0x000000000800512c       0xb8 zephyr/drivers/i2c/libdrivers__i2c.a(i2c_ll_stm32_v1.c.obj)
 .text.stm32_i2c_msg_write
                0x00000000080051e4       0x44 zephyr/drivers/i2c/libdrivers__i2c.a(i2c_ll_stm32_v1.c.obj)
 .text.stm32_i2c_msg_read
                0x0000000008005228       0x54 zephyr/drivers/i2c/libdrivers__i2c.a(i2c_ll_stm32_v1.c.obj)
 .text.stm32_i2c_configure_timing
                0x000000000800527c       0x3c zephyr/drivers/i2c/libdrivers__i2c.a(i2c_ll_stm32_v1.c.obj)
                0x000000000800527c                stm32_i2c_configure_timing
 .text.i2c_stm32_get_config
                0x00000000080052b8       0x2c zephyr/drivers/i2c/libdrivers__i2c.a(i2c_ll_stm32.c.obj)
                0x00000000080052b8                i2c_stm32_get_config
 .text.i2c_map_dt_bitrate
                0x00000000080052e4       0x64 zephyr/drivers/i2c/libdrivers__i2c.a(i2c_ll_stm32.c.obj)
 .text.i2c_stm32_activate
                0x0000000008005348       0x50 zephyr/drivers/i2c/libdrivers__i2c.a(i2c_ll_stm32.c.obj)
 .text.i2c_stm32_set_smbus_mode
                0x0000000008005398       0xe0 zephyr/drivers/i2c/libdrivers__i2c.a(i2c_ll_stm32.c.obj)
                0x0000000008005398                i2c_stm32_set_smbus_mode
 .text.i2c_stm32_runtime_configure
                0x0000000008005478       0x8c zephyr/drivers/i2c/libdrivers__i2c.a(i2c_ll_stm32.c.obj)
                0x0000000008005478                i2c_stm32_runtime_configure
 .text.i2c_stm32_init
                0x0000000008005504       0x8c zephyr/drivers/i2c/libdrivers__i2c.a(i2c_ll_stm32.c.obj)
 .text.stm32_pin_configure
                0x0000000008005590       0x40 zephyr/drivers/pinctrl/libdrivers__pinctrl.a(pinctrl_stm32.c.obj)
 .text.lis2mdl_channel_get_mag
                0x00000000080055d0       0x68 zephyr/drivers/sensor/lis2mdl/libdrivers__sensor__lis2mdl.a(lis2mdl.c.obj)
 .text.lis2mdl_channel_get_temp
                0x0000000008005638       0x34 zephyr/drivers/sensor/lis2mdl/libdrivers__sensor__lis2mdl.a(lis2mdl.c.obj)
 .text.lis2mdl_channel_get
                0x000000000800566c       0x38 zephyr/drivers/sensor/lis2mdl/libdrivers__sensor__lis2mdl.a(lis2mdl.c.obj)
 .text.get_single_mode_raw_data
                0x00000000080056a4       0x6c zephyr/drivers/sensor/lis2mdl/libdrivers__sensor__lis2mdl.a(lis2mdl.c.obj)
 .text.lis2mdl_sample_fetch_mag
                0x0000000008005710       0xd4 zephyr/drivers/sensor/lis2mdl/libdrivers__sensor__lis2mdl.a(lis2mdl.c.obj)
 .text.lis2mdl_sample_fetch_temp
                0x00000000080057e4       0x38 zephyr/drivers/sensor/lis2mdl/libdrivers__sensor__lis2mdl.a(lis2mdl.c.obj)
 .text.lis2mdl_config
                0x000000000800581c       0x30 zephyr/drivers/sensor/lis2mdl/libdrivers__sensor__lis2mdl.a(lis2mdl.c.obj)
 .text.lis2mdl_attr_set
                0x000000000800584c       0x30 zephyr/drivers/sensor/lis2mdl/libdrivers__sensor__lis2mdl.a(lis2mdl.c.obj)
 .text.lis2mdl_init
                0x000000000800587c      0x1e8 zephyr/drivers/sensor/lis2mdl/libdrivers__sensor__lis2mdl.a(lis2mdl.c.obj)
 .text.lis2mdl_enable_int
                0x0000000008005a64       0xa8 zephyr/drivers/sensor/lis2mdl/libdrivers__sensor__lis2mdl.a(lis2mdl_trigger.c.obj)
 .text.lis2mdl_trigger_set
                0x0000000008005b0c       0x54 zephyr/drivers/sensor/lis2mdl/libdrivers__sensor__lis2mdl.a(lis2mdl_trigger.c.obj)
                0x0000000008005b0c                lis2mdl_trigger_set
 .text.lis2mdl_init_interrupt
                0x0000000008005b60       0xd0 zephyr/drivers/sensor/lis2mdl/libdrivers__sensor__lis2mdl.a(lis2mdl_trigger.c.obj)
                0x0000000008005b60                lis2mdl_init_interrupt
 .text.lps2xdf_channel_get
                0x0000000008005c30       0x74 zephyr/drivers/sensor/lps2xdf/libdrivers__sensor__lps2xdf.a(lps2xdf.c.obj)
 .text.lps2xdf_odr_set
                0x0000000008005ca4      0x13c zephyr/drivers/sensor/lps2xdf/libdrivers__sensor__lps2xdf.a(lps2xdf.c.obj)
 .text.lps2xdf_attr_set
                0x0000000008005de0       0xb4 zephyr/drivers/sensor/lps2xdf/libdrivers__sensor__lps2xdf.a(lps2xdf.c.obj)
 .text.lps22df_sample_fetch
                0x0000000008005e94       0xb0 zephyr/drivers/sensor/lps2xdf/libdrivers__sensor__lps2xdf.a(lps22df.c.obj)
 .text.lps22df_trigger_set
                0x0000000008005f44       0xdc zephyr/drivers/sensor/lps2xdf/libdrivers__sensor__lps2xdf.a(lps22df.c.obj)
 .text.lps22df_handle_interrupt
                0x0000000008006020      0x174 zephyr/drivers/sensor/lps2xdf/libdrivers__sensor__lps2xdf.a(lps22df.c.obj)
 .text.st_lps22df_init
                0x0000000008006194      0x648 zephyr/drivers/sensor/lps2xdf/libdrivers__sensor__lps2xdf.a(lps22df.c.obj)
                0x0000000008006194                st_lps22df_init
 .text.lps2xdf_gpio_callback
                0x00000000080067dc       0xdc zephyr/drivers/sensor/lps2xdf/libdrivers__sensor__lps2xdf.a(lps2xdf_trigger.c.obj)
 .text.lps2xdf_init_interrupt
                0x00000000080068b8      0x400 zephyr/drivers/sensor/lps2xdf/libdrivers__sensor__lps2xdf.a(lps2xdf_trigger.c.obj)
                0x00000000080068b8                lps2xdf_init_interrupt
 .text.lsm6dso16is_freq_to_odr_val
                0x0000000008006cb8       0x24 zephyr/drivers/sensor/lsm6dso16is/libdrivers__sensor__lsm6dso16is.a(lsm6dso16is.c.obj)
 .text.lsm6dso16is_odr_to_freq_val
                0x0000000008006cdc       0x1c zephyr/drivers/sensor/lsm6dso16is/libdrivers__sensor__lsm6dso16is.a(lsm6dso16is.c.obj)
 .text.lsm6dso16is_accel_range_to_fs_val
                0x0000000008006cf8       0x24 zephyr/drivers/sensor/lsm6dso16is/libdrivers__sensor__lsm6dso16is.a(lsm6dso16is.c.obj)
 .text.lsm6dso16is_gyro_range_to_fs_val
                0x0000000008006d1c       0x24 zephyr/drivers/sensor/lsm6dso16is/libdrivers__sensor__lsm6dso16is.a(lsm6dso16is.c.obj)
 .text.lsm6dso16is_gyro_channel_get_temp
                0x0000000008006d40       0x38 zephyr/drivers/sensor/lsm6dso16is/libdrivers__sensor__lsm6dso16is.a(lsm6dso16is.c.obj)
 .text.lsm6dso16is_sample_fetch_accel
                0x0000000008006d78       0xa4 zephyr/drivers/sensor/lsm6dso16is/libdrivers__sensor__lsm6dso16is.a(lsm6dso16is.c.obj)
 .text.lsm6dso16is_sample_fetch_gyro
                0x0000000008006e1c       0xa4 zephyr/drivers/sensor/lsm6dso16is/libdrivers__sensor__lsm6dso16is.a(lsm6dso16is.c.obj)
 .text.lsm6dso16is_sample_fetch_temp
                0x0000000008006ec0       0xa4 zephyr/drivers/sensor/lsm6dso16is/libdrivers__sensor__lsm6dso16is.a(lsm6dso16is.c.obj)
 .text.lsm6dso16is_accel_range_set
                0x0000000008006f64       0xe0 zephyr/drivers/sensor/lsm6dso16is/libdrivers__sensor__lsm6dso16is.a(lsm6dso16is.c.obj)
 .text.lsm6dso16is_accel_odr_set
                0x0000000008007044       0xac zephyr/drivers/sensor/lsm6dso16is/libdrivers__sensor__lsm6dso16is.a(lsm6dso16is.c.obj)
 .text.lsm6dso16is_gyro_range_set
                0x00000000080070f0       0xc4 zephyr/drivers/sensor/lsm6dso16is/libdrivers__sensor__lsm6dso16is.a(lsm6dso16is.c.obj)
 .text.lsm6dso16is_gyro_odr_set
                0x00000000080071b4       0xac zephyr/drivers/sensor/lsm6dso16is/libdrivers__sensor__lsm6dso16is.a(lsm6dso16is.c.obj)
 .text.lsm6dso16is_gyro_config
                0x0000000008007260       0xd4 zephyr/drivers/sensor/lsm6dso16is/libdrivers__sensor__lsm6dso16is.a(lsm6dso16is.c.obj)
 .text.lsm6dso16is_attr_set
                0x0000000008007334       0x30 zephyr/drivers/sensor/lsm6dso16is/libdrivers__sensor__lsm6dso16is.a(lsm6dso16is.c.obj)
 .text.lsm6dso16is_init_chip
                0x0000000008007364      0x5a0 zephyr/drivers/sensor/lsm6dso16is/libdrivers__sensor__lsm6dso16is.a(lsm6dso16is.c.obj)
 .text.lsm6dso16is_init
                0x0000000008007904      0x184 zephyr/drivers/sensor/lsm6dso16is/libdrivers__sensor__lsm6dso16is.a(lsm6dso16is.c.obj)
 .text.lsm6dso16is_enable_xl_int
                0x0000000008007a88       0x8c zephyr/drivers/sensor/lsm6dso16is/libdrivers__sensor__lsm6dso16is.a(lsm6dso16is_trigger.c.obj)
 .text.lsm6dso16is_enable_g_int
                0x0000000008007b14       0x8c zephyr/drivers/sensor/lsm6dso16is/libdrivers__sensor__lsm6dso16is.a(lsm6dso16is_trigger.c.obj)
 .text.lsm6dso16is_enable_t_int
                0x0000000008007ba0       0x60 zephyr/drivers/sensor/lsm6dso16is/libdrivers__sensor__lsm6dso16is.a(lsm6dso16is_trigger.c.obj)
 .text.lsm6dso16is_handle_interrupt
                0x0000000008007c00       0xec zephyr/drivers/sensor/lsm6dso16is/libdrivers__sensor__lsm6dso16is.a(lsm6dso16is_trigger.c.obj)
 .text.lsm6dso16is_trigger_set
                0x0000000008007cec       0x7c zephyr/drivers/sensor/lsm6dso16is/libdrivers__sensor__lsm6dso16is.a(lsm6dso16is_trigger.c.obj)
                0x0000000008007cec                lsm6dso16is_trigger_set
 .text.lsm6dso16is_init_interrupt
                0x0000000008007d68      0x270 zephyr/drivers/sensor/lsm6dso16is/libdrivers__sensor__lsm6dso16is.a(lsm6dso16is_trigger.c.obj)
                0x0000000008007d68                lsm6dso16is_init_interrupt
 .text.lsm6dsv16x_accel_range_to_fs_val
                0x0000000008007fd8       0x24 zephyr/drivers/sensor/lsm6dsv16x/libdrivers__sensor__lsm6dsv16x.a(lsm6dsv16x.c.obj)
 .text.lsm6dsv16x_gyro_range_to_fs_val
                0x0000000008007ffc       0x24 zephyr/drivers/sensor/lsm6dsv16x/libdrivers__sensor__lsm6dsv16x.a(lsm6dsv16x.c.obj)
 .text.lsm6dsv16x_sample_fetch_accel
                0x0000000008008020       0xa4 zephyr/drivers/sensor/lsm6dsv16x/libdrivers__sensor__lsm6dsv16x.a(lsm6dsv16x.c.obj)
 .text.lsm6dsv16x_sample_fetch_gyro
                0x00000000080080c4       0xa4 zephyr/drivers/sensor/lsm6dsv16x/libdrivers__sensor__lsm6dsv16x.a(lsm6dsv16x.c.obj)
 .text.lsm6dsv16x_accel_range_set
                0x0000000008008168       0xe0 zephyr/drivers/sensor/lsm6dsv16x/libdrivers__sensor__lsm6dsv16x.a(lsm6dsv16x.c.obj)
 .text.lsm6dsv16x_freq_to_odr_val
                0x0000000008008248       0xec zephyr/drivers/sensor/lsm6dsv16x/libdrivers__sensor__lsm6dsv16x.a(lsm6dsv16x.c.obj)
 .text.lsm6dsv16x_accel_odr_set
                0x0000000008008334       0xac zephyr/drivers/sensor/lsm6dsv16x/libdrivers__sensor__lsm6dsv16x.a(lsm6dsv16x.c.obj)
 .text.lsm6dsv16x_gyro_range_set
                0x00000000080083e0       0xc4 zephyr/drivers/sensor/lsm6dsv16x/libdrivers__sensor__lsm6dsv16x.a(lsm6dsv16x.c.obj)
 .text.lsm6dsv16x_gyro_odr_set
                0x00000000080084a4       0xb4 zephyr/drivers/sensor/lsm6dsv16x/libdrivers__sensor__lsm6dsv16x.a(lsm6dsv16x.c.obj)
 .text.lsm6dsv16x_gyro_config
                0x0000000008008558       0xe4 zephyr/drivers/sensor/lsm6dsv16x/libdrivers__sensor__lsm6dsv16x.a(lsm6dsv16x.c.obj)
 .text.lsm6dsv16x_attr_set
                0x000000000800863c       0x30 zephyr/drivers/sensor/lsm6dsv16x/libdrivers__sensor__lsm6dsv16x.a(lsm6dsv16x.c.obj)
 .text.lsm6dsv16x_init_chip
                0x000000000800866c      0x5a8 zephyr/drivers/sensor/lsm6dsv16x/libdrivers__sensor__lsm6dsv16x.a(lsm6dsv16x.c.obj)
 .text.lsm6dsv16x_init
                0x0000000008008c14      0x184 zephyr/drivers/sensor/lsm6dsv16x/libdrivers__sensor__lsm6dsv16x.a(lsm6dsv16x.c.obj)
 .text.lsm6dsv16x_enable_xl_int
                0x0000000008008d98       0x8c zephyr/drivers/sensor/lsm6dsv16x/libdrivers__sensor__lsm6dsv16x.a(lsm6dsv16x_trigger.c.obj)
 .text.lsm6dsv16x_enable_g_int
                0x0000000008008e24       0x8c zephyr/drivers/sensor/lsm6dsv16x/libdrivers__sensor__lsm6dsv16x.a(lsm6dsv16x_trigger.c.obj)
 .text.lsm6dsv16x_handle_interrupt
                0x0000000008008eb0       0xd8 zephyr/drivers/sensor/lsm6dsv16x/libdrivers__sensor__lsm6dsv16x.a(lsm6dsv16x_trigger.c.obj)
 .text.lsm6dsv16x_trigger_set
                0x0000000008008f88       0x68 zephyr/drivers/sensor/lsm6dsv16x/libdrivers__sensor__lsm6dsv16x.a(lsm6dsv16x_trigger.c.obj)
                0x0000000008008f88                lsm6dsv16x_trigger_set
 .text.lsm6dsv16x_init_interrupt
                0x0000000008008ff0      0x288 zephyr/drivers/sensor/lsm6dsv16x/libdrivers__sensor__lsm6dsv16x.a(lsm6dsv16x_trigger.c.obj)
                0x0000000008008ff0                lsm6dsv16x_init_interrupt
 .text.LL_USART_SetBaudRate
                0x0000000008009278       0xcc zephyr/drivers/serial/libdrivers__serial.a(uart_stm32.c.obj)
 .text.uart_stm32_poll_in
                0x0000000008009344       0x10 zephyr/drivers/serial/libdrivers__serial.a(uart_stm32.c.obj)
 .text.uart_stm32_poll_out
                0x0000000008009354       0x1c zephyr/drivers/serial/libdrivers__serial.a(uart_stm32.c.obj)
 .text.uart_stm32_set_baudrate
                0x0000000008009370       0x4c zephyr/drivers/serial/libdrivers__serial.a(uart_stm32.c.obj)
 .text.uart_stm32_configure
                0x00000000080093bc      0x12c zephyr/drivers/serial/libdrivers__serial.a(uart_stm32.c.obj)
 .text.uart_stm32_clocks_enable
                0x00000000080094e8       0x50 zephyr/drivers/serial/libdrivers__serial.a(uart_stm32.c.obj)
 .text.uart_stm32_registers_configure
                0x0000000008009538       0x7c zephyr/drivers/serial/libdrivers__serial.a(uart_stm32.c.obj)
 .text.elapsed  0x00000000080095b4       0x48 zephyr/drivers/timer/libdrivers__timer.a(cortex_m_systick.c.obj)
 .text.sys_clock_driver_init
                0x00000000080095fc       0x38 zephyr/drivers/timer/libdrivers__timer.a(cortex_m_systick.c.obj)
 .text.sys_clock_isr
                0x0000000008009634       0x5c zephyr/drivers/timer/libdrivers__timer.a(cortex_m_systick.c.obj)
                0x0000000008009634                sys_clock_isr
 .text.sys_clock_set_timeout
                0x0000000008009690      0x128 zephyr/drivers/timer/libdrivers__timer.a(cortex_m_systick.c.obj)
                0x0000000008009690                sys_clock_set_timeout
 .text.sys_clock_elapsed
                0x00000000080097b8       0x40 zephyr/drivers/timer/libdrivers__timer.a(cortex_m_systick.c.obj)
                0x00000000080097b8                sys_clock_elapsed
 .text.sys_clock_cycle_get_32
                0x00000000080097f8       0x2c zephyr/drivers/timer/libdrivers__timer.a(cortex_m_systick.c.obj)
                0x00000000080097f8                sys_clock_cycle_get_32
 .text.HAL_RCC_GetSysClockFreq
                0x0000000008009824       0xdc modules/stm32/stm32cube/lib..__modules__hal__stm32__stm32cube.a(stm32f4xx_hal_rcc.c.obj)
                0x0000000008009824                HAL_RCC_GetSysClockFreq
 .text.LL_SetFlashLatency
                0x0000000008009900       0xd4 modules/stm32/stm32cube/lib..__modules__hal__stm32__stm32cube.a(stm32f4xx_ll_utils.c.obj)
                0x0000000008009900                LL_SetFlashLatency
 .text.z_device_state_init
                0x00000000080099d4       0x18 zephyr/kernel/libkernel.a(device.c.obj)
                0x00000000080099d4                z_device_state_init
 .text.reason_to_str
                0x00000000080099ec       0x40 zephyr/kernel/libkernel.a(fatal.c.obj)
 .text.thread_name_get
                0x0000000008009a2c       0x20 zephyr/kernel/libkernel.a(fatal.c.obj)
 .text.k_sys_fatal_error_handler
                0x0000000008009a4c       0x20 zephyr/kernel/libkernel.a(fatal.c.obj)
                0x0000000008009a4c                k_sys_fatal_error_handler
 .text.z_fatal_error
                0x0000000008009a6c      0x1f8 zephyr/kernel/libkernel.a(fatal.c.obj)
                0x0000000008009a6c                z_fatal_error
 .text.z_sys_init_run_level
                0x0000000008009c64       0x58 zephyr/kernel/libkernel.a(init.c.obj)
 .text.init_idle_thread
                0x0000000008009cbc       0x60 zephyr/kernel/libkernel.a(init.c.obj)
 .text.bg_thread_main
                0x0000000008009d1c       0x34 zephyr/kernel/libkernel.a(init.c.obj)
 .text.switch_to_main_thread
                0x0000000008009d50       0x14 zephyr/kernel/libkernel.a(init.c.obj)
 .text.z_bss_zero
                0x0000000008009d64       0x18 zephyr/kernel/libkernel.a(init.c.obj)
                0x0000000008009d64                z_bss_zero
 .text.z_init_cpu
                0x0000000008009d7c       0x60 zephyr/kernel/libkernel.a(init.c.obj)
                0x0000000008009d7c                z_init_cpu
 .text.prepare_multithreading
                0x0000000008009ddc       0x60 zephyr/kernel/libkernel.a(init.c.obj)
 .text.z_cstart
                0x0000000008009e3c       0x8c zephyr/kernel/libkernel.a(init.c.obj)
                0x0000000008009e3c                z_cstart
 .text.z_thread_monitor_exit
                0x0000000008009ec8       0x40 zephyr/kernel/libkernel.a(thread.c.obj)
                0x0000000008009ec8                z_thread_monitor_exit
 .text.z_impl_k_thread_name_set
                0x0000000008009f08       0x24 zephyr/kernel/libkernel.a(thread.c.obj)
                0x0000000008009f08                z_impl_k_thread_name_set
 .text.schedule_new_thread
                0x0000000008009f2c       0x1c zephyr/kernel/libkernel.a(thread.c.obj)
 .text.z_setup_new_thread
                0x0000000008009f48       0xc8 zephyr/kernel/libkernel.a(thread.c.obj)
                0x0000000008009f48                z_setup_new_thread
 .text.z_init_static_threads
                0x000000000800a010       0x70 zephyr/kernel/libkernel.a(thread.c.obj)
                0x000000000800a010                z_init_static_threads
 .text.sliceable
                0x000000000800a080       0x4c zephyr/kernel/libkernel.a(sched.c.obj)
 .text.slice_timeout
                0x000000000800a0cc       0x20 zephyr/kernel/libkernel.a(sched.c.obj)
 .text.add_thread_timeout
                0x000000000800a0ec       0x20 zephyr/kernel/libkernel.a(sched.c.obj)
 .text.z_reset_time_slice
                0x000000000800a10c       0x50 zephyr/kernel/libkernel.a(sched.c.obj)
                0x000000000800a10c                z_reset_time_slice
 .text.z_reschedule
                0x000000000800a15c       0x2c zephyr/kernel/libkernel.a(sched.c.obj)
                0x000000000800a15c                z_reschedule
 .text.z_reschedule_irqlock
                0x000000000800a188       0x2c zephyr/kernel/libkernel.a(sched.c.obj)
                0x000000000800a188                z_reschedule_irqlock
 .text.k_sched_lock
                0x000000000800a1b4       0x34 zephyr/kernel/libkernel.a(sched.c.obj)
                0x000000000800a1b4                k_sched_lock
 .text.update_cache
                0x000000000800a1e8       0x50 zephyr/kernel/libkernel.a(sched.c.obj)
 .text.move_thread_to_end_of_prio_q
                0x000000000800a238       0x8c zephyr/kernel/libkernel.a(sched.c.obj)
 .text.z_time_slice
                0x000000000800a2c4       0x74 zephyr/kernel/libkernel.a(sched.c.obj)
                0x000000000800a2c4                z_time_slice
 .text.ready_thread
                0x000000000800a338       0x78 zephyr/kernel/libkernel.a(sched.c.obj)
 .text.z_sched_start
                0x000000000800a3b0       0x3c zephyr/kernel/libkernel.a(sched.c.obj)
                0x000000000800a3b0                z_sched_start
 .text.unready_thread
                0x000000000800a3ec       0x38 zephyr/kernel/libkernel.a(sched.c.obj)
 .text.z_pend_curr
                0x000000000800a424       0x38 zephyr/kernel/libkernel.a(sched.c.obj)
                0x000000000800a424                z_pend_curr
 .text.k_sched_unlock
                0x000000000800a45c       0x40 zephyr/kernel/libkernel.a(sched.c.obj)
                0x000000000800a45c                k_sched_unlock
 .text.halt_thread
                0x000000000800a49c       0x64 zephyr/kernel/libkernel.a(sched.c.obj)
 .text.z_thread_halt
                0x000000000800a500       0x3c zephyr/kernel/libkernel.a(sched.c.obj)
 .text.z_sched_init
                0x000000000800a53c       0x10 zephyr/kernel/libkernel.a(sched.c.obj)
                0x000000000800a53c                z_sched_init
 .text.z_impl_k_yield
                0x000000000800a54c       0x8c zephyr/kernel/libkernel.a(sched.c.obj)
                0x000000000800a54c                z_impl_k_yield
 .text.z_tick_sleep
                0x000000000800a5d8       0x98 zephyr/kernel/libkernel.a(sched.c.obj)
 .text.z_impl_k_sleep
                0x000000000800a670       0x70 zephyr/kernel/libkernel.a(sched.c.obj)
                0x000000000800a670                z_impl_k_sleep
 .text.z_impl_k_usleep
                0x000000000800a6e0       0x6c zephyr/kernel/libkernel.a(sched.c.obj)
                0x000000000800a6e0                z_impl_k_usleep
 .text.z_impl_k_sched_current_thread_query
                0x000000000800a74c        0xc zephyr/kernel/libkernel.a(sched.c.obj)
                0x000000000800a74c                z_impl_k_sched_current_thread_query
 .text.z_impl_k_sem_give
                0x000000000800a758       0x50 zephyr/kernel/libkernel.a(sem.c.obj)
                0x000000000800a758                z_impl_k_sem_give
 .text.z_impl_k_sem_take
                0x000000000800a7a8       0x50 zephyr/kernel/libkernel.a(sem.c.obj)
                0x000000000800a7a8                z_impl_k_sem_take
 .text.z_impl_k_sem_reset
                0x000000000800a7f8       0x40 zephyr/kernel/libkernel.a(sem.c.obj)
                0x000000000800a7f8                z_impl_k_sem_reset
 .text.z_data_copy
                0x000000000800a838       0x34 zephyr/kernel/libkernel.a(xip.c.obj)
                0x000000000800a838                z_data_copy
 .text.first    0x000000000800a86c       0x14 zephyr/kernel/libkernel.a(timeout.c.obj)
 .text.next     0x000000000800a880       0x18 zephyr/kernel/libkernel.a(timeout.c.obj)
 .text.elapsed  0x000000000800a898       0x18 zephyr/kernel/libkernel.a(timeout.c.obj)
 .text.z_add_timeout
                0x000000000800a8b0      0x100 zephyr/kernel/libkernel.a(timeout.c.obj)
                0x000000000800a8b0                z_add_timeout
 .text.sys_clock_announce
                0x000000000800a9b0       0xc8 zephyr/kernel/libkernel.a(timeout.c.obj)
                0x000000000800a9b0                sys_clock_announce
 .text.sys_clock_tick_get
                0x000000000800aa78       0x40 zephyr/kernel/libkernel.a(timeout.c.obj)
                0x000000000800aa78                sys_clock_tick_get
 .text.z_timer_expiration_handler
                0x000000000800aab8      0x100 zephyr/kernel/libkernel.a(timer.c.obj)
                0x000000000800aab8                z_timer_expiration_handler
 .text.z_impl_k_timer_start
                0x000000000800abb8       0x84 zephyr/kernel/libkernel.a(timer.c.obj)
                0x000000000800abb8                z_impl_k_timer_start
 .text.boot_banner
                0x000000000800ac3c       0x10 zephyr/kernel/libkernel.a(banner.c.obj)
                0x000000000800ac3c                boot_banner
 .text.printf   0x000000000800ac4c       0x24 /home/tim/.zephyr_ide/toolchains/zephyr-sdk-0.16.8/arm-zephyr-eabi/bin/../lib/gcc/../../picolibc/arm-zephyr-eabi/lib/thumb/v7e-m/nofp/libc.a(libc_tinystdio_printf.c.o)
                0x000000000800ac4c                printf
 .text.puts     0x000000000800ac70       0x40 /home/tim/.zephyr_ide/toolchains/zephyr-sdk-0.16.8/arm-zephyr-eabi/bin/../lib/gcc/../../picolibc/arm-zephyr-eabi/lib/thumb/v7e-m/nofp/libc.a(libc_tinystdio_puts.c.o)
                0x000000000800ac70                puts
 .text.snprintf
                0x000000000800acb0       0x58 /home/tim/.zephyr_ide/toolchains/zephyr-sdk-0.16.8/arm-zephyr-eabi/bin/../lib/gcc/../../picolibc/arm-zephyr-eabi/lib/thumb/v7e-m/nofp/libc.a(libc_tinystdio_snprintf.c.o)
                0x000000000800acb0                snprintf
 .text.skip_to_arg
                0x000000000800ad08      0x138 /home/tim/.zephyr_ide/toolchains/zephyr-sdk-0.16.8/arm-zephyr-eabi/bin/../lib/gcc/../../picolibc/arm-zephyr-eabi/lib/thumb/v7e-m/nofp/libc.a(libc_tinystdio_vfprintf.c.o)
 .text.vfprintf
                0x000000000800ae40      0x9f8 /home/tim/.zephyr_ide/toolchains/zephyr-sdk-0.16.8/arm-zephyr-eabi/bin/../lib/gcc/../../picolibc/arm-zephyr-eabi/lib/thumb/v7e-m/nofp/libc.a(libc_tinystdio_vfprintf.c.o)
                0x000000000800ae40                __d_vfprintf
 .text.div10    0x000000000800b838       0x28 /home/tim/.zephyr_ide/toolchains/zephyr-sdk-0.16.8/arm-zephyr-eabi/bin/../lib/gcc/../../picolibc/arm-zephyr-eabi/lib/thumb/v7e-m/nofp/libc.a(libc_tinystdio_dtoa_ryu.c.o)
 .text.__dtoa_engine
                0x000000000800b860      0x49c /home/tim/.zephyr_ide/toolchains/zephyr-sdk-0.16.8/arm-zephyr-eabi/bin/../lib/gcc/../../picolibc/arm-zephyr-eabi/lib/thumb/v7e-m/nofp/libc.a(libc_tinystdio_dtoa_ryu.c.o)
                0x000000000800b860                __dtoa_engine
 .text.__log10Pow2
                0x000000000800bcfc        0xc /home/tim/.zephyr_ide/toolchains/zephyr-sdk-0.16.8/arm-zephyr-eabi/bin/../lib/gcc/../../picolibc/arm-zephyr-eabi/lib/thumb/v7e-m/nofp/libc.a(libc_tinystdio_ryu_log10.c.o)
                0x000000000800bcfc                __log10Pow2
 .text.__log10Pow5
                0x000000000800bd08        0xc /home/tim/.zephyr_ide/toolchains/zephyr-sdk-0.16.8/arm-zephyr-eabi/bin/../lib/gcc/../../picolibc/arm-zephyr-eabi/lib/thumb/v7e-m/nofp/libc.a(libc_tinystdio_ryu_log10.c.o)
                0x000000000800bd08                __log10Pow5
 .text.__pow5bits
                0x000000000800bd14       0x10 /home/tim/.zephyr_ide/toolchains/zephyr-sdk-0.16.8/arm-zephyr-eabi/bin/../lib/gcc/../../picolibc/arm-zephyr-eabi/lib/thumb/v7e-m/nofp/libc.a(libc_tinystdio_ryu_pow5bits.c.o)
                0x000000000800bd14                __pow5bits
 .text.__pow5Factor
                0x000000000800bd24       0x30 /home/tim/.zephyr_ide/toolchains/zephyr-sdk-0.16.8/arm-zephyr-eabi/bin/../lib/gcc/../../picolibc/arm-zephyr-eabi/lib/thumb/v7e-m/nofp/libc.a(libc_tinystdio_ryu_table.c.o)
                0x000000000800bd24                __pow5Factor
 .text.__double_computePow5
                0x000000000800bd54       0xe8 /home/tim/.zephyr_ide/toolchains/zephyr-sdk-0.16.8/arm-zephyr-eabi/bin/../lib/gcc/../../picolibc/arm-zephyr-eabi/lib/thumb/v7e-m/nofp/libc.a(libc_tinystdio_ryu_table.c.o)
                0x000000000800bd54                __double_computePow5
 .text.__double_computeInvPow5
                0x000000000800be3c       0xf8 /home/tim/.zephyr_ide/toolchains/zephyr-sdk-0.16.8/arm-zephyr-eabi/bin/../lib/gcc/../../picolibc/arm-zephyr-eabi/lib/thumb/v7e-m/nofp/libc.a(libc_tinystdio_ryu_table.c.o)
                0x000000000800be3c                __double_computeInvPow5
 .text._OffsetAbsSyms
                0x000000000800bf34        0x2 zephyr/CMakeFiles/offsets.dir/./arch/arm/core/offsets/offsets.c.obj
                0x000000000800bf34                _OffsetAbsSyms
 .text.sensor_trigger_set
                0x000000000800bf36       0x12 app/libapp.a(main.c.obj)
 .text.sensor_attr_set
                0x000000000800bf48       0x12 app/libapp.a(main.c.obj)
 .text.free_list_add_bidx
                0x000000000800bf5a       0x4e zephyr/libzephyr.a(heap.c.obj)
 .text.free_list_add
                0x000000000800bfa8       0x18 zephyr/libzephyr.a(heap.c.obj)
 .text.sys_heap_init
                0x000000000800bfc0       0x84 zephyr/libzephyr.a(heap.c.obj)
                0x000000000800bfc0                sys_heap_init
 .text.cbprintf_via_va_list
                0x000000000800c044        0xe zephyr/libzephyr.a(cbprintf_packaged.c.obj)
 .text.is_fmt_spec
                0x000000000800c052        0xe zephyr/libzephyr.a(cbprintf_packaged.c.obj)
 .text.get_package_len
                0x000000000800c060       0x2a zephyr/libzephyr.a(cbprintf_packaged.c.obj)
 .text.append_string
                0x000000000800c08a       0x2c zephyr/libzephyr.a(cbprintf_packaged.c.obj)
 .text.cbpprintf_external
                0x000000000800c0b6       0x60 zephyr/libzephyr.a(cbprintf_packaged.c.obj)
                0x000000000800c0b6                cbpprintf_external
 .text.is_ptr   0x000000000800c116       0x4e zephyr/libzephyr.a(cbprintf_packaged.c.obj)
                0x000000000800c116                is_ptr
 .text.arch_printk_char_out
                0x000000000800c164        0x4 zephyr/libzephyr.a(printk.c.obj)
                0x000000000800c164                arch_printk_char_out
 .text.vprintk  0x000000000800c168        0x8 zephyr/libzephyr.a(printk.c.obj)
                0x000000000800c168                vprintk
 .text.printk   0x000000000800c170       0x1c zephyr/libzephyr.a(printk.c.obj)
                0x000000000800c170                printk
 .text.free_space
                0x000000000800c18c       0x28 zephyr/libzephyr.a(mpsc_pbuf.c.obj)
 .text.available
                0x000000000800c1b4       0x24 zephyr/libzephyr.a(mpsc_pbuf.c.obj)
 .text.get_usage
                0x000000000800c1d8       0x24 zephyr/libzephyr.a(mpsc_pbuf.c.obj)
 .text.max_utilization_update
                0x000000000800c1fc       0x26 zephyr/libzephyr.a(mpsc_pbuf.c.obj)
 .text.rd_idx_inc
                0x000000000800c222       0x26 zephyr/libzephyr.a(mpsc_pbuf.c.obj)
 .text.add_skip_item
                0x000000000800c248       0x66 zephyr/libzephyr.a(mpsc_pbuf.c.obj)
 .text.drop_item_locked
                0x000000000800c2ae      0x12a zephyr/libzephyr.a(mpsc_pbuf.c.obj)
 .text.post_drop_action
                0x000000000800c3d8       0x62 zephyr/libzephyr.a(mpsc_pbuf.c.obj)
 .text.mpsc_pbuf_init
                0x000000000800c43a       0x42 zephyr/libzephyr.a(mpsc_pbuf.c.obj)
                0x000000000800c43a                mpsc_pbuf_init
 .text.mpsc_pbuf_alloc
                0x000000000800c47c      0x134 zephyr/libzephyr.a(mpsc_pbuf.c.obj)
                0x000000000800c47c                mpsc_pbuf_alloc
 .text.mpsc_pbuf_commit
                0x000000000800c5b0       0x52 zephyr/libzephyr.a(mpsc_pbuf.c.obj)
                0x000000000800c5b0                mpsc_pbuf_commit
 .text.mpsc_pbuf_claim
                0x000000000800c602       0xd2 zephyr/libzephyr.a(mpsc_pbuf.c.obj)
                0x000000000800c602                mpsc_pbuf_claim
 .text.mpsc_pbuf_free
                0x000000000800c6d4       0x8a zephyr/libzephyr.a(mpsc_pbuf.c.obj)
                0x000000000800c6d4                mpsc_pbuf_free
 .text.mpsc_pbuf_is_pending
                0x000000000800c75e       0x18 zephyr/libzephyr.a(mpsc_pbuf.c.obj)
                0x000000000800c75e                mpsc_pbuf_is_pending
 .text._ConfigAbsSyms
                0x000000000800c776        0x2 zephyr/libzephyr.a(configs.c.obj)
                0x000000000800c776                _ConfigAbsSyms
 .text.log_msg_generic_get_wlen
                0x000000000800c778       0x20 zephyr/libzephyr.a(log_core.c.obj)
 .text.dummy_timestamp
                0x000000000800c798        0x4 zephyr/libzephyr.a(log_core.c.obj)
 .text.msg_filter_check
                0x000000000800c79c        0x4 zephyr/libzephyr.a(log_core.c.obj)
 .text.k_msleep
                0x000000000800c7a0       0x20 zephyr/libzephyr.a(log_core.c.obj)
 .text.msg_alloc
                0x000000000800c7c0        0xc zephyr/libzephyr.a(log_core.c.obj)
 .text.msg_free
                0x000000000800c7cc        0x8 zephyr/libzephyr.a(log_core.c.obj)
 .text.msg_pending
                0x000000000800c7d4        0x8 zephyr/libzephyr.a(log_core.c.obj)
 .text.z_log_vprintk
                0x000000000800c7dc       0x1e zephyr/libzephyr.a(log_core.c.obj)
                0x000000000800c7dc                z_log_vprintk
 .text.z_log_notify_drop
                0x000000000800c7fa        0xa zephyr/libzephyr.a(log_core.c.obj)
 .text.z_log_msg_claim
                0x000000000800c804        0x8 zephyr/libzephyr.a(log_core.c.obj)
                0x000000000800c804                z_log_msg_claim
 .text.msg_commit
                0x000000000800c80c        0xc zephyr/libzephyr.a(log_core.c.obj)
 .text.z_log_get_tag
                0x000000000800c818        0x4 zephyr/libzephyr.a(log_core.c.obj)
                0x000000000800c818                z_log_get_tag
 .text.z_cbprintf_cpy
                0x000000000800c81c       0x2c zephyr/libzephyr.a(log_msg.c.obj)
 .text.z_log_msg_finalize
                0x000000000800c848       0x2e zephyr/libzephyr.a(log_msg.c.obj)
                0x000000000800c848                z_log_msg_finalize
 .text.z_log_msg_simple_create
                0x000000000800c876       0x62 zephyr/libzephyr.a(log_msg.c.obj)
 .text.z_log_msg_static_create
                0x000000000800c8d8        0x8 zephyr/libzephyr.a(log_msg.c.obj)
 .text.z_impl_z_log_msg_simple_create_0
                0x000000000800c8e0       0x14 zephyr/libzephyr.a(log_msg.c.obj)
                0x000000000800c8e0                z_impl_z_log_msg_simple_create_0
 .text.z_impl_z_log_msg_simple_create_1
                0x000000000800c8f4       0x16 zephyr/libzephyr.a(log_msg.c.obj)
                0x000000000800c8f4                z_impl_z_log_msg_simple_create_1
 .text.z_log_msg_runtime_vcreate
                0x000000000800c90a       0x84 zephyr/libzephyr.a(log_msg.c.obj)
                0x000000000800c90a                z_log_msg_runtime_vcreate
 .text.buffer_write
                0x000000000800c98e       0x1a zephyr/libzephyr.a(log_output.c.obj)
 .text.color_prefix
                0x000000000800c9a8        0xc zephyr/libzephyr.a(log_output.c.obj)
 .text.color_postfix
                0x000000000800c9b4        0xc zephyr/libzephyr.a(log_output.c.obj)
 .text.postfix_print
                0x000000000800c9c0       0x18 zephyr/libzephyr.a(log_output.c.obj)
 .text.log_msg_hexdump
                0x000000000800c9d8       0x36 zephyr/libzephyr.a(log_output.c.obj)
 .text.log_output_flush
                0x000000000800ca0e       0x1a zephyr/libzephyr.a(log_output.c.obj)
                0x000000000800ca0e                log_output_flush
 .text.out_func
                0x000000000800ca28       0x38 zephyr/libzephyr.a(log_output.c.obj)
 .text.cr_out_func
                0x000000000800ca60       0x1e zephyr/libzephyr.a(log_output.c.obj)
 .text.format_set
                0x000000000800ca7e        0xc zephyr/libzephyr.a(log_backend_uart.c.obj)
 .text.log_backend_uart_init
                0x000000000800ca8a        0xc zephyr/libzephyr.a(log_backend_uart.c.obj)
 .text.panic    0x000000000800ca96       0x14 zephyr/libzephyr.a(log_backend_uart.c.obj)
 .text.dropped  0x000000000800caaa        0xe zephyr/libzephyr.a(log_backend_uart.c.obj)
 .text.process  0x000000000800cab8       0x1c zephyr/libzephyr.a(log_backend_uart.c.obj)
 .text.lis2mdl_read_reg
                0x000000000800cad4        0xa zephyr/libzephyr.a(lis2mdl_reg.c.obj)
                0x000000000800cad4                lis2mdl_read_reg
 .text.lis2mdl_write_reg
                0x000000000800cade        0xa zephyr/libzephyr.a(lis2mdl_reg.c.obj)
                0x000000000800cade                lis2mdl_write_reg
 .text.lis2mdl_mag_user_offset_set
                0x000000000800cae8       0x44 zephyr/libzephyr.a(lis2mdl_reg.c.obj)
                0x000000000800cae8                lis2mdl_mag_user_offset_set
 .text.lis2mdl_operating_mode_set
                0x000000000800cb2c       0x32 zephyr/libzephyr.a(lis2mdl_reg.c.obj)
                0x000000000800cb2c                lis2mdl_operating_mode_set
 .text.lis2mdl_data_rate_set
                0x000000000800cb5e       0x32 zephyr/libzephyr.a(lis2mdl_reg.c.obj)
                0x000000000800cb5e                lis2mdl_data_rate_set
 .text.lis2mdl_offset_temp_comp_set
                0x000000000800cb90       0x32 zephyr/libzephyr.a(lis2mdl_reg.c.obj)
                0x000000000800cb90                lis2mdl_offset_temp_comp_set
 .text.lis2mdl_set_rst_mode_set
                0x000000000800cbc2       0x32 zephyr/libzephyr.a(lis2mdl_reg.c.obj)
                0x000000000800cbc2                lis2mdl_set_rst_mode_set
 .text.lis2mdl_set_rst_sensor_single_set
                0x000000000800cbf4       0x32 zephyr/libzephyr.a(lis2mdl_reg.c.obj)
                0x000000000800cbf4                lis2mdl_set_rst_sensor_single_set
 .text.lis2mdl_block_data_update_set
                0x000000000800cc26       0x32 zephyr/libzephyr.a(lis2mdl_reg.c.obj)
                0x000000000800cc26                lis2mdl_block_data_update_set
 .text.lis2mdl_magnetic_raw_get
                0x000000000800cc58       0x44 zephyr/libzephyr.a(lis2mdl_reg.c.obj)
                0x000000000800cc58                lis2mdl_magnetic_raw_get
 .text.lis2mdl_temperature_raw_get
                0x000000000800cc9c       0x24 zephyr/libzephyr.a(lis2mdl_reg.c.obj)
                0x000000000800cc9c                lis2mdl_temperature_raw_get
 .text.lis2mdl_device_id_get
                0x000000000800ccc0        0xe zephyr/libzephyr.a(lis2mdl_reg.c.obj)
                0x000000000800ccc0                lis2mdl_device_id_get
 .text.lis2mdl_reset_set
                0x000000000800ccce       0x32 zephyr/libzephyr.a(lis2mdl_reg.c.obj)
                0x000000000800ccce                lis2mdl_reset_set
 .text.lis2mdl_boot_set
                0x000000000800cd00       0x32 zephyr/libzephyr.a(lis2mdl_reg.c.obj)
                0x000000000800cd00                lis2mdl_boot_set
 .text.lis2mdl_drdy_on_pin_set
                0x000000000800cd32       0x32 zephyr/libzephyr.a(lis2mdl_reg.c.obj)
                0x000000000800cd32                lis2mdl_drdy_on_pin_set
 .text.lis2mdl_spi_mode_set
                0x000000000800cd64       0x32 zephyr/libzephyr.a(lis2mdl_reg.c.obj)
                0x000000000800cd64                lis2mdl_spi_mode_set
 .text.bytecpy  0x000000000800cd96        0xa zephyr/libzephyr.a(lps22df_reg.c.obj)
 .text.lps22df_read_reg
                0x000000000800cda0        0xa zephyr/libzephyr.a(lps22df_reg.c.obj)
                0x000000000800cda0                lps22df_read_reg
 .text.lps22df_write_reg
                0x000000000800cdaa        0xa zephyr/libzephyr.a(lps22df_reg.c.obj)
                0x000000000800cdaa                lps22df_write_reg
 .text.lps22df_from_lsb_to_hPa
                0x000000000800cdb4       0x10 zephyr/libzephyr.a(lps22df_reg.c.obj)
                0x000000000800cdb4                lps22df_from_lsb_to_hPa
 .text.lps22df_id_get
                0x000000000800cdc4       0x1c zephyr/libzephyr.a(lps22df_reg.c.obj)
                0x000000000800cdc4                lps22df_id_get
 .text.lps22df_init_set
                0x000000000800cde0       0xba zephyr/libzephyr.a(lps22df_reg.c.obj)
                0x000000000800cde0                lps22df_init_set
 .text.lps22df_status_get
                0x000000000800ce9a       0xc6 zephyr/libzephyr.a(lps22df_reg.c.obj)
                0x000000000800ce9a                lps22df_status_get
 .text.lps22df_all_sources_get
                0x000000000800cf60       0xa0 zephyr/libzephyr.a(lps22df_reg.c.obj)
                0x000000000800cf60                lps22df_all_sources_get
 .text.lps22df_mode_set
                0x000000000800d000       0x7c zephyr/libzephyr.a(lps22df_reg.c.obj)
                0x000000000800d000                lps22df_mode_set
 .text.lps22df_data_get
                0x000000000800d07c       0x54 zephyr/libzephyr.a(lps22df_reg.c.obj)
                0x000000000800d07c                lps22df_data_get
 .text.lps22df_interrupt_mode_set
                0x000000000800d0d0       0xaa zephyr/libzephyr.a(lps22df_reg.c.obj)
                0x000000000800d0d0                lps22df_interrupt_mode_set
 .text.lps22df_interrupt_mode_get
                0x000000000800d17a       0x72 zephyr/libzephyr.a(lps22df_reg.c.obj)
                0x000000000800d17a                lps22df_interrupt_mode_get
 .text.lps22df_pin_int_route_set
                0x000000000800d1ec       0x5e zephyr/libzephyr.a(lps22df_reg.c.obj)
                0x000000000800d1ec                lps22df_pin_int_route_set
 .text.lps22df_pin_int_route_get
                0x000000000800d24a       0x44 zephyr/libzephyr.a(lps22df_reg.c.obj)
                0x000000000800d24a                lps22df_pin_int_route_get
 .text.lsm6dso16is_read_reg
                0x000000000800d28e        0xa zephyr/libzephyr.a(lsm6dso16is_reg.c.obj)
                0x000000000800d28e                lsm6dso16is_read_reg
 .text.lsm6dso16is_write_reg
                0x000000000800d298        0xa zephyr/libzephyr.a(lsm6dso16is_reg.c.obj)
                0x000000000800d298                lsm6dso16is_write_reg
 .text.lsm6dso16is_mem_bank_set
                0x000000000800d2a2       0x46 zephyr/libzephyr.a(lsm6dso16is_reg.c.obj)
                0x000000000800d2a2                lsm6dso16is_mem_bank_set
 .text.lsm6dso16is_data_ready_mode_set
                0x000000000800d2e8       0x32 zephyr/libzephyr.a(lsm6dso16is_reg.c.obj)
                0x000000000800d2e8                lsm6dso16is_data_ready_mode_set
 .text.lsm6dso16is_device_id_get
                0x000000000800d31a        0xe zephyr/libzephyr.a(lsm6dso16is_reg.c.obj)
                0x000000000800d31a                lsm6dso16is_device_id_get
 .text.lsm6dso16is_xl_hm_mode_set
                0x000000000800d328       0x32 zephyr/libzephyr.a(lsm6dso16is_reg.c.obj)
                0x000000000800d328                lsm6dso16is_xl_hm_mode_set
 .text.lsm6dso16is_xl_full_scale_set
                0x000000000800d35a       0x32 zephyr/libzephyr.a(lsm6dso16is_reg.c.obj)
                0x000000000800d35a                lsm6dso16is_xl_full_scale_set
 .text.lsm6dso16is_xl_data_rate_set
                0x000000000800d38c       0x52 zephyr/libzephyr.a(lsm6dso16is_reg.c.obj)
                0x000000000800d38c                lsm6dso16is_xl_data_rate_set
 .text.lsm6dso16is_gy_hm_mode_set
                0x000000000800d3de       0x32 zephyr/libzephyr.a(lsm6dso16is_reg.c.obj)
                0x000000000800d3de                lsm6dso16is_gy_hm_mode_set
 .text.lsm6dso16is_gy_full_scale_set
                0x000000000800d410       0x40 zephyr/libzephyr.a(lsm6dso16is_reg.c.obj)
                0x000000000800d410                lsm6dso16is_gy_full_scale_set
 .text.lsm6dso16is_gy_data_rate_set
                0x000000000800d450       0x52 zephyr/libzephyr.a(lsm6dso16is_reg.c.obj)
                0x000000000800d450                lsm6dso16is_gy_data_rate_set
 .text.lsm6dso16is_software_reset
                0x000000000800d4a2       0x64 zephyr/libzephyr.a(lsm6dso16is_reg.c.obj)
                0x000000000800d4a2                lsm6dso16is_software_reset
 .text.lsm6dso16is_block_data_update_set
                0x000000000800d506       0x32 zephyr/libzephyr.a(lsm6dso16is_reg.c.obj)
                0x000000000800d506                lsm6dso16is_block_data_update_set
 .text.lsm6dso16is_status_reg_get
                0x000000000800d538        0xe zephyr/libzephyr.a(lsm6dso16is_reg.c.obj)
                0x000000000800d538                lsm6dso16is_status_reg_get
 .text.lsm6dso16is_temperature_raw_get
                0x000000000800d546       0x24 zephyr/libzephyr.a(lsm6dso16is_reg.c.obj)
                0x000000000800d546                lsm6dso16is_temperature_raw_get
 .text.lsm6dso16is_angular_rate_raw_get
                0x000000000800d56a       0x44 zephyr/libzephyr.a(lsm6dso16is_reg.c.obj)
                0x000000000800d56a                lsm6dso16is_angular_rate_raw_get
 .text.lsm6dso16is_acceleration_raw_get
                0x000000000800d5ae       0x44 zephyr/libzephyr.a(lsm6dso16is_reg.c.obj)
                0x000000000800d5ae                lsm6dso16is_acceleration_raw_get
 .text.lsm6dso16is_pin_int1_route_set
                0x000000000800d5f2       0x8e zephyr/libzephyr.a(lsm6dso16is_reg.c.obj)
                0x000000000800d5f2                lsm6dso16is_pin_int1_route_set
 .text.lsm6dso16is_pin_int1_route_get
                0x000000000800d680       0x64 zephyr/libzephyr.a(lsm6dso16is_reg.c.obj)
                0x000000000800d680                lsm6dso16is_pin_int1_route_get
 .text.lsm6dso16is_pin_int2_route_set
                0x000000000800d6e4       0x9c zephyr/libzephyr.a(lsm6dso16is_reg.c.obj)
                0x000000000800d6e4                lsm6dso16is_pin_int2_route_set
 .text.lsm6dso16is_pin_int2_route_get
                0x000000000800d780       0x6e zephyr/libzephyr.a(lsm6dso16is_reg.c.obj)
                0x000000000800d780                lsm6dso16is_pin_int2_route_get
 .text.lsm6dsv16x_read_reg
                0x000000000800d7ee        0xa zephyr/libzephyr.a(lsm6dsv16x_reg.c.obj)
                0x000000000800d7ee                lsm6dsv16x_read_reg
 .text.lsm6dsv16x_write_reg
                0x000000000800d7f8        0xa zephyr/libzephyr.a(lsm6dsv16x_reg.c.obj)
                0x000000000800d7f8                lsm6dsv16x_write_reg
 .text.lsm6dsv16x_reset_set
                0x000000000800d802       0x70 zephyr/libzephyr.a(lsm6dsv16x_reg.c.obj)
                0x000000000800d802                lsm6dsv16x_reset_set
 .text.lsm6dsv16x_mem_bank_set
                0x000000000800d872       0x40 zephyr/libzephyr.a(lsm6dsv16x_reg.c.obj)
                0x000000000800d872                lsm6dsv16x_mem_bank_set
 .text.lsm6dsv16x_device_id_get
                0x000000000800d8b2        0xe zephyr/libzephyr.a(lsm6dsv16x_reg.c.obj)
                0x000000000800d8b2                lsm6dsv16x_device_id_get
 .text.lsm6dsv16x_xl_data_rate_set
                0x000000000800d8c0       0x68 zephyr/libzephyr.a(lsm6dsv16x_reg.c.obj)
                0x000000000800d8c0                lsm6dsv16x_xl_data_rate_set
 .text.lsm6dsv16x_xl_data_rate_get
                0x000000000800d928      0x16a zephyr/libzephyr.a(lsm6dsv16x_reg.c.obj)
                0x000000000800d928                lsm6dsv16x_xl_data_rate_get
 .text.lsm6dsv16x_xl_mode_set
                0x000000000800da92       0x32 zephyr/libzephyr.a(lsm6dsv16x_reg.c.obj)
                0x000000000800da92                lsm6dsv16x_xl_mode_set
 .text.lsm6dsv16x_gy_data_rate_set
                0x000000000800dac4       0x64 zephyr/libzephyr.a(lsm6dsv16x_reg.c.obj)
                0x000000000800dac4                lsm6dsv16x_gy_data_rate_set
 .text.lsm6dsv16x_gy_mode_set
                0x000000000800db28       0x32 zephyr/libzephyr.a(lsm6dsv16x_reg.c.obj)
                0x000000000800db28                lsm6dsv16x_gy_mode_set
 .text.lsm6dsv16x_block_data_update_set
                0x000000000800db5a       0x32 zephyr/libzephyr.a(lsm6dsv16x_reg.c.obj)
                0x000000000800db5a                lsm6dsv16x_block_data_update_set
 .text.lsm6dsv16x_data_ready_mode_set
                0x000000000800db8c       0x32 zephyr/libzephyr.a(lsm6dsv16x_reg.c.obj)
                0x000000000800db8c                lsm6dsv16x_data_ready_mode_set
 .text.lsm6dsv16x_gy_full_scale_set
                0x000000000800dbbe       0x32 zephyr/libzephyr.a(lsm6dsv16x_reg.c.obj)
                0x000000000800dbbe                lsm6dsv16x_gy_full_scale_set
 .text.lsm6dsv16x_xl_full_scale_set
                0x000000000800dbf0       0x32 zephyr/libzephyr.a(lsm6dsv16x_reg.c.obj)
                0x000000000800dbf0                lsm6dsv16x_xl_full_scale_set
 .text.lsm6dsv16x_pin_int1_route_set
                0x000000000800dc22      0x116 zephyr/libzephyr.a(lsm6dsv16x_reg.c.obj)
                0x000000000800dc22                lsm6dsv16x_pin_int1_route_set
 .text.lsm6dsv16x_pin_int1_route_get
                0x000000000800dd38       0xd0 zephyr/libzephyr.a(lsm6dsv16x_reg.c.obj)
                0x000000000800dd38                lsm6dsv16x_pin_int1_route_get
 .text.lsm6dsv16x_pin_int2_route_set
                0x000000000800de08      0x12c zephyr/libzephyr.a(lsm6dsv16x_reg.c.obj)
                0x000000000800de08                lsm6dsv16x_pin_int2_route_set
 .text.lsm6dsv16x_pin_int2_route_get
                0x000000000800df34       0xe6 zephyr/libzephyr.a(lsm6dsv16x_reg.c.obj)
                0x000000000800df34                lsm6dsv16x_pin_int2_route_get
 .text.lsm6dsv16x_flag_data_ready_get
                0x000000000800e01a       0x3a zephyr/libzephyr.a(lsm6dsv16x_reg.c.obj)
                0x000000000800e01a                lsm6dsv16x_flag_data_ready_get
 .text.lsm6dsv16x_angular_rate_raw_get
                0x000000000800e054       0x46 zephyr/libzephyr.a(lsm6dsv16x_reg.c.obj)
                0x000000000800e054                lsm6dsv16x_angular_rate_raw_get
 .text.lsm6dsv16x_acceleration_raw_get
                0x000000000800e09a       0x46 zephyr/libzephyr.a(lsm6dsv16x_reg.c.obj)
                0x000000000800e09a                lsm6dsv16x_acceleration_raw_get
 .text.z_arm_fatal_error
                0x000000000800e0e0       0x18 zephyr/arch/arch/arm/core/libarch__arm__core.a(fatal.c.obj)
                0x000000000800e0e0                z_arm_fatal_error
 .text.z_do_kernel_oops
                0x000000000800e0f8        0xc zephyr/arch/arch/arm/core/libarch__arm__core.a(fatal.c.obj)
                0x000000000800e0f8                z_do_kernel_oops
 .text.memory_fault_recoverable
                0x000000000800e104        0x4 zephyr/arch/arch/arm/core/cortex_m/libarch__arm__core__cortex_m.a(fault.c.obj)
 .text.fault_handle
                0x000000000800e108       0x4a zephyr/arch/arch/arm/core/cortex_m/libarch__arm__core__cortex_m.a(fault.c.obj)
 .text.arch_irq_enable
                0x000000000800e152        0xa zephyr/arch/arch/arm/core/cortex_m/libarch__arm__core__cortex_m.a(irq_manage.c.obj)
                0x000000000800e152                arch_irq_enable
 .text.z_arm_irq_priority_set
                0x000000000800e15c        0xc zephyr/arch/arch/arm/core/cortex_m/libarch__arm__core__cortex_m.a(irq_manage.c.obj)
                0x000000000800e15c                z_arm_irq_priority_set
 .text.z_irq_spurious
                0x000000000800e168        0xc zephyr/arch/arch/arm/core/cortex_m/libarch__arm__core__cortex_m.a(irq_manage.c.obj)
                0x000000000800e168                z_irq_spurious
 .text.mpu_partition_is_valid
                0x000000000800e174       0x22 zephyr/arch/arch/arm/core/mpu/libarch__arm__core__mpu.a(arm_mpu.c.obj)
 .text.mpu_configure_region
                0x000000000800e196       0x3e zephyr/arch/arch/arm/core/mpu/libarch__arm__core__mpu.a(arm_mpu.c.obj)
 .text.arm_core_mpu_configure_static_mpu_regions
                0x000000000800e1d4        0x8 zephyr/arch/arch/arm/core/mpu/libarch__arm__core__mpu.a(arm_mpu.c.obj)
                0x000000000800e1d4                arm_core_mpu_configure_static_mpu_regions
 .text.arm_core_mpu_configure_dynamic_mpu_regions
                0x000000000800e1dc        0x8 zephyr/arch/arch/arm/core/mpu/libarch__arm__core__mpu.a(arm_mpu.c.obj)
                0x000000000800e1dc                arm_core_mpu_configure_dynamic_mpu_regions
 .text.cbputc   0x000000000800e1e4        0xc zephyr/lib/libc/picolibc/liblib__libc__picolibc.a(libc-hooks.c.obj)
 .text.picolibc_put
                0x000000000800e1f0        0xa zephyr/lib/libc/picolibc/liblib__libc__picolibc.a(libc-hooks.c.obj)
 .text.stm32_exti_init
                0x000000000800e1fa       0x92 zephyr/drivers/interrupt_controller/libdrivers__interrupt_controller.a(intc_exti_stm32.c.obj)
 .text.get_pll_div_frequency
                0x000000000800e28c        0xe zephyr/drivers/clock_control/libdrivers__clock_control.a(clock_stm32_ll_common.c.obj)
 .text.get_bus_clock
                0x000000000800e29a        0x6 zephyr/drivers/clock_control/libdrivers__clock_control.a(clock_stm32_ll_common.c.obj)
 .text.enabled_clock
                0x000000000800e2a0       0x20 zephyr/drivers/clock_control/libdrivers__clock_control.a(clock_stm32_ll_common.c.obj)
 .text.stm32_clock_control_on
                0x000000000800e2c0       0x24 zephyr/drivers/clock_control/libdrivers__clock_control.a(clock_stm32_ll_common.c.obj)
 .text.stm32_clock_control_off
                0x000000000800e2e4       0x26 zephyr/drivers/clock_control/libdrivers__clock_control.a(clock_stm32_ll_common.c.obj)
 .text.stm32_clock_control_configure
                0x000000000800e30a       0x54 zephyr/drivers/clock_control/libdrivers__clock_control.a(clock_stm32_ll_common.c.obj)
 .text.stm32_clock_control_get_status
                0x000000000800e35e       0x32 zephyr/drivers/clock_control/libdrivers__clock_control.a(clock_stm32_ll_common.c.obj)
 .text.get_pll_source
                0x000000000800e390        0x6 zephyr/drivers/clock_control/libdrivers__clock_control.a(clock_stm32f2_f4_f7.c.obj)
 .text.sys_slist_remove
                0x000000000800e396       0x26 zephyr/drivers/gpio/libdrivers__gpio.a(gpio_stm32.c.obj)
 .text.sys_slist_find_and_remove
                0x000000000800e3bc       0x20 zephyr/drivers/gpio/libdrivers__gpio.a(gpio_stm32.c.obj)
 .text.gpio_manage_callback
                0x000000000800e3dc       0x3e zephyr/drivers/gpio/libdrivers__gpio.a(gpio_stm32.c.obj)
 .text.gpio_fire_callbacks
                0x000000000800e41a       0x40 zephyr/drivers/gpio/libdrivers__gpio.a(gpio_stm32.c.obj)
 .text.gpio_stm32_isr
                0x000000000800e45a       0x14 zephyr/drivers/gpio/libdrivers__gpio.a(gpio_stm32.c.obj)
 .text.gpio_stm32_flags_to_conf
                0x000000000800e46e       0x7e zephyr/drivers/gpio/libdrivers__gpio.a(gpio_stm32.c.obj)
 .text.gpio_stm32_port_get_raw
                0x000000000800e4ec        0xc zephyr/drivers/gpio/libdrivers__gpio.a(gpio_stm32.c.obj)
 .text.gpio_stm32_port_set_masked_raw
                0x000000000800e4f8       0x12 zephyr/drivers/gpio/libdrivers__gpio.a(gpio_stm32.c.obj)
 .text.gpio_stm32_port_set_bits_raw
                0x000000000800e50a        0xa zephyr/drivers/gpio/libdrivers__gpio.a(gpio_stm32.c.obj)
 .text.gpio_stm32_port_clear_bits_raw
                0x000000000800e514        0xc zephyr/drivers/gpio/libdrivers__gpio.a(gpio_stm32.c.obj)
 .text.gpio_stm32_port_toggle_bits
                0x000000000800e520        0xe zephyr/drivers/gpio/libdrivers__gpio.a(gpio_stm32.c.obj)
 .text.gpio_stm32_manage_callback
                0x000000000800e52e        0xc zephyr/drivers/gpio/libdrivers__gpio.a(gpio_stm32.c.obj)
 .text.LL_GPIO_SetPinMode
                0x000000000800e53a       0x3a zephyr/drivers/gpio/libdrivers__gpio.a(gpio_stm32.c.obj)
 .text.LL_GPIO_SetPinSpeed
                0x000000000800e574       0x3a zephyr/drivers/gpio/libdrivers__gpio.a(gpio_stm32.c.obj)
 .text.LL_GPIO_SetPinPull
                0x000000000800e5ae       0x3a zephyr/drivers/gpio/libdrivers__gpio.a(gpio_stm32.c.obj)
 .text.LL_GPIO_SetAFPin_0_7
                0x000000000800e5e8       0x3a zephyr/drivers/gpio/libdrivers__gpio.a(gpio_stm32.c.obj)
 .text.LL_GPIO_SetAFPin_8_15
                0x000000000800e622       0x3c zephyr/drivers/gpio/libdrivers__gpio.a(gpio_stm32.c.obj)
 .text.gpio_stm32_configure_raw
                0x000000000800e65e       0x70 zephyr/drivers/gpio/libdrivers__gpio.a(gpio_stm32.c.obj)
 .text.gpio_stm32_config
                0x000000000800e6ce       0x52 zephyr/drivers/gpio/libdrivers__gpio.a(gpio_stm32.c.obj)
 .text.gpio_stm32_set_exti_source
                0x000000000800e720       0x2e zephyr/drivers/gpio/libdrivers__gpio.a(gpio_stm32.c.obj)
 .text.gpio_stm32_get_exti_source
                0x000000000800e74e       0x2e zephyr/drivers/gpio/libdrivers__gpio.a(gpio_stm32.c.obj)
 .text.gpio_stm32_configure
                0x000000000800e77c       0x38 zephyr/drivers/gpio/libdrivers__gpio.a(gpio_stm32.c.obj)
                0x000000000800e77c                gpio_stm32_configure
 .text.stm32_i2c_generate_start_condition
                0x000000000800e7b4       0x1c zephyr/drivers/i2c/libdrivers__i2c.a(i2c_ll_stm32_v1.c.obj)
 .text.stm32_i2c_disable_transfer_interrupts
                0x000000000800e7d0       0x36 zephyr/drivers/i2c/libdrivers__i2c.a(i2c_ll_stm32_v1.c.obj)
 .text.stm32_i2c_enable_transfer_interrupts
                0x000000000800e806       0x1e zephyr/drivers/i2c/libdrivers__i2c.a(i2c_ll_stm32_v1.c.obj)
 .text.stm32_i2c_reset
                0x000000000800e824       0x5a zephyr/drivers/i2c/libdrivers__i2c.a(i2c_ll_stm32_v1.c.obj)
 .text.stm32_i2c_master_finish
                0x000000000800e87e       0x1c zephyr/drivers/i2c/libdrivers__i2c.a(i2c_ll_stm32_v1.c.obj)
 .text.msg_end  0x000000000800e89a       0x40 zephyr/drivers/i2c/libdrivers__i2c.a(i2c_ll_stm32_v1.c.obj)
 .text.handle_sb
                0x000000000800e8da       0x72 zephyr/drivers/i2c/libdrivers__i2c.a(i2c_ll_stm32_v1.c.obj)
 .text.handle_addr
                0x000000000800e94c       0x7a zephyr/drivers/i2c/libdrivers__i2c.a(i2c_ll_stm32_v1.c.obj)
 .text.handle_txe
                0x000000000800e9c6       0x50 zephyr/drivers/i2c/libdrivers__i2c.a(i2c_ll_stm32_v1.c.obj)
 .text.handle_rxne
                0x000000000800ea16       0x9c zephyr/drivers/i2c/libdrivers__i2c.a(i2c_ll_stm32_v1.c.obj)
 .text.handle_btf
                0x000000000800eab2       0x70 zephyr/drivers/i2c/libdrivers__i2c.a(i2c_ll_stm32_v1.c.obj)
 .text.stm32_i2c_master_mode_end
                0x000000000800eb22        0xa zephyr/drivers/i2c/libdrivers__i2c.a(i2c_ll_stm32_v1.c.obj)
 .text.msg_init
                0x000000000800eb2c       0x60 zephyr/drivers/i2c/libdrivers__i2c.a(i2c_ll_stm32_v1.c.obj)
 .text.stm32_i2c_event_isr
                0x000000000800eb8c       0x70 zephyr/drivers/i2c/libdrivers__i2c.a(i2c_ll_stm32_v1.c.obj)
                0x000000000800eb8c                stm32_i2c_event_isr
 .text.stm32_i2c_error_isr
                0x000000000800ebfc       0x56 zephyr/drivers/i2c/libdrivers__i2c.a(i2c_ll_stm32_v1.c.obj)
                0x000000000800ebfc                stm32_i2c_error_isr
 .text.stm32_i2c_transaction
                0x000000000800ec52       0x32 zephyr/drivers/i2c/libdrivers__i2c.a(i2c_ll_stm32_v1.c.obj)
                0x000000000800ec52                stm32_i2c_transaction
 .text.i2c_stm32_transfer
                0x000000000800ec84       0xb8 zephyr/drivers/i2c/libdrivers__i2c.a(i2c_ll_stm32.c.obj)
 .text.i2c_stm32_irq_config_func_0
                0x000000000800ed3c       0x24 zephyr/drivers/i2c/libdrivers__i2c.a(i2c_ll_stm32.c.obj)
 .text.pinctrl_apply_state
                0x000000000800ed60       0x20 zephyr/drivers/i2c/libdrivers__i2c.a(i2c_ll_stm32.c.obj)
 .text.pinctrl_lookup_state
                0x000000000800ed80       0x32 zephyr/drivers/pinctrl/libdrivers__pinctrl.a(common.c.obj)
                0x000000000800ed80                pinctrl_lookup_state
 .text.pinctrl_configure_pins
                0x000000000800edb2       0x5c zephyr/drivers/pinctrl/libdrivers__pinctrl.a(pinctrl_stm32.c.obj)
                0x000000000800edb2                pinctrl_configure_pins
 .text.reset_stm32_status
                0x000000000800ee0e       0x20 zephyr/drivers/reset/libdrivers__reset.a(reset_stm32.c.obj)
 .text.reset_stm32_line_assert
                0x000000000800ee2e       0x1e zephyr/drivers/reset/libdrivers__reset.a(reset_stm32.c.obj)
 .text.reset_stm32_line_deassert
                0x000000000800ee4c       0x20 zephyr/drivers/reset/libdrivers__reset.a(reset_stm32.c.obj)
 .text.reset_stm32_line_toggle