../MEMS/Target/motion_fx_manager.c:55:6:MotionFX_manager_init	8	static
../MEMS/Target/motion_fx_manager.c:89:6:MotionFX_manager_run	32	static
../MEMS/Target/motion_fx_manager.c:100:6:MotionFX_manager_start_6X	8	static
../MEMS/Target/motion_fx_manager.c:110:6:MotionFX_manager_stop_6X	8	static
../MEMS/Target/motion_fx_manager.c:120:6:MotionFX_manager_start_9X	8	static
../MEMS/Target/motion_fx_manager.c:130:6:MotionFX_manager_stop_9X	8	static
../MEMS/Target/motion_fx_manager.c:141:6:MotionFX_manager_get_version	16	static
../MEMS/Target/motion_fx_manager.c:151:6:MotionFX_manager_MagCal_run	16	static
../MEMS/Target/motion_fx_manager.c:162:6:MotionFX_manager_MagCal_start	16	static
../MEMS/Target/motion_fx_manager.c:172:6:MotionFX_manager_MagCal_stop	16	static
../MEMS/Target/motion_fx_manager.c:183:6:MotionFX_LoadMagCalFromNVM	16	static
../MEMS/Target/motion_fx_manager.c:194:6:MotionFX_SaveMagCalInNVM	16	static
