../MEMS/Target/motion_fx_manager.c:55:6:MotionFX_manager_init	8	static
../MEMS/Target/motion_fx_manager.c:93:6:MotionFX_manager_run	32	static
../MEMS/Target/motion_fx_manager.c:104:6:MotionFX_manager_start_6X	8	static
../MEMS/Target/motion_fx_manager.c:114:6:MotionFX_manager_stop_6X	8	static
../MEMS/Target/motion_fx_manager.c:124:6:MotionFX_manager_start_9X	8	static
../MEMS/Target/motion_fx_manager.c:134:6:MotionFX_manager_stop_9X	8	static
../MEMS/Target/motion_fx_manager.c:145:6:MotionFX_manager_get_version	16	static
../MEMS/Target/motion_fx_manager.c:155:6:MotionFX_manager_MagCal_run	16	static
../MEMS/Target/motion_fx_manager.c:166:6:MotionFX_manager_MagCal_start	16	static
../MEMS/Target/motion_fx_manager.c:176:6:MotionFX_manager_MagCal_stop	16	static
../MEMS/Target/motion_fx_manager.c:187:6:MotionFX_LoadMagCalFromNVM	16	static
../MEMS/Target/motion_fx_manager.c:198:6:MotionFX_SaveMagCalInNVM	16	static
