../MEMS/App/app_mems.c:97:6:MX_MEMS_Init	8	static
../MEMS/App/app_mems.c:119:6:MX_MEMS_Process	8	static
../MEMS/App/app_mems.c:139:6:HAL_TIM_PeriodElapsedCallback	16	static
../MEMS/App/app_mems.c:152:13:MX_DataLogFusion_Init	32	static
../MEMS/App/app_mems.c:218:13:MX_DataLogFusion_Process	8	static
../MEMS/App/app_mems.c:311:13:Init_Sensors	8	static
../MEMS/App/app_mems.c:329:13:RTC_Handler	56	static
../MEMS/App/app_mems.c:370:13:FX_Data_Handler	128	static
../MEMS/App/app_mems.c:425:6:BSP_PB_Callback	16	static
../MEMS/App/app_mems.c:435:13:Accelero_Sensor_Handler	16	static
../MEMS/App/app_mems.c:461:13:Gyro_Sensor_Handler	16	static
../MEMS/App/app_mems.c:487:13:Magneto_Sensor_Handler	56	static
../MEMS/App/app_mems.c:548:13:Pressure_Sensor_Handler	16	static
../MEMS/App/app_mems.c:570:13:Temperature_Sensor_Handler	16	static
../MEMS/App/app_mems.c:592:13:Humidity_Sensor_Handler	16	static
../MEMS/App/app_mems.c:614:13:TIM_Config	32	static
../MEMS/App/app_mems.c:636:13:DWT_Init	4	static
../MEMS/App/app_mems.c:647:13:DWT_Start	4	static
../MEMS/App/app_mems.c:658:17:DWT_Stop	16	static
