../../Drivers/CMSIS/Include/core_cm4.h:1684:22:__NVIC_EnableIRQ	16	static,ignoring_inline_asm
../../Drivers/CMSIS/Include/core_cm4.h:1814:22:__NVIC_SetPriority	16	static
../../Drivers/CMSIS/Include/core_cm4.h:2022:26:SysTick_Config	16	static
../../Drivers/STM32F4xx_HAL_Driver/Inc/stm32f4xx_ll_bus.h:409:22:LL_AHB1_GRP1_EnableClock	24	static
../../Drivers/STM32F4xx_HAL_Driver/Inc/stm32f4xx_ll_bus.h:1185:22:LL_APB1_GRP1_EnableClock	24	static
../../Drivers/STM32F4xx_HAL_Driver/Inc/stm32f4xx_ll_bus.h:1704:22:LL_APB2_GRP1_EnableClock	24	static
../../Drivers/STM32F4xx_HAL_Driver/Inc/stm32f4xx_ll_rcc.h:2929:22:LL_RCC_HSE_EnableBypass	4	static
../../Drivers/STM32F4xx_HAL_Driver/Inc/stm32f4xx_ll_rcc.h:2949:22:LL_RCC_HSE_Enable	4	static
../../Drivers/STM32F4xx_HAL_Driver/Inc/stm32f4xx_ll_rcc.h:2969:26:LL_RCC_HSE_IsReady	4	static
../../Drivers/STM32F4xx_HAL_Driver/Inc/stm32f4xx_ll_rcc.h:3188:22:LL_RCC_SetSysClkSource	16	static
../../Drivers/STM32F4xx_HAL_Driver/Inc/stm32f4xx_ll_rcc.h:3204:26:LL_RCC_GetSysClkSource	4	static
../../Drivers/STM32F4xx_HAL_Driver/Inc/stm32f4xx_ll_rcc.h:3224:22:LL_RCC_SetAHBPrescaler	16	static
../../Drivers/STM32F4xx_HAL_Driver/Inc/stm32f4xx_ll_rcc.h:3240:22:LL_RCC_SetAPB1Prescaler	16	static
../../Drivers/STM32F4xx_HAL_Driver/Inc/stm32f4xx_ll_rcc.h:3256:22:LL_RCC_SetAPB2Prescaler	16	static
../../Drivers/STM32F4xx_HAL_Driver/Inc/stm32f4xx_ll_rcc.h:4184:22:LL_RCC_PLL_Enable	4	static
../../Drivers/STM32F4xx_HAL_Driver/Inc/stm32f4xx_ll_rcc.h:4205:26:LL_RCC_PLL_IsReady	4	static
../../Drivers/STM32F4xx_HAL_Driver/Inc/stm32f4xx_ll_rcc.h:4304:22:LL_RCC_PLL_ConfigDomain_SYS	24	static
../../Drivers/STM32F4xx_HAL_Driver/Inc/stm32f4xx_ll_system.h:671:22:LL_SYSCFG_SetEXTISource	32	static,ignoring_inline_asm
../../Drivers/STM32F4xx_HAL_Driver/Inc/stm32f4xx_ll_system.h:1543:22:LL_FLASH_SetLatency	16	static
../../Drivers/STM32F4xx_HAL_Driver/Inc/stm32f4xx_ll_gpio.h:273:22:LL_GPIO_SetPinMode	48	static,ignoring_inline_asm
../../Drivers/STM32F4xx_HAL_Driver/Inc/stm32f4xx_ll_gpio.h:413:22:LL_GPIO_SetPinSpeed	48	static,ignoring_inline_asm
../../Drivers/STM32F4xx_HAL_Driver/Inc/stm32f4xx_ll_gpio.h:484:22:LL_GPIO_SetPinPull	48	static,ignoring_inline_asm
../../Drivers/STM32F4xx_HAL_Driver/Inc/stm32f4xx_ll_gpio.h:556:22:LL_GPIO_SetAFPin_0_7	48	static,ignoring_inline_asm
../../Drivers/STM32F4xx_HAL_Driver/Inc/stm32f4xx_ll_exti.h:268:22:LL_EXTI_EnableIT_0_31	16	static
../../Drivers/STM32F4xx_HAL_Driver/Inc/stm32f4xx_ll_exti.h:661:22:LL_EXTI_EnableFallingTrig_0_31	16	static
../../Drivers/STM32F4xx_HAL_Driver/Inc/stm32f4xx_ll_tim.h:1116:22:LL_TIM_EnableCounter	16	static
../../Drivers/STM32F4xx_HAL_Driver/Inc/stm32f4xx_ll_tim.h:1296:22:LL_TIM_EnableARRPreload	16	static
../../Drivers/STM32F4xx_HAL_Driver/Inc/stm32f4xx_ll_tim.h:1382:26:LL_TIM_GetCounter	16	static
../../Drivers/STM32F4xx_HAL_Driver/Inc/stm32f4xx_ll_tim.h:1411:22:LL_TIM_SetPrescaler	16	static
../../Drivers/STM32F4xx_HAL_Driver/Inc/stm32f4xx_ll_tim.h:1422:26:LL_TIM_GetPrescaler	16	static
../../Drivers/STM32F4xx_HAL_Driver/Inc/stm32f4xx_ll_tim.h:1438:22:LL_TIM_SetAutoReload	16	static
../../Drivers/STM32F4xx_HAL_Driver/Inc/stm32f4xx_ll_tim.h:1451:26:LL_TIM_GetAutoReload	16	static
../../Drivers/STM32F4xx_HAL_Driver/Inc/stm32f4xx_ll_tim.h:1612:22:LL_TIM_CC_EnableChannel	16	static
../../Drivers/STM32F4xx_HAL_Driver/Inc/stm32f4xx_ll_tim.h:1734:22:LL_TIM_OC_SetMode	32	static
../../Drivers/STM32F4xx_HAL_Driver/Inc/stm32f4xx_ll_tim.h:1969:22:LL_TIM_OC_EnablePreload	24	static
../../Drivers/STM32F4xx_HAL_Driver/Inc/stm32f4xx_ll_tim.h:2120:22:LL_TIM_OC_SetCompareCH1	16	static
../../Drivers/STM32F4xx_HAL_Driver/Inc/stm32f4xx_ll_tim.h:3493:22:LL_TIM_EnableIT_CC1	16	static
../../Drivers/STM32F4xx_HAL_Driver/Inc/stm32f4xx_ll_tim.h:3969:22:LL_TIM_GenerateEvent_UPDATE	16	static
/home/tim/Programme/Quadstar/Quadsoft/TIM_PWMOutput/Src/main.c:79:5:main	8	static
/home/tim/Programme/Quadstar/Quadsoft/TIM_PWMOutput/Src/main.c:107:23:Configure_TIMPWMOutput	16	static
/home/tim/Programme/Quadstar/Quadsoft/TIM_PWMOutput/Src/main.c:199:22:Configure_DutyCycle	24	static
/home/tim/Programme/Quadstar/Quadsoft/TIM_PWMOutput/Src/main.c:218:22:LED_Init	8	static
/home/tim/Programme/Quadstar/Quadsoft/TIM_PWMOutput/Src/main.c:238:22:UserButton_Init	8	static
/home/tim/Programme/Quadstar/Quadsoft/TIM_PWMOutput/Src/main.c:278:6:SystemClock_Config	8	static
/home/tim/Programme/Quadstar/Quadsoft/TIM_PWMOutput/Src/main.c:324:6:UserButton_Callback	8	static
/home/tim/Programme/Quadstar/Quadsoft/TIM_PWMOutput/Src/main.c:338:6:TimerCaptureCompare_Callback	16	static
