../../Drivers/CMSIS/Include/core_cm4.h:1684:22:__NVIC_EnableIRQ	2
../../Drivers/CMSIS/Include/core_cm4.h:1814:22:__NVIC_SetPriority	2
../../Drivers/CMSIS/Include/core_cm4.h:2022:26:SysTick_Config	2
../../Drivers/STM32F4xx_HAL_Driver/Inc/stm32f4xx_ll_bus.h:409:22:LL_AHB1_GRP1_EnableClock	1
../../Drivers/STM32F4xx_HAL_Driver/Inc/stm32f4xx_ll_bus.h:1185:22:LL_APB1_GRP1_EnableClock	1
../../Drivers/STM32F4xx_HAL_Driver/Inc/stm32f4xx_ll_bus.h:1704:22:LL_APB2_GRP1_EnableClock	1
../../Drivers/STM32F4xx_HAL_Driver/Inc/stm32f4xx_ll_rcc.h:2929:22:LL_RCC_HSE_EnableBypass	1
../../Drivers/STM32F4xx_HAL_Driver/Inc/stm32f4xx_ll_rcc.h:2949:22:LL_RCC_HSE_Enable	1
../../Drivers/STM32F4xx_HAL_Driver/Inc/stm32f4xx_ll_rcc.h:2969:26:LL_RCC_HSE_IsReady	1
../../Drivers/STM32F4xx_HAL_Driver/Inc/stm32f4xx_ll_rcc.h:3188:22:LL_RCC_SetSysClkSource	1
../../Drivers/STM32F4xx_HAL_Driver/Inc/stm32f4xx_ll_rcc.h:3204:26:LL_RCC_GetSysClkSource	1
../../Drivers/STM32F4xx_HAL_Driver/Inc/stm32f4xx_ll_rcc.h:3224:22:LL_RCC_SetAHBPrescaler	1
../../Drivers/STM32F4xx_HAL_Driver/Inc/stm32f4xx_ll_rcc.h:3240:22:LL_RCC_SetAPB1Prescaler	1
../../Drivers/STM32F4xx_HAL_Driver/Inc/stm32f4xx_ll_rcc.h:3256:22:LL_RCC_SetAPB2Prescaler	1
../../Drivers/STM32F4xx_HAL_Driver/Inc/stm32f4xx_ll_rcc.h:4184:22:LL_RCC_PLL_Enable	1
../../Drivers/STM32F4xx_HAL_Driver/Inc/stm32f4xx_ll_rcc.h:4205:26:LL_RCC_PLL_IsReady	1
../../Drivers/STM32F4xx_HAL_Driver/Inc/stm32f4xx_ll_rcc.h:4304:22:LL_RCC_PLL_ConfigDomain_SYS	1
../../Drivers/STM32F4xx_HAL_Driver/Inc/stm32f4xx_ll_system.h:671:22:LL_SYSCFG_SetEXTISource	2
../../Drivers/STM32F4xx_HAL_Driver/Inc/stm32f4xx_ll_system.h:1543:22:LL_FLASH_SetLatency	1
../../Drivers/STM32F4xx_HAL_Driver/Inc/stm32f4xx_ll_gpio.h:273:22:LL_GPIO_SetPinMode	3
../../Drivers/STM32F4xx_HAL_Driver/Inc/stm32f4xx_ll_gpio.h:413:22:LL_GPIO_SetPinSpeed	3
../../Drivers/STM32F4xx_HAL_Driver/Inc/stm32f4xx_ll_gpio.h:484:22:LL_GPIO_SetPinPull	3
../../Drivers/STM32F4xx_HAL_Driver/Inc/stm32f4xx_ll_gpio.h:556:22:LL_GPIO_SetAFPin_0_7	3
../../Drivers/STM32F4xx_HAL_Driver/Inc/stm32f4xx_ll_exti.h:268:22:LL_EXTI_EnableIT_0_31	1
../../Drivers/STM32F4xx_HAL_Driver/Inc/stm32f4xx_ll_exti.h:661:22:LL_EXTI_EnableFallingTrig_0_31	1
../../Drivers/STM32F4xx_HAL_Driver/Inc/stm32f4xx_ll_tim.h:1116:22:LL_TIM_EnableCounter	1
../../Drivers/STM32F4xx_HAL_Driver/Inc/stm32f4xx_ll_tim.h:1296:22:LL_TIM_EnableARRPreload	1
../../Drivers/STM32F4xx_HAL_Driver/Inc/stm32f4xx_ll_tim.h:1382:26:LL_TIM_GetCounter	1
../../Drivers/STM32F4xx_HAL_Driver/Inc/stm32f4xx_ll_tim.h:1411:22:LL_TIM_SetPrescaler	1
../../Drivers/STM32F4xx_HAL_Driver/Inc/stm32f4xx_ll_tim.h:1422:26:LL_TIM_GetPrescaler	1
../../Drivers/STM32F4xx_HAL_Driver/Inc/stm32f4xx_ll_tim.h:1438:22:LL_TIM_SetAutoReload	1
../../Drivers/STM32F4xx_HAL_Driver/Inc/stm32f4xx_ll_tim.h:1451:26:LL_TIM_GetAutoReload	1
../../Drivers/STM32F4xx_HAL_Driver/Inc/stm32f4xx_ll_tim.h:1612:22:LL_TIM_CC_EnableChannel	1
../../Drivers/STM32F4xx_HAL_Driver/Inc/stm32f4xx_ll_tim.h:1734:22:LL_TIM_OC_SetMode	7
../../Drivers/STM32F4xx_HAL_Driver/Inc/stm32f4xx_ll_tim.h:1969:22:LL_TIM_OC_EnablePreload	7
../../Drivers/STM32F4xx_HAL_Driver/Inc/stm32f4xx_ll_tim.h:2120:22:LL_TIM_OC_SetCompareCH1	1
../../Drivers/STM32F4xx_HAL_Driver/Inc/stm32f4xx_ll_tim.h:3493:22:LL_TIM_EnableIT_CC1	1
../../Drivers/STM32F4xx_HAL_Driver/Inc/stm32f4xx_ll_tim.h:3969:22:LL_TIM_GenerateEvent_UPDATE	1
/home/tim/Programme/Quadstar/Quadsoft/TIM_PWMOutput/Src/main.c:79:5:main	1
/home/tim/Programme/Quadstar/Quadsoft/TIM_PWMOutput/Src/main.c:107:23:Configure_TIMPWMOutput	3
/home/tim/Programme/Quadstar/Quadsoft/TIM_PWMOutput/Src/main.c:199:22:Configure_DutyCycle	1
/home/tim/Programme/Quadstar/Quadsoft/TIM_PWMOutput/Src/main.c:218:22:LED_Init	1
/home/tim/Programme/Quadstar/Quadsoft/TIM_PWMOutput/Src/main.c:238:22:UserButton_Init	1
/home/tim/Programme/Quadstar/Quadsoft/TIM_PWMOutput/Src/main.c:278:6:SystemClock_Config	4
/home/tim/Programme/Quadstar/Quadsoft/TIM_PWMOutput/Src/main.c:324:6:UserButton_Callback	1
/home/tim/Programme/Quadstar/Quadsoft/TIM_PWMOutput/Src/main.c:338:6:TimerCaptureCompare_Callback	1
