../../Drivers/STM32F4xx_HAL_Driver/Inc/stm32f4xx_ll_exti.h:834:26:LL_EXTI_IsActiveFlag_0_31	16	static
../../Drivers/STM32F4xx_HAL_Driver/Inc/stm32f4xx_ll_exti.h:910:22:LL_EXTI_ClearFlag_0_31	16	static
../../Drivers/STM32F4xx_HAL_Driver/Inc/stm32f4xx_ll_tim.h:3207:22:LL_TIM_ClearFlag_CC1	16	static
../../Drivers/STM32F4xx_HAL_Driver/Inc/stm32f4xx_ll_tim.h:3218:26:LL_TIM_IsActiveFlag_CC1	16	static
/home/tim/Programme/Quadstar/Quadsoft/TIM_PWMOutput/Src/stm32f4xx_it.c:49:6:NMI_Handler	4	static
/home/tim/Programme/Quadstar/Quadsoft/TIM_PWMOutput/Src/stm32f4xx_it.c:58:6:HardFault_Handler	4	static
/home/tim/Programme/Quadstar/Quadsoft/TIM_PWMOutput/Src/stm32f4xx_it.c:71:6:MemManage_Handler	4	static
/home/tim/Programme/Quadstar/Quadsoft/TIM_PWMOutput/Src/stm32f4xx_it.c:84:6:BusFault_Handler	4	static
/home/tim/Programme/Quadstar/Quadsoft/TIM_PWMOutput/Src/stm32f4xx_it.c:97:6:UsageFault_Handler	4	static
/home/tim/Programme/Quadstar/Quadsoft/TIM_PWMOutput/Src/stm32f4xx_it.c:110:6:SVC_Handler	4	static
/home/tim/Programme/Quadstar/Quadsoft/TIM_PWMOutput/Src/stm32f4xx_it.c:119:6:DebugMon_Handler	4	static
/home/tim/Programme/Quadstar/Quadsoft/TIM_PWMOutput/Src/stm32f4xx_it.c:128:6:PendSV_Handler	4	static
/home/tim/Programme/Quadstar/Quadsoft/TIM_PWMOutput/Src/stm32f4xx_it.c:137:6:SysTick_Handler	4	static
/home/tim/Programme/Quadstar/Quadsoft/TIM_PWMOutput/Src/stm32f4xx_it.c:153:6:TIM2_IRQHandler	8	static
/home/tim/Programme/Quadstar/Quadsoft/TIM_PWMOutput/Src/stm32f4xx_it.c:170:6:EXTI15_10_IRQHandler	8	static
