../../Drivers/CMSIS/Include/core_cm4.h:1684:22:__NVIC_EnableIRQ	2
../../Drivers/CMSIS/Include/core_cm4.h:1722:22:__NVIC_DisableIRQ	2
../../Drivers/CMSIS/Include/core_cm4.h:1814:22:__NVIC_SetPriority	2
../../Drivers/CMSIS/Include/core_cm4.h:2022:26:SysTick_Config	2
../../Drivers/STM32F4xx_HAL_Driver/Inc/stm32f4xx_ll_bus.h:409:22:LL_AHB1_GRP1_EnableClock	1
../../Drivers/STM32F4xx_HAL_Driver/Inc/stm32f4xx_ll_bus.h:1185:22:LL_APB1_GRP1_EnableClock	1
../../Drivers/STM32F4xx_HAL_Driver/Inc/stm32f4xx_ll_bus.h:1704:22:LL_APB2_GRP1_EnableClock	1
../../Drivers/STM32F4xx_HAL_Driver/Inc/stm32f4xx_ll_rcc.h:2929:22:LL_RCC_HSE_EnableBypass	1
../../Drivers/STM32F4xx_HAL_Driver/Inc/stm32f4xx_ll_rcc.h:2949:22:LL_RCC_HSE_Enable	1
../../Drivers/STM32F4xx_HAL_Driver/Inc/stm32f4xx_ll_rcc.h:2969:26:LL_RCC_HSE_IsReady	1
../../Drivers/STM32F4xx_HAL_Driver/Inc/stm32f4xx_ll_rcc.h:3188:22:LL_RCC_SetSysClkSource	1
../../Drivers/STM32F4xx_HAL_Driver/Inc/stm32f4xx_ll_rcc.h:3204:26:LL_RCC_GetSysClkSource	1
../../Drivers/STM32F4xx_HAL_Driver/Inc/stm32f4xx_ll_rcc.h:3224:22:LL_RCC_SetAHBPrescaler	1
../../Drivers/STM32F4xx_HAL_Driver/Inc/stm32f4xx_ll_rcc.h:3240:22:LL_RCC_SetAPB1Prescaler	1
../../Drivers/STM32F4xx_HAL_Driver/Inc/stm32f4xx_ll_rcc.h:3256:22:LL_RCC_SetAPB2Prescaler	1
../../Drivers/STM32F4xx_HAL_Driver/Inc/stm32f4xx_ll_rcc.h:4184:22:LL_RCC_PLL_Enable	1
../../Drivers/STM32F4xx_HAL_Driver/Inc/stm32f4xx_ll_rcc.h:4205:26:LL_RCC_PLL_IsReady	1
../../Drivers/STM32F4xx_HAL_Driver/Inc/stm32f4xx_ll_rcc.h:4304:22:LL_RCC_PLL_ConfigDomain_SYS	1
../../Drivers/STM32F4xx_HAL_Driver/Inc/stm32f4xx_ll_system.h:671:22:LL_SYSCFG_SetEXTISource	2
../../Drivers/STM32F4xx_HAL_Driver/Inc/stm32f4xx_ll_system.h:1543:22:LL_FLASH_SetLatency	1
../../Drivers/STM32F4xx_HAL_Driver/Inc/stm32f4xx_ll_gpio.h:273:22:LL_GPIO_SetPinMode	3
../../Drivers/STM32F4xx_HAL_Driver/Inc/stm32f4xx_ll_gpio.h:342:22:LL_GPIO_SetPinOutputType	1
../../Drivers/STM32F4xx_HAL_Driver/Inc/stm32f4xx_ll_gpio.h:413:22:LL_GPIO_SetPinSpeed	3
../../Drivers/STM32F4xx_HAL_Driver/Inc/stm32f4xx_ll_gpio.h:484:22:LL_GPIO_SetPinPull	3
../../Drivers/STM32F4xx_HAL_Driver/Inc/stm32f4xx_ll_gpio.h:556:22:LL_GPIO_SetAFPin_0_7	3
../../Drivers/STM32F4xx_HAL_Driver/Inc/stm32f4xx_ll_gpio.h:881:22:LL_GPIO_SetOutputPin	1
../../Drivers/STM32F4xx_HAL_Driver/Inc/stm32f4xx_ll_gpio.h:910:22:LL_GPIO_ResetOutputPin	1
../../Drivers/STM32F4xx_HAL_Driver/Inc/stm32f4xx_ll_gpio.h:939:22:LL_GPIO_TogglePin	1
../../Drivers/STM32F4xx_HAL_Driver/Inc/stm32f4xx_ll_exti.h:268:22:LL_EXTI_EnableIT_0_31	1
../../Drivers/STM32F4xx_HAL_Driver/Inc/stm32f4xx_ll_exti.h:661:22:LL_EXTI_EnableFallingTrig_0_31	1
../../Drivers/STM32F4xx_HAL_Driver/Inc/stm32f4xx_ll_usart.h:410:22:LL_USART_Enable	1
../../Drivers/STM32F4xx_HAL_Driver/Inc/stm32f4xx_ll_usart.h:497:22:LL_USART_SetTransferDirection	2
../../Drivers/STM32F4xx_HAL_Driver/Inc/stm32f4xx_ll_usart.h:850:22:LL_USART_ConfigCharacter	1
../../Drivers/STM32F4xx_HAL_Driver/Inc/stm32f4xx_ll_usart.h:1020:22:LL_USART_SetBaudRate	2
../../Drivers/STM32F4xx_HAL_Driver/Inc/stm32f4xx_ll_usart.h:2035:22:LL_USART_EnableIT_RXNE	2
../../Drivers/STM32F4xx_HAL_Driver/Inc/stm32f4xx_ll_usart.h:2096:22:LL_USART_EnableIT_ERROR	2
../../Drivers/STM32F4xx_HAL_Driver/Inc/stm32f4xx_ll_usart.h:2403:25:LL_USART_ReceiveData8	1
../../Drivers/STM32F4xx_HAL_Driver/Inc/stm32f4xx_ll_usart.h:2426:22:LL_USART_TransmitData8	1
/home/tim/Programme/Quadstar/Quadsoft/USART_Communication_Rx_IT/Src/main.c:59:5:main	1
/home/tim/Programme/Quadstar/Quadsoft/USART_Communication_Rx_IT/Src/main.c:96:6:Configure_USART	1
/home/tim/Programme/Quadstar/Quadsoft/USART_Communication_Rx_IT/Src/main.c:169:6:LED_Init	1
/home/tim/Programme/Quadstar/Quadsoft/USART_Communication_Rx_IT/Src/main.c:189:6:LED_On	1
/home/tim/Programme/Quadstar/Quadsoft/USART_Communication_Rx_IT/Src/main.c:200:6:LED_Off	1
/home/tim/Programme/Quadstar/Quadsoft/USART_Communication_Rx_IT/Src/main.c:215:6:LED_Blinking	1
/home/tim/Programme/Quadstar/Quadsoft/USART_Communication_Rx_IT/Src/main.c:230:6:UserButton_Init	1
/home/tim/Programme/Quadstar/Quadsoft/USART_Communication_Rx_IT/Src/main.c:270:6:SystemClock_Config	4
/home/tim/Programme/Quadstar/Quadsoft/USART_Communication_Rx_IT/Src/main.c:316:6:UserButton_Callback	1
/home/tim/Programme/Quadstar/Quadsoft/USART_Communication_Rx_IT/Src/main.c:330:6:USART_CharReception_Callback	4
/home/tim/Programme/Quadstar/Quadsoft/USART_Communication_Rx_IT/Src/main.c:363:6:Error_Callback	2
