../Drivers/CMSIS/Include/core_cm4.h:1684:22:__NVIC_EnableIRQ	16	static,ignoring_inline_asm
../Drivers/CMSIS/Include/core_cm4.h:1814:22:__NVIC_SetPriority	16	static
../Drivers/STM32F4xx_HAL_Driver/Inc/stm32f4xx_ll_bus.h:409:22:LL_AHB1_GRP1_EnableClock	24	static
../Drivers/STM32F4xx_HAL_Driver/Inc/stm32f4xx_ll_bus.h:1185:22:LL_APB1_GRP1_EnableClock	24	static
../Drivers/STM32F4xx_HAL_Driver/Inc/stm32f4xx_ll_gpio.h:273:22:LL_GPIO_SetPinMode	48	static,ignoring_inline_asm
../Drivers/STM32F4xx_HAL_Driver/Inc/stm32f4xx_ll_gpio.h:342:22:LL_GPIO_SetPinOutputType	24	static
../Drivers/STM32F4xx_HAL_Driver/Inc/stm32f4xx_ll_gpio.h:413:22:LL_GPIO_SetPinSpeed	48	static,ignoring_inline_asm
../Drivers/STM32F4xx_HAL_Driver/Inc/stm32f4xx_ll_gpio.h:484:22:LL_GPIO_SetPinPull	48	static,ignoring_inline_asm
../Drivers/STM32F4xx_HAL_Driver/Inc/stm32f4xx_ll_gpio.h:556:22:LL_GPIO_SetAFPin_0_7	48	static,ignoring_inline_asm
../Drivers/STM32F4xx_HAL_Driver/Inc/stm32f4xx_ll_gpio.h:881:22:LL_GPIO_SetOutputPin	16	static
../Drivers/STM32F4xx_HAL_Driver/Inc/stm32f4xx_ll_gpio.h:910:22:LL_GPIO_ResetOutputPin	16	static
../Drivers/STM32F4xx_HAL_Driver/Inc/stm32f4xx_ll_gpio.h:939:22:LL_GPIO_TogglePin	24	static
../Drivers/STM32F4xx_HAL_Driver/Inc/stm32f4xx_ll_usart.h:410:22:LL_USART_Enable	16	static
../Drivers/STM32F4xx_HAL_Driver/Inc/stm32f4xx_ll_usart.h:497:22:LL_USART_SetTransferDirection	40	static,ignoring_inline_asm
../Drivers/STM32F4xx_HAL_Driver/Inc/stm32f4xx_ll_usart.h:850:22:LL_USART_ConfigCharacter	24	static
../Drivers/STM32F4xx_HAL_Driver/Inc/stm32f4xx_ll_usart.h:1020:22:LL_USART_SetBaudRate	288	static
../Drivers/STM32F4xx_HAL_Driver/Inc/stm32f4xx_ll_usart.h:1814:26:LL_USART_IsActiveFlag_TXE	16	static
../Drivers/STM32F4xx_HAL_Driver/Inc/stm32f4xx_ll_usart.h:2035:22:LL_USART_EnableIT_RXNE	40	static,ignoring_inline_asm
../Drivers/STM32F4xx_HAL_Driver/Inc/stm32f4xx_ll_usart.h:2096:22:LL_USART_EnableIT_ERROR	40	static,ignoring_inline_asm
../Drivers/STM32F4xx_HAL_Driver/Inc/stm32f4xx_ll_usart.h:2403:25:LL_USART_ReceiveData8	16	static
../Drivers/STM32F4xx_HAL_Driver/Inc/stm32f4xx_ll_usart.h:2426:22:LL_USART_TransmitData8	16	static
../Core/Src/main.c:250:8:normQuaternion	48	static
../Core/Src/main.c:254:12:inverseQuaternion	136	static
../Core/Src/main.c:263:12:scaleQuaternion	128	static
../Core/Src/main.c:271:12:kreuzproduktQuaternion	184	static
../Core/Src/main.c:300:12:kardanwinkel2quaternion	200	static
../Core/Src/main.c:327:5:main	16	static
../Core/Src/main.c:416:6:SystemClock_Config	88	static
../Core/Src/main.c:464:13:MX_CRC_Init	8	static
../Core/Src/main.c:490:13:MX_RTC_Init	32	static
../Core/Src/main.c:553:13:MX_TIM1_Init	80	static
../Core/Src/main.c:630:13:MX_TIM2_Init	32	static
../Core/Src/main.c:675:6:MX_TIM3_Init	32	static
../Core/Src/main.c:719:13:MX_GPIO_Init	24	static
../Core/Src/main.c:742:6:USART_TransmitString	16	static
../Core/Src/main.c:755:13:MX_USART2_UART_Init	8	static
../Core/Src/main.c:847:6:USART_CharReception_Callback	16	static
../Core/Src/main.c:872:6:regelschritt	616	static
../Core/Src/main.c:1386:13:READ_ACCELEROMETER	8	static
../Core/Src/main.c:1400:13:READ_GYRO	8	static
../Core/Src/main.c:1414:13:READ_MAG	8	static
../Core/Src/main.c:1431:13:Quaternion2Eulerwinkel	168	static
../Core/Src/main.c:1454:6:LED_On	8	static
../Core/Src/main.c:1459:6:LED_Off	8	static
../Core/Src/main.c:1464:6:LED_Blinking	16	static
../Core/Src/main.c:1473:13:DWT_Init	4	static
../Core/Src/main.c:1484:13:DWT_Start	4	static
../Core/Src/main.c:1495:17:DWT_Stop	16	static
../Core/Src/main.c:1514:6:Error_Handler	4	static,ignoring_inline_asm
