../Drivers/CMSIS/Include/core_cm4.h:1684:22:__NVIC_EnableIRQ	2
../Drivers/CMSIS/Include/core_cm4.h:1814:22:__NVIC_SetPriority	2
../Drivers/STM32F4xx_HAL_Driver/Inc/stm32f4xx_ll_bus.h:409:22:LL_AHB1_GRP1_EnableClock	1
../Drivers/STM32F4xx_HAL_Driver/Inc/stm32f4xx_ll_bus.h:1185:22:LL_APB1_GRP1_EnableClock	1
../Drivers/STM32F4xx_HAL_Driver/Inc/stm32f4xx_ll_gpio.h:273:22:LL_GPIO_SetPinMode	3
../Drivers/STM32F4xx_HAL_Driver/Inc/stm32f4xx_ll_gpio.h:342:22:LL_GPIO_SetPinOutputType	1
../Drivers/STM32F4xx_HAL_Driver/Inc/stm32f4xx_ll_gpio.h:413:22:LL_GPIO_SetPinSpeed	3
../Drivers/STM32F4xx_HAL_Driver/Inc/stm32f4xx_ll_gpio.h:484:22:LL_GPIO_SetPinPull	3
../Drivers/STM32F4xx_HAL_Driver/Inc/stm32f4xx_ll_gpio.h:556:22:LL_GPIO_SetAFPin_0_7	3
../Drivers/STM32F4xx_HAL_Driver/Inc/stm32f4xx_ll_gpio.h:881:22:LL_GPIO_SetOutputPin	1
../Drivers/STM32F4xx_HAL_Driver/Inc/stm32f4xx_ll_gpio.h:910:22:LL_GPIO_ResetOutputPin	1
../Drivers/STM32F4xx_HAL_Driver/Inc/stm32f4xx_ll_gpio.h:939:22:LL_GPIO_TogglePin	1
../Drivers/STM32F4xx_HAL_Driver/Inc/stm32f4xx_ll_usart.h:410:22:LL_USART_Enable	1
../Drivers/STM32F4xx_HAL_Driver/Inc/stm32f4xx_ll_usart.h:497:22:LL_USART_SetTransferDirection	2
../Drivers/STM32F4xx_HAL_Driver/Inc/stm32f4xx_ll_usart.h:850:22:LL_USART_ConfigCharacter	1
../Drivers/STM32F4xx_HAL_Driver/Inc/stm32f4xx_ll_usart.h:1020:22:LL_USART_SetBaudRate	2
../Drivers/STM32F4xx_HAL_Driver/Inc/stm32f4xx_ll_usart.h:1814:26:LL_USART_IsActiveFlag_TXE	1
../Drivers/STM32F4xx_HAL_Driver/Inc/stm32f4xx_ll_usart.h:2035:22:LL_USART_EnableIT_RXNE	2
../Drivers/STM32F4xx_HAL_Driver/Inc/stm32f4xx_ll_usart.h:2096:22:LL_USART_EnableIT_ERROR	2
../Drivers/STM32F4xx_HAL_Driver/Inc/stm32f4xx_ll_usart.h:2403:25:LL_USART_ReceiveData8	1
../Drivers/STM32F4xx_HAL_Driver/Inc/stm32f4xx_ll_usart.h:2426:22:LL_USART_TransmitData8	1
../Core/Src/main.c:254:8:normQuaternion	1
../Core/Src/main.c:258:12:inverseQuaternion	1
../Core/Src/main.c:267:12:scaleQuaternion	1
../Core/Src/main.c:275:12:kreuzproduktQuaternion	1
../Core/Src/main.c:304:12:kardanangle2quaternion	1
../Core/Src/main.c:331:5:main	3
../Core/Src/main.c:446:6:SystemClock_Config	3
../Core/Src/main.c:494:13:MX_CRC_Init	2
../Core/Src/main.c:520:13:MX_RTC_Init	4
../Core/Src/main.c:583:13:MX_TIM1_Init	8
../Core/Src/main.c:660:13:MX_TIM2_Init	4
../Core/Src/main.c:705:6:MX_TIM3_Init	4
../Core/Src/main.c:749:13:MX_GPIO_Init	1
../Core/Src/main.c:772:6:USART_TransmitString	3
../Core/Src/main.c:785:13:MX_USART2_UART_Init	2
../Core/Src/main.c:877:6:USART_CharReception_Callback	2
../Core/Src/main.c:1370:7:update_motor_commands	4
../Core/Src/main.c:902:6:controller_step	20
../Core/Src/main.c:1455:13:READ_ACCELEROMETER	2
../Core/Src/main.c:1469:13:READ_GYRO	2
../Core/Src/main.c:1483:13:READ_MAG	2
../Core/Src/main.c:1500:12:Quaternion2Eulerangle	1
../Core/Src/main.c:1523:6:LED_On	1
../Core/Src/main.c:1528:6:LED_Off	1
../Core/Src/main.c:1533:6:LED_Blinking	1
../Core/Src/main.c:1542:13:DWT_Init	1
../Core/Src/main.c:1553:13:DWT_Start	1
../Core/Src/main.c:1564:17:DWT_Stop	1
../Core/Src/main.c:1583:6:Error_Handler	1
