Archive member included to satisfy reference by file (symbol)

/opt/st/stm32cubeide_1.16.0/plugins/com.st.stm32cube.ide.mcu.externaltools.gnu-tools-for-stm32.12.3.rel1.linux64_1.0.200.202406132123/tools/bin/../lib/gcc/arm-none-eabi/12.3.1/../../../../arm-none-eabi/lib/thumb/v7e-m+fp/hard/libc_nano.a(libc_a-exit.o)
                              /opt/st/stm32cubeide_1.16.0/plugins/com.st.stm32cube.ide.mcu.externaltools.gnu-tools-for-stm32.12.3.rel1.linux64_1.0.200.202406132123/tools/bin/../lib/gcc/arm-none-eabi/12.3.1/../../../../arm-none-eabi/lib/thumb/v7e-m+fp/hard/crt0.o (exit)
/opt/st/stm32cubeide_1.16.0/plugins/com.st.stm32cube.ide.mcu.externaltools.gnu-tools-for-stm32.12.3.rel1.linux64_1.0.200.202406132123/tools/bin/../lib/gcc/arm-none-eabi/12.3.1/../../../../arm-none-eabi/lib/thumb/v7e-m+fp/hard/libc_nano.a(libc_a-findfp.o)
                              /opt/st/stm32cubeide_1.16.0/plugins/com.st.stm32cube.ide.mcu.externaltools.gnu-tools-for-stm32.12.3.rel1.linux64_1.0.200.202406132123/tools/bin/../lib/gcc/arm-none-eabi/12.3.1/../../../../arm-none-eabi/lib/thumb/v7e-m+fp/hard/libc_nano.a(libc_a-exit.o) (__stdio_exit_handler)
/opt/st/stm32cubeide_1.16.0/plugins/com.st.stm32cube.ide.mcu.externaltools.gnu-tools-for-stm32.12.3.rel1.linux64_1.0.200.202406132123/tools/bin/../lib/gcc/arm-none-eabi/12.3.1/../../../../arm-none-eabi/lib/thumb/v7e-m+fp/hard/libc_nano.a(libc_a-fwalk.o)
                              /opt/st/stm32cubeide_1.16.0/plugins/com.st.stm32cube.ide.mcu.externaltools.gnu-tools-for-stm32.12.3.rel1.linux64_1.0.200.202406132123/tools/bin/../lib/gcc/arm-none-eabi/12.3.1/../../../../arm-none-eabi/lib/thumb/v7e-m+fp/hard/libc_nano.a(libc_a-findfp.o) (_fwalk_sglue)
/opt/st/stm32cubeide_1.16.0/plugins/com.st.stm32cube.ide.mcu.externaltools.gnu-tools-for-stm32.12.3.rel1.linux64_1.0.200.202406132123/tools/bin/../lib/gcc/arm-none-eabi/12.3.1/../../../../arm-none-eabi/lib/thumb/v7e-m+fp/hard/libc_nano.a(libc_a-stdio.o)
                              /opt/st/stm32cubeide_1.16.0/plugins/com.st.stm32cube.ide.mcu.externaltools.gnu-tools-for-stm32.12.3.rel1.linux64_1.0.200.202406132123/tools/bin/../lib/gcc/arm-none-eabi/12.3.1/../../../../arm-none-eabi/lib/thumb/v7e-m+fp/hard/libc_nano.a(libc_a-findfp.o) (__sread)
/opt/st/stm32cubeide_1.16.0/plugins/com.st.stm32cube.ide.mcu.externaltools.gnu-tools-for-stm32.12.3.rel1.linux64_1.0.200.202406132123/tools/bin/../lib/gcc/arm-none-eabi/12.3.1/../../../../arm-none-eabi/lib/thumb/v7e-m+fp/hard/libc_nano.a(libc_a-memset.o)
                              /opt/st/stm32cubeide_1.16.0/plugins/com.st.stm32cube.ide.mcu.externaltools.gnu-tools-for-stm32.12.3.rel1.linux64_1.0.200.202406132123/tools/bin/../lib/gcc/arm-none-eabi/12.3.1/../../../../arm-none-eabi/lib/thumb/v7e-m+fp/hard/crt0.o (memset)
/opt/st/stm32cubeide_1.16.0/plugins/com.st.stm32cube.ide.mcu.externaltools.gnu-tools-for-stm32.12.3.rel1.linux64_1.0.200.202406132123/tools/bin/../lib/gcc/arm-none-eabi/12.3.1/../../../../arm-none-eabi/lib/thumb/v7e-m+fp/hard/libc_nano.a(libc_a-closer.o)
                              /opt/st/stm32cubeide_1.16.0/plugins/com.st.stm32cube.ide.mcu.externaltools.gnu-tools-for-stm32.12.3.rel1.linux64_1.0.200.202406132123/tools/bin/../lib/gcc/arm-none-eabi/12.3.1/../../../../arm-none-eabi/lib/thumb/v7e-m+fp/hard/libc_nano.a(libc_a-stdio.o) (_close_r)
/opt/st/stm32cubeide_1.16.0/plugins/com.st.stm32cube.ide.mcu.externaltools.gnu-tools-for-stm32.12.3.rel1.linux64_1.0.200.202406132123/tools/bin/../lib/gcc/arm-none-eabi/12.3.1/../../../../arm-none-eabi/lib/thumb/v7e-m+fp/hard/libc_nano.a(libc_a-reent.o)
                              /opt/st/stm32cubeide_1.16.0/plugins/com.st.stm32cube.ide.mcu.externaltools.gnu-tools-for-stm32.12.3.rel1.linux64_1.0.200.202406132123/tools/bin/../lib/gcc/arm-none-eabi/12.3.1/../../../../arm-none-eabi/lib/thumb/v7e-m+fp/hard/libc_nano.a(libc_a-closer.o) (errno)
/opt/st/stm32cubeide_1.16.0/plugins/com.st.stm32cube.ide.mcu.externaltools.gnu-tools-for-stm32.12.3.rel1.linux64_1.0.200.202406132123/tools/bin/../lib/gcc/arm-none-eabi/12.3.1/../../../../arm-none-eabi/lib/thumb/v7e-m+fp/hard/libc_nano.a(libc_a-impure.o)
                              /opt/st/stm32cubeide_1.16.0/plugins/com.st.stm32cube.ide.mcu.externaltools.gnu-tools-for-stm32.12.3.rel1.linux64_1.0.200.202406132123/tools/bin/../lib/gcc/arm-none-eabi/12.3.1/../../../../arm-none-eabi/lib/thumb/v7e-m+fp/hard/libc_nano.a(libc_a-reent.o) (_impure_ptr)
/opt/st/stm32cubeide_1.16.0/plugins/com.st.stm32cube.ide.mcu.externaltools.gnu-tools-for-stm32.12.3.rel1.linux64_1.0.200.202406132123/tools/bin/../lib/gcc/arm-none-eabi/12.3.1/../../../../arm-none-eabi/lib/thumb/v7e-m+fp/hard/libc_nano.a(libc_a-lseekr.o)
                              /opt/st/stm32cubeide_1.16.0/plugins/com.st.stm32cube.ide.mcu.externaltools.gnu-tools-for-stm32.12.3.rel1.linux64_1.0.200.202406132123/tools/bin/../lib/gcc/arm-none-eabi/12.3.1/../../../../arm-none-eabi/lib/thumb/v7e-m+fp/hard/libc_nano.a(libc_a-stdio.o) (_lseek_r)
[...]
Memory Configuration

Name             Origin             Length             Attributes
RAM              0x20000000         0x00020000         xrw
ROM              0x08000000         0x00080000         xr
*default*        0x00000000         0xffffffff

Linker script and memory map

LOAD /opt/st/stm32cubeide_1.16.0/plugins/com.st.stm32cube.ide.mcu.externaltools.gnu-tools-for-stm32.12.3.rel1.linux64_1.0.200.202406132123/tools/bin/../lib/gcc/arm-none-eabi/12.3.1/thumb/v7e-m+fp/hard/crti.o
LOAD /opt/st/stm32cubeide_1.16.0/plugins/com.st.stm32cube.ide.mcu.externaltools.gnu-tools-for-stm32.12.3.rel1.linux64_1.0.200.202406132123/tools/bin/../lib/gcc/arm-none-eabi/12.3.1/thumb/v7e-m+fp/hard/crtbegin.o
LOAD /opt/st/stm32cubeide_1.16.0/plugins/com.st.stm32cube.ide.mcu.externaltools.gnu-tools-for-stm32.12.3.rel1.linux64_1.0.200.202406132123/tools/bin/../lib/gcc/arm-none-eabi/12.3.1/../../../../arm-none-eabi/lib/thumb/v7e-m+fp/hard/crt0.o
LOAD ./Drivers/CMSIS/system_stm32f4xx.o
LOAD ./Drivers/STM32F4xx_LL_Driver/stm32f4xx_ll_utils.o
LOAD ./Example/Startup/startup_stm32f411retx.o
LOAD ./Example/User/main.o
LOAD ./Example/User/stm32f4xx_it.o
LOAD ./Example/User/syscalls.o
LOAD ./Example/User/sysmem.o
START GROUP
LOAD /opt/st/stm32cubeide_1.16.0/plugins/com.st.stm32cube.ide.mcu.externaltools.gnu-tools-for-stm32.12.3.rel1.linux64_1.0.200.202406132123/tools/bin/../lib/gcc/arm-none-eabi/12.3.1/../../../../arm-none-eabi/lib/thumb/v7e-m+fp/hard/libc_nano.a
LOAD /opt/st/stm32cubeide_1.16.0/plugins/com.st.stm32cube.ide.mcu.externaltools.gnu-tools-for-stm32.12.3.rel1.linux64_1.0.200.202406132123/tools/bin/../lib/gcc/arm-none-eabi/12.3.1/../../../../arm-none-eabi/lib/thumb/v7e-m+fp/hard/libm.a
END GROUP
START GROUP
LOAD /opt/st/stm32cubeide_1.16.0/plugins/com.st.stm32cube.ide.mcu.externaltools.gnu-tools-for-stm32.12.3.rel1.linux64_1.0.200.202406132123/tools/bin/../lib/gcc/arm-none-eabi/12.3.1/thumb/v7e-m+fp/hard/libgcc.a
LOAD /opt/st/stm32cubeide_1.16.0/plugins/com.st.stm32cube.ide.mcu.externaltools.gnu-tools-for-stm32.12.3.rel1.linux64_1.0.200.202406132123/tools/bin/../lib/gcc/arm-none-eabi/12.3.1/../../../../arm-none-eabi/lib/thumb/v7e-m+fp/hard/libc_nano.a
END GROUP
START GROUP
LOAD /opt/st/stm32cubeide_1.16.0/plugins/com.st.stm32cube.ide.mcu.externaltools.gnu-tools-for-stm32.12.3.rel1.linux64_1.0.200.202406132123/tools/bin/../lib/gcc/arm-none-eabi/12.3.1/thumb/v7e-m+fp/hard/libgcc.a
LOAD /opt/st/stm32cubeide_1.16.0/plugins/com.st.stm32cube.ide.mcu.externaltools.gnu-tools-for-stm32.12.3.rel1.linux64_1.0.200.202406132123/tools/bin/../lib/gcc/arm-none-eabi/12.3.1/../../../../arm-none-eabi/lib/thumb/v7e-m+fp/hard/libc_nano.a
LOAD /opt/st/stm32cubeide_1.16.0/plugins/com.st.stm32cube.ide.mcu.externaltools.gnu-tools-for-stm32.12.3.rel1.linux64_1.0.200.202406132123/tools/bin/../lib/gcc/arm-none-eabi/12.3.1/../../../../arm-none-eabi/lib/thumb/v7e-m+fp/hard/libnosys.a
END GROUP
START GROUP
LOAD /opt/st/stm32cubeide_1.16.0/plugins/com.st.stm32cube.ide.mcu.externaltools.gnu-tools-for-stm32.12.3.rel1.linux64_1.0.200.202406132123/tools/bin/../lib/gcc/arm-none-eabi/12.3.1/thumb/v7e-m+fp/hard/libgcc.a
LOAD /opt/st/stm32cubeide_1.16.0/plugins/com.st.stm32cube.ide.mcu.externaltools.gnu-tools-for-stm32.12.3.rel1.linux64_1.0.200.202406132123/tools/bin/../lib/gcc/arm-none-eabi/12.3.1/../../../../arm-none-eabi/lib/thumb/v7e-m+fp/hard/libc_nano.a
LOAD /opt/st/stm32cubeide_1.16.0/plugins/com.st.stm32cube.ide.mcu.externaltools.gnu-tools-for-stm32.12.3.rel1.linux64_1.0.200.202406132123/tools/bin/../lib/gcc/arm-none-eabi/12.3.1/../../../../arm-none-eabi/lib/thumb/v7e-m+fp/hard/libnosys.a
END GROUP
LOAD /opt/st/stm32cubeide_1.16.0/plugins/com.st.stm32cube.ide.mcu.externaltools.gnu-tools-for-stm32.12.3.rel1.linux64_1.0.200.202406132123/tools/bin/../lib/gcc/arm-none-eabi/12.3.1/thumb/v7e-m+fp/hard/crtend.o
LOAD /opt/st/stm32cubeide_1.16.0/plugins/com.st.stm32cube.ide.mcu.externaltools.gnu-tools-for-stm32.12.3.rel1.linux64_1.0.200.202406132123/tools/bin/../lib/gcc/arm-none-eabi/12.3.1/thumb/v7e-m+fp/hard/crtn.o
                0x20020000                        _estack = (ORIGIN (RAM) + LENGTH (RAM))
                0x00000200                        _Min_Heap_Size = 0x200
                0x00000400                        _Min_Stack_Size = 0x400

.isr_vector     0x08000000      0x198
                0x08000000                        . = ALIGN (0x4)
 *(.isr_vector)
 .isr_vector    0x08000000      0x198 ./Example/Startup/startup_stm32f411retx.o
                0x08000000                g_pfnVectors
                0x08000198                        . = ALIGN (0x4)

.text           0x08000198      0xdd8
                0x08000198                        . = ALIGN (0x4)
 *(.text)
 .text          0x08000198       0x40 /opt/st/stm32cubeide_1.16.0/plugins/com.st.stm32cube.ide.mcu.externaltools.gnu-tools-for-stm32.12.3.rel1.linux64_1.0.200.202406132123/tools/bin/../lib/gcc/arm-none-eabi/12.3.1/thumb/v7e-m+fp/hard/crtbegin.o
 *(.text*)
 .text.SystemInit
                0x080001d8       0x6c ./Drivers/CMSIS/system_stm32f4xx.o
                0x080001d8                SystemInit
 .text.Reset_Handler
                0x08000244       0x50 ./Example/Startup/startup_stm32f411retx.o
                0x08000244                Reset_Handler
 .text.Default_Handler
                0x08000294        0x2 ./Example/Startup/startup_stm32f411retx.o
                0x08000294                RTC_Alarm_IRQHandler
                0x08000294                EXTI2_IRQHandler
                0x08000294                SPI4_IRQHandler
                0x08000294                TIM1_CC_IRQHandler
                0x08000294                DMA2_Stream5_IRQHandler
                0x08000294                DMA1_Stream5_IRQHandler
                0x08000294                PVD_IRQHandler
                0x08000294                SDIO_IRQHandler
                0x08000294                TAMP_STAMP_IRQHandler
                0x08000294                EXTI3_IRQHandler
                0x08000294                TIM1_UP_TIM10_IRQHandler
                0x08000294                I2C3_ER_IRQHandler
                0x08000294                EXTI0_IRQHandler
                0x08000294                I2C2_EV_IRQHandler
                0x08000294                DMA1_Stream2_IRQHandler
                0x08000294                FPU_IRQHandler
                0x08000294                DMA2_Stream2_IRQHandler
                0x08000294                SPI1_IRQHandler
                0x08000294                TIM1_BRK_TIM9_IRQHandler
                0x08000294                DMA2_Stream3_IRQHandler
                0x08000294                USART6_IRQHandler
                0x08000294                DMA2_Stream0_IRQHandler
                0x08000294                TIM4_IRQHandler
                0x08000294                I2C1_EV_IRQHandler
                0x08000294                DMA1_Stream6_IRQHandler
                0x08000294                DMA1_Stream1_IRQHandler
                0x08000294                TIM3_IRQHandler
                0x08000294                RCC_IRQHandler
                0x08000294                Default_Handler
                0x08000294                ADC_IRQHandler
                0x08000294                DMA1_Stream7_IRQHandler
                0x08000294                SPI5_IRQHandler
                0x08000294                TIM5_IRQHandler
                0x08000294                DMA2_Stream7_IRQHandler
                0x08000294                I2C3_EV_IRQHandler
                0x08000294                EXTI9_5_IRQHandler
                0x08000294                RTC_WKUP_IRQHandler
                0x08000294                SPI2_IRQHandler
                0x08000294                DMA1_Stream0_IRQHandler
                0x08000294                EXTI4_IRQHandler
                0x08000294                WWDG_IRQHandler
                0x08000294                OTG_FS_WKUP_IRQHandler
                0x08000294                TIM1_TRG_COM_TIM11_IRQHandler
                0x08000294                EXTI1_IRQHandler
                0x08000294                USART2_IRQHandler
                0x08000294                I2C2_ER_IRQHandler
                0x08000294                DMA2_Stream1_IRQHandler
                0x08000294                FLASH_IRQHandler
                0x08000294                DMA2_Stream4_IRQHandler
                0x08000294                USART1_IRQHandler
                0x08000294                OTG_FS_IRQHandler
                0x08000294                SPI3_IRQHandler
                0x08000294                DMA1_Stream4_IRQHandler
                0x08000294                I2C1_ER_IRQHandler
                0x08000294                DMA2_Stream6_IRQHandler
                0x08000294                DMA1_Stream3_IRQHandler
 *fill*         0x08000296        0x2 
 .text.__NVIC_EnableIRQ
                0x08000298       0x3c ./Example/User/main.o
 .text.__NVIC_SetPriority
                0x080002d4       0x54 ./Example/User/main.o
 .text.SysTick_Config
                0x08000328       0x44 ./Example/User/main.o
 .text.LL_AHB1_GRP1_EnableClock
                0x0800036c       0x30 ./Example/User/main.o
 .text.LL_APB1_GRP1_EnableClock
                0x0800039c       0x30 ./Example/User/main.o
 .text.LL_APB2_GRP1_EnableClock
                0x080003cc       0x30 ./Example/User/main.o
 .text.LL_RCC_HSE_EnableBypass
                0x080003fc       0x20 ./Example/User/main.o
 .text.LL_RCC_HSE_Enable
                0x0800041c       0x20 ./Example/User/main.o
 .text.LL_RCC_HSE_IsReady
                0x0800043c       0x28 ./Example/User/main.o
 .text.LL_RCC_SetSysClkSource
                0x08000464       0x28 ./Example/User/main.o
 .text.LL_RCC_GetSysClkSource
                0x0800048c       0x1c ./Example/User/main.o
 .text.LL_RCC_SetAHBPrescaler
                0x080004a8       0x28 ./Example/User/main.o
 .text.LL_RCC_SetAPB1Prescaler
                0x080004d0       0x28 ./Example/User/main.o
 .text.LL_RCC_SetAPB2Prescaler
                0x080004f8       0x28 ./Example/User/main.o
 .text.LL_RCC_PLL_Enable
                0x08000520       0x20 ./Example/User/main.o
 .text.LL_RCC_PLL_IsReady
                0x08000540       0x28 ./Example/User/main.o
 .text.LL_RCC_PLL_ConfigDomain_SYS
                0x08000568       0x4c ./Example/User/main.o
 .text.LL_SYSCFG_SetEXTISource
                0x080005b4       0x6c ./Example/User/main.o
 .text.LL_FLASH_SetLatency
                0x08000620       0x28 ./Example/User/main.o
 .text.LL_GPIO_SetPinMode
                0x08000648       0x7a ./Example/User/main.o
 .text.LL_GPIO_SetPinSpeed
                0x080006c2       0x7a ./Example/User/main.o
 .text.LL_GPIO_SetPinPull
                0x0800073c       0x7a ./Example/User/main.o
 .text.LL_GPIO_SetAFPin_0_7
                0x080007b6       0x7a ./Example/User/main.o
 .text.LL_EXTI_EnableIT_0_31
                0x08000830       0x24 ./Example/User/main.o
 .text.LL_EXTI_EnableFallingTrig_0_31
                0x08000854       0x24 ./Example/User/main.o
 .text.LL_TIM_EnableCounter
                0x08000878       0x20 ./Example/User/main.o
 .text.LL_TIM_EnableARRPreload
                0x08000898       0x20 ./Example/User/main.o
 .text.LL_TIM_GetCounter
                0x080008b8       0x18 ./Example/User/main.o
 .text.LL_TIM_SetPrescaler
                0x080008d0       0x1c ./Example/User/main.o
 .text.LL_TIM_GetPrescaler
                0x080008ec       0x18 ./Example/User/main.o
 .text.LL_TIM_SetAutoReload
                0x08000904       0x1c ./Example/User/main.o
 .text.LL_TIM_GetAutoReload
                0x08000920       0x18 ./Example/User/main.o
 .text.LL_TIM_CC_EnableChannel
                0x08000938       0x22 ./Example/User/main.o
 *fill*         0x0800095a        0x2 
 .text.LL_TIM_OC_SetMode
                0x0800095c       0x9c ./Example/User/main.o
 .text.LL_TIM_OC_EnablePreload
                0x080009f8       0x88 ./Example/User/main.o
 .text.LL_TIM_OC_SetCompareCH1
                0x08000a80       0x1c ./Example/User/main.o
 .text.LL_TIM_EnableIT_CC1
                0x08000a9c       0x20 ./Example/User/main.o
 .text.LL_TIM_GenerateEvent_UPDATE
                0x08000abc       0x20 ./Example/User/main.o
 .text.main     0x08000adc       0x18 ./Example/User/main.o
                0x08000adc                main
 .text.Configure_TIMPWMOutput
                0x08000af4      0x12c ./Example/User/main.o
 .text.Configure_DutyCycle
                0x08000c20       0x40 ./Example/User/main.o
 .text.LED_Init
                0x08000c60       0x1c ./Example/User/main.o
 .text.UserButton_Init
                0x08000c7c       0x5c ./Example/User/main.o
 .text.SystemClock_Config
                0x08000cd8       0x84 ./Example/User/main.o
 .text.UserButton_Callback
                0x08000d5c       0x4c ./Example/User/main.o
                0x08000d5c                UserButton_Callback
 .text.TimerCaptureCompare_Callback
                0x08000da8       0x30 ./Example/User/main.o
                0x08000da8                TimerCaptureCompare_Callback
 .text.LL_EXTI_IsActiveFlag_0_31
                0x08000dd8       0x2c ./Example/User/stm32f4xx_it.o
 .text.LL_EXTI_ClearFlag_0_31
                0x08000e04       0x20 ./Example/User/stm32f4xx_it.o
 .text.LL_TIM_ClearFlag_CC1
                0x08000e24       0x1c ./Example/User/stm32f4xx_it.o
 .text.LL_TIM_IsActiveFlag_CC1
                0x08000e40       0x26 ./Example/User/stm32f4xx_it.o
 .text.NMI_Handler
                0x08000e66        0xe ./Example/User/stm32f4xx_it.o
                0x08000e66                NMI_Handler
 .text.HardFault_Handler
                0x08000e74        0x8 ./Example/User/stm32f4xx_it.o
                0x08000e74                HardFault_Handler
 .text.MemManage_Handler
                0x08000e7c        0x8 ./Example/User/stm32f4xx_it.o
                0x08000e7c                MemManage_Handler
 .text.BusFault_Handler
                0x08000e84        0x8 ./Example/User/stm32f4xx_it.o
                0x08000e84                BusFault_Handler
 .text.UsageFault_Handler
                0x08000e8c        0x8 ./Example/User/stm32f4xx_it.o
                0x08000e8c                UsageFault_Handler
 .text.SVC_Handler
                0x08000e94        0xe ./Example/User/stm32f4xx_it.o
                0x08000e94                SVC_Handler
 .text.DebugMon_Handler
                0x08000ea2        0xe ./Example/User/stm32f4xx_it.o
                0x08000ea2                DebugMon_Handler
 .text.PendSV_Handler
                0x08000eb0        0xe ./Example/User/stm32f4xx_it.o
                0x08000eb0                PendSV_Handler
 .text.SysTick_Handler
                0x08000ebe        0xe ./Example/User/stm32f4xx_it.o
                0x08000ebe                SysTick_Handler
 .text.TIM2_IRQHandler
                0x08000ecc       0x22 ./Example/User/stm32f4xx_it.o
                0x08000ecc                TIM2_IRQHandler
 .text.EXTI15_10_IRQHandler
                0x08000eee       0x22 ./Example/User/stm32f4xx_it.o
                0x08000eee                EXTI15_10_IRQHandler
 .text.__libc_init_array
                0x08000f10       0x48 /opt/st/stm32cubeide_1.16.0/plugins/com.st.stm32cube.ide.mcu.externaltools.gnu-tools-for-stm32.12.3.rel1.linux64_1.0.200.202406132123/tools/bin/../lib/gcc/arm-none-eabi/12.3.1/../../../../arm-none-eabi/lib/thumb/v7e-m+fp/hard/libc_nano.a(libc_a-init.o)
                0x08000f10                __libc_init_array
 *(.glue_7)
 .glue_7        0x08000f58        0x0 linker stubs
 *(.glue_7t)
 .glue_7t       0x08000f58        0x0 linker stubs
 *(.eh_frame)
 .eh_frame      0x08000f58        0x0 /opt/st/stm32cubeide_1.16.0/plugins/com.st.stm32cube.ide.mcu.externaltools.gnu-tools-for-stm32.12.3.rel1.linux64_1.0.200.202406132123/tools/bin/../lib/gcc/arm-none-eabi/12.3.1/thumb/v7e-m+fp/hard/crtbegin.o
 *(.init)
 .init          0x08000f58        0x4 /opt/st/stm32cubeide_1.16.0/plugins/com.st.stm32cube.ide.mcu.externaltools.gnu-tools-for-stm32.12.3.rel1.linux64_1.0.200.202406132123/tools/bin/../lib/gcc/arm-none-eabi/12.3.1/thumb/v7e-m+fp/hard/crti.o
                0x08000f58                _init
 .init          0x08000f5c        0x8 /opt/st/stm32cubeide_1.16.0/plugins/com.st.stm32cube.ide.mcu.externaltools.gnu-tools-for-stm32.12.3.rel1.linux64_1.0.200.202406132123/tools/bin/../lib/gcc/arm-none-eabi/12.3.1/thumb/v7e-m+fp/hard/crtn.o
 *(.fini)
 .fini          0x08000f64        0x4 /opt/st/stm32cubeide_1.16.0/plugins/com.st.stm32cube.ide.mcu.externaltools.gnu-tools-for-stm32.12.3.rel1.linux64_1.0.200.202406132123/tools/bin/../lib/gcc/arm-none-eabi/12.3.1/thumb/v7e-m+fp/hard/crti.o
                0x08000f64                _fini
 .fini          0x08000f68        0x8 /opt/st/stm32cubeide_1.16.0/plugins/com.st.stm32cube.ide.mcu.externaltools.gnu-tools-for-stm32.12.3.rel1.linux64_1.0.200.202406132123/tools/bin/../lib/gcc/arm-none-eabi/12.3.1/thumb/v7e-m+fp/hard/crtn.o
                0x08000f70                        . = ALIGN (0x4)
                0x08000f70                        _etext = .

.vfp11_veneer   0x08000f70        0x0
 .vfp11_veneer  0x08000f70        0x0 linker stubs

.v4_bx          0x08000f70        0x0
 .v4_bx         0x08000f70        0x0 linker stubs

.iplt           0x08000f70        0x0
 .iplt          0x08000f70        0x0 /opt/st/stm32cubeide_1.16.0/plugins/com.st.stm32cube.ide.mcu.externaltools.gnu-tools-for-stm32.12.3.rel1.linux64_1.0.200.202406132123/tools/bin/../lib/gcc/arm-none-eabi/12.3.1/thumb/v7e-m+fp/hard/crtbegin.o

.rodata         0x08000f70       0x10
                0x08000f70                        . = ALIGN (0x4)
 *(.rodata)
 *(.rodata*)
 .rodata.OFFSET_TAB_CCMRx
                0x08000f70        0x7 ./Example/User/main.o
 *fill*         0x08000f77        0x1 
 .rodata.SHIFT_TAB_OCxx
                0x08000f78        0x7 ./Example/User/main.o
                0x08000f80                        . = ALIGN (0x4)
 *fill*         0x08000f7f        0x1 

.rel.dyn        0x08000f80        0x0
 .rel.iplt      0x08000f80        0x0 /opt/st/stm32cubeide_1.16.0/plugins/com.st.stm32cube.ide.mcu.externaltools.gnu-tools-for-stm32.12.3.rel1.linux64_1.0.200.202406132123/tools/bin/../lib/gcc/arm-none-eabi/12.3.1/thumb/v7e-m+fp/hard/crtbegin.o

.ARM.extab      0x08000f80        0x0
                0x08000f80                        . = ALIGN (0x4)
 *(.ARM.extab* .gnu.linkonce.armextab.*)
                0x08000f80                        . = ALIGN (0x4)

.ARM            0x08000f80        0x0
                0x08000f80                        . = ALIGN (0x4)
                0x08000f80                        __exidx_start = .
 *(.ARM.exidx*)
                0x08000f80                        __exidx_end = .
                0x08000f80                        . = ALIGN (0x4)

.preinit_array  0x08000f80        0x0
                0x08000f80                        . = ALIGN (0x4)
                0x08000f80                        PROVIDE (__preinit_array_start = .)
 *(.preinit_array*)
                0x08000f80                        PROVIDE (__preinit_array_end = .)
                0x08000f80                        . = ALIGN (0x4)

.init_array     0x08000f80        0x4
                0x08000f80                        . = ALIGN (0x4)
                0x08000f80                        PROVIDE (__init_array_start = .)
 *(SORT_BY_NAME(.init_array.*))
 *(.init_array*)
 .init_array    0x08000f80        0x4 /opt/st/stm32cubeide_1.16.0/plugins/com.st.stm32cube.ide.mcu.externaltools.gnu-tools-for-stm32.12.3.rel1.linux64_1.0.200.202406132123/tools/bin/../lib/gcc/arm-none-eabi/12.3.1/thumb/v7e-m+fp/hard/crtbegin.o
                0x08000f84                        PROVIDE (__init_array_end = .)
                0x08000f84                        . = ALIGN (0x4)

.fini_array     0x08000f84        0x4
                0x08000f84                        . = ALIGN (0x4)
                [!provide]                        PROVIDE (__fini_array_start = .)
 *(SORT_BY_NAME(.fini_array.*))
 *(.fini_array*)
 .fini_array    0x08000f84        0x4 /opt/st/stm32cubeide_1.16.0/plugins/com.st.stm32cube.ide.mcu.externaltools.gnu-tools-for-stm32.12.3.rel1.linux64_1.0.200.202406132123/tools/bin/../lib/gcc/arm-none-eabi/12.3.1/thumb/v7e-m+fp/hard/crtbegin.o
                [!provide]                        PROVIDE (__fini_array_end = .)
                0x08000f88                        . = ALIGN (0x4)
                0x08000f88                        _sidata = LOADADDR (.data)

.data           0x20000000       0x34 load address 0x08000f88
                0x20000000                        . = ALIGN (0x4)
                0x20000000                        _sdata = .
 *(.data)
 *(.data*)
 .data.SystemCoreClock
                0x20000000        0x4 ./Drivers/CMSIS/system_stm32f4xx.o
                0x20000000                SystemCoreClock
 .data.aDutyCycle
                0x20000004       0x2c ./Example/User/main.o
 .data.TimOutClock
                0x20000030        0x4 ./Example/User/main.o
 *(.RamFunc)
 *(.RamFunc*)
                0x20000034                        . = ALIGN (0x4)
                0x20000034                        _edata = .

.igot.plt       0x20000034        0x0 load address 0x08000fbc
 .igot.plt      0x20000034        0x0 /opt/st/stm32cubeide_1.16.0/plugins/com.st.stm32cube.ide.mcu.externaltools.gnu-tools-for-stm32.12.3.rel1.linux64_1.0.200.202406132123/tools/bin/../lib/gcc/arm-none-eabi/12.3.1/thumb/v7e-m+fp/hard/crtbegin.o
                0x20000034                        . = ALIGN (0x4)

.bss            0x20000034       0x24 load address 0x08000fbc
                0x20000034                        _sbss = .
                0x20000034                        __bss_start__ = _sbss
 *(.bss)
 .bss           0x20000034       0x1c /opt/st/stm32cubeide_1.16.0/plugins/com.st.stm32cube.ide.mcu.externaltools.gnu-tools-for-stm32.12.3.rel1.linux64_1.0.200.202406132123/tools/bin/../lib/gcc/arm-none-eabi/12.3.1/thumb/v7e-m+fp/hard/crtbegin.o
 *(.bss*)
 .bss.iDutyCycle
                0x20000050        0x1 ./Example/User/main.o
 *fill*         0x20000051        0x3 
 .bss.uwMeasuredDutyCycle
                0x20000054        0x4 ./Example/User/main.o
                0x20000054                uwMeasuredDutyCycle
 *(COMMON)
                0x20000058                        . = ALIGN (0x4)
                0x20000058                        _ebss = .
                0x20000058                        __bss_end__ = _ebss

._user_heap_stack
                0x20000058      0x600 load address 0x08000fbc
                0x20000058                        . = ALIGN (0x8)
                [!provide]                        PROVIDE (end = .)
                0x20000058                        PROVIDE (_end = .)
                0x20000258                        . = (. + _Min_Heap_Size)
 *fill*         0x20000058      0x200 
                0x20000658                        . = (. + _Min_Stack_Size)
 *fill*         0x20000258      0x400 
                0x20000658                        . = ALIGN (0x8)

/DISCARD/
 libc.a(*)
 libm.a(*)
 libgcc.a(*)

.ARM.attributes
                0x00000000       0x30
 *(.ARM.attributes)
 .ARM.attributes
                0x00000000       0x22 /opt/st/stm32cubeide_1.16.0/plugins/com.st.stm32cube.ide.mcu.externaltools.gnu-tools-for-stm32.12.3.rel1.linux64_1.0.200.202406132123/tools/bin/../lib/gcc/arm-none-eabi/12.3.1/thumb/v7e-m+fp/hard/crti.o
 .ARM.attributes
                0x00000022       0x34 /opt/st/stm32cubeide_1.16.0/plugins/com.st.stm32cube.ide.mcu.externaltools.gnu-tools-for-stm32.12.3.rel1.linux64_1.0.200.202406132123/tools/bin/../lib/gcc/arm-none-eabi/12.3.1/thumb/v7e-m+fp/hard/crtbegin.o
 .ARM.attributes
                0x00000056       0x34 ./Drivers/CMSIS/system_stm32f4xx.o
 .ARM.attributes
                0x0000008a       0x21 ./Example/Startup/startup_stm32f411retx.o
 .ARM.attributes
                0x000000ab       0x34 ./Example/User/main.o
 .ARM.attributes
                0x000000df       0x34 ./Example/User/stm32f4xx_it.o
 .ARM.attributes
                0x00000113       0x34 /opt/st/stm32cubeide_1.16.0/plugins/com.st.stm32cube.ide.mcu.externaltools.gnu-tools-for-stm32.12.3.rel1.linux64_1.0.200.202406132123/tools/bin/../lib/gcc/arm-none-eabi/12.3.1/../../../../arm-none-eabi/lib/thumb/v7e-m+fp/hard/libc_nano.a(libc_a-init.o)
 .ARM.attributes
                0x00000147       0x22 /opt/st/stm32cubeide_1.16.0/plugins/com.st.stm32cube.ide.mcu.externaltools.gnu-tools-for-stm32.12.3.rel1.linux64_1.0.200.202406132123/tools/bin/../lib/gcc/arm-none-eabi/12.3.1/thumb/v7e-m+fp/hard/crtn.o
OUTPUT(TIM_PWMOutput.elf elf32-littlearm)
LOAD linker stubs
LOAD /opt/st/stm32cubeide_1.16.0/plugins/com.st.stm32cube.ide.mcu.externaltools.gnu-tools-for-stm32.12.3.rel1.linux64_1.0.200.202406132123/tools/bin/../lib/gcc/arm-none-eabi/12.3.1/../../../../arm-none-eabi/lib/thumb/v7e-m+fp/hard/libc.a
LOAD /opt/st/stm32cubeide_1.16.0/plugins/com.st.stm32cube.ide.mcu.externaltools.gnu-tools-for-stm32.12.3.rel1.linux64_1.0.200.202406132123/tools/bin/../lib/gcc/arm-none-eabi/12.3.1/../../../../arm-none-eabi/lib/thumb/v7e-m+fp/hard/libm.a
LOAD /opt/st/stm32cubeide_1.16.0/plugins/com.st.stm32cube.ide.mcu.externaltools.gnu-tools-for-stm32.12.3.rel1.linux64_1.0.200.202406132123/tools/bin/../lib/gcc/arm-none-eabi/12.3.1/thumb/v7e-m+fp/hard/libgcc.a

.debug_info     0x00000000     0x1f37
 .debug_info    0x00000000      0x537 ./Drivers/CMSIS/system_stm32f4xx.o
 .debug_info    0x00000537       0x30 ./Example/Startup/startup_stm32f411retx.o
 .debug_info    0x00000567     0x15cf ./Example/User/main.o
 .debug_info    0x00001b36      0x401 ./Example/User/stm32f4xx_it.o

.debug_abbrev   0x00000000      0x64e
 .debug_abbrev  0x00000000      0x11a ./Drivers/CMSIS/system_stm32f4xx.o
 .debug_abbrev  0x0000011a       0x24 ./Example/Startup/startup_stm32f411retx.o
 .debug_abbrev  0x0000013e      0x350 ./Example/User/main.o
 .debug_abbrev  0x0000048e      0x1c0 ./Example/User/stm32f4xx_it.o

.debug_aranges  0x00000000      0x268
 .debug_aranges
                0x00000000       0x28 ./Drivers/CMSIS/system_stm32f4xx.o
 .debug_aranges
                0x00000028       0x28 ./Example/Startup/startup_stm32f411retx.o
 .debug_aranges
                0x00000050      0x188 ./Example/User/main.o
 .debug_aranges
                0x000001d8       0x90 ./Example/User/stm32f4xx_it.o

.debug_rnglists
                0x00000000      0x1bf
 .debug_rnglists
                0x00000000       0x1a ./Drivers/CMSIS/system_stm32f4xx.o
 .debug_rnglists
                0x0000001a       0x19 ./Example/Startup/startup_stm32f411retx.o
 .debug_rnglists
                0x00000033      0x125 ./Example/User/main.o
 .debug_rnglists
                0x00000158       0x67 ./Example/User/stm32f4xx_it.o

.debug_macro    0x00000000     0xe8fa
 .debug_macro   0x00000000       0xda ./Drivers/CMSIS/system_stm32f4xx.o
 .debug_macro   0x000000da      0xaba ./Drivers/CMSIS/system_stm32f4xx.o
 .debug_macro   0x00000b94       0x2e ./Drivers/CMSIS/system_stm32f4xx.o
 .debug_macro   0x00000bc2       0x28 ./Drivers/CMSIS/system_stm32f4xx.o
 .debug_macro   0x00000bea       0x22 ./Drivers/CMSIS/system_stm32f4xx.o
 .debug_macro   0x00000c0c       0x8e ./Drivers/CMSIS/system_stm32f4xx.o
 .debug_macro   0x00000c9a       0x51 ./Drivers/CMSIS/system_stm32f4xx.o
 .debug_macro   0x00000ceb      0x103 ./Drivers/CMSIS/system_stm32f4xx.o
 .debug_macro   0x00000dee       0x6a ./Drivers/CMSIS/system_stm32f4xx.o
 .debug_macro   0x00000e58      0x1df ./Drivers/CMSIS/system_stm32f4xx.o
 .debug_macro   0x00001037       0x1c ./Drivers/CMSIS/system_stm32f4xx.o
 .debug_macro   0x00001053       0x22 ./Drivers/CMSIS/system_stm32f4xx.o
 .debug_macro   0x00001075       0xfb ./Drivers/CMSIS/system_stm32f4xx.o
 .debug_macro   0x00001170     0x1011 ./Drivers/CMSIS/system_stm32f4xx.o
 .debug_macro   0x00002181      0x11f ./Drivers/CMSIS/system_stm32f4xx.o
 .debug_macro   0x000022a0     0xb953 ./Drivers/CMSIS/system_stm32f4xx.o
 .debug_macro   0x0000dbf3       0x6d ./Drivers/CMSIS/system_stm32f4xx.o
 .debug_macro   0x0000dc60      0x131 ./Example/User/main.o
 .debug_macro   0x0000dd91      0x117 ./Example/User/main.o
 .debug_macro   0x0000dea8       0x61 ./Example/User/main.o
 .debug_macro   0x0000df09      0x149 ./Example/User/main.o
 .debug_macro   0x0000e052       0xe8 ./Example/User/main.o
 .debug_macro   0x0000e13a      0x5f3 ./Example/User/main.o
 .debug_macro   0x0000e72d       0x4c ./Example/User/main.o
 .debug_macro   0x0000e779      0x135 ./Example/User/stm32f4xx_it.o
 .debug_macro   0x0000e8ae       0x4c ./Example/User/stm32f4xx_it.o

.debug_line     0x00000000     0x19b2
 .debug_line    0x00000000      0x51c ./Drivers/CMSIS/system_stm32f4xx.o
 .debug_line    0x0000051c       0x7a ./Example/Startup/startup_stm32f411retx.o
 .debug_line    0x00000596      0xd57 ./Example/User/main.o
 .debug_line    0x000012ed      0x6c5 ./Example/User/stm32f4xx_it.o

.debug_str      0x00000000    0x5b433
 .debug_str     0x00000000    0x4fe37 ./Drivers/CMSIS/system_stm32f4xx.o
                              0x4ffa8 (size before relaxing)
 .debug_str     0x0004fe37       0x47 ./Example/Startup/startup_stm32f411retx.o
                                 0x8e (size before relaxing)
 .debug_str     0x0004fe7e     0xb441 ./Example/User/main.o
                              0x5b398 (size before relaxing)
 .debug_str     0x0005b2bf      0x174 ./Example/User/stm32f4xx_it.o
                              0x5aa30 (size before relaxing)

.comment        0x00000000       0x43
 .comment       0x00000000       0x43 ./Drivers/CMSIS/system_stm32f4xx.o
                                 0x44 (size before relaxing)
 .comment       0x00000043       0x44 ./Example/User/main.o
 .comment       0x00000043       0x44 ./Example/User/stm32f4xx_it.o

.debug_frame    0x00000000      0x928
 .debug_frame   0x00000000       0x58 ./Drivers/CMSIS/system_stm32f4xx.o
 .debug_frame   0x00000058      0x6bc ./Example/User/main.o
 .debug_frame   0x00000714      0x1e8 ./Example/User/stm32f4xx_it.o
 .debug_frame   0x000008fc       0x2c /opt/st/stm32cubeide_1.16.0/plugins/com.st.stm32cube.ide.mcu.externaltools.gnu-tools-for-stm32.12.3.rel1.linux64_1.0.200.202406132123/tools/bin/../lib/gcc/arm-none-eabi/12.3.1/../../../../arm-none-eabi/lib/thumb/v7e-m+fp/hard/libc_nano.a(libc_a-init.o)

.debug_line_str
                0x00000000       0x72
 .debug_line_str
                0x00000000       0x72 ./Example/Startup/startup_stm32f411retx.o
